../Core/Src/main.c:68:6:lcd_write_nibble	32	static
../Core/Src/main.c:79:6:lcd_send_cmd	24	static
../Core/Src/main.c:89:6:lcd_send_data	24	static
../Core/Src/main.c:96:6:lcd_init	8	static
../Core/Src/main.c:112:6:lcd_write_string	16	static
../Core/Src/main.c:118:6:lcd_set_cursor	24	static
../Core/Src/main.c:134:6:lcd_clear	8	static
../Core/Src/main.c:139:6:lcd_backlight	16	static
../Core/Src/main.c:152:5:main	8	static
../Core/Src/main.c:204:6:SystemClock_Config	96	static
../Core/Src/main.c:254:13:MX_I2C1_Init	8	static
../Core/Src/main.c:302:13:MX_GPIO_Init	24	static
../Core/Src/main.c:325:6:Error_Handler	4	static,ignoring_inline_asm
