../Core/Src/main.c:118:6:lcd_write_nibble	32	static
../Core/Src/main.c:129:6:lcd_send_cmd	24	static
../Core/Src/main.c:139:6:lcd_send_data	24	static
../Core/Src/main.c:146:6:lcd_init	8	static
../Core/Src/main.c:162:6:lcd_write_string	16	static
../Core/Src/main.c:168:6:lcd_set_cursor	24	static
../Core/Src/main.c:184:6:lcd_clear	8	static
../Core/Src/main.c:189:6:lcd_backlight	16	static
../Core/Src/main.c:196:6:lcd_write_char	16	static
../Core/Src/main.c:209:5:main	8	static
../Core/Src/main.c:312:6:SystemClock_Config	96	static
../Core/Src/main.c:362:13:MX_I2C1_Init	8	static
../Core/Src/main.c:410:13:MX_SPI1_Init	8	static
../Core/Src/main.c:450:13:MX_GPIO_Init	48	static
../Core/Src/main.c:509:6:SPI_write	16	static
../Core/Src/main.c:518:6:GLCD_data_write	16	static
../Core/Src/main.c:525:6:GLCD_command_write	16	static
../Core/Src/main.c:532:6:GLCD_init	8	static
../Core/Src/main.c:549:6:GLCD_setCursor	16	static
../Core/Src/main.c:554:6:GLCD_clear	16	static
../Core/Src/main.c:562:6:GLCD_putchar	32	static
../Core/Src/main.c:571:6:HAL_GPIO_EXTI_Callback	24	static
../Core/Src/main.c:586:9:keypad_decode	16	static
../Core/Src/main.c:668:6:Error_Handler	4	static,ignoring_inline_asm
