Archive member included to satisfy reference by file (symbol)

C:/ST/STM32CubeIDE_1.17.0/STM32CubeIDE/plugins/com.st.stm32cube.ide.mcu.externaltools.gnu-tools-for-stm32.12.3.rel1.win32_1.1.0.202410251130/tools/bin/../lib/gcc/arm-none-eabi/12.3.1/../../../../arm-none-eabi/lib/thumb/v7e-m+fp/hard\libc_nano.a(libc_a-exit.o)
                              C:/ST/STM32CubeIDE_1.17.0/STM32CubeIDE/plugins/com.st.stm32cube.ide.mcu.externaltools.gnu-tools-for-stm32.12.3.rel1.win32_1.1.0.202410251130/tools/bin/../lib/gcc/arm-none-eabi/12.3.1/../../../../arm-none-eabi/lib/thumb/v7e-m+fp/hard/crt0.o (exit)
C:/ST/STM32CubeIDE_1.17.0/STM32CubeIDE/plugins/com.st.stm32cube.ide.mcu.externaltools.gnu-tools-for-stm32.12.3.rel1.win32_1.1.0.202410251130/tools/bin/../lib/gcc/arm-none-eabi/12.3.1/../../../../arm-none-eabi/lib/thumb/v7e-m+fp/hard\libc_nano.a(libc_a-findfp.o)
                              C:/ST/STM32CubeIDE_1.17.0/STM32CubeIDE/plugins/com.st.stm32cube.ide.mcu.externaltools.gnu-tools-for-stm32.12.3.rel1.win32_1.1.0.202410251130/tools/bin/../lib/gcc/arm-none-eabi/12.3.1/../../../../arm-none-eabi/lib/thumb/v7e-m+fp/hard\libc_nano.a(libc_a-exit.o) (__stdio_exit_handler)
C:/ST/STM32CubeIDE_1.17.0/STM32CubeIDE/plugins/com.st.stm32cube.ide.mcu.externaltools.gnu-tools-for-stm32.12.3.rel1.win32_1.1.0.202410251130/tools/bin/../lib/gcc/arm-none-eabi/12.3.1/../../../../arm-none-eabi/lib/thumb/v7e-m+fp/hard\libc_nano.a(libc_a-fwalk.o)
                              C:/ST/STM32CubeIDE_1.17.0/STM32CubeIDE/plugins/com.st.stm32cube.ide.mcu.externaltools.gnu-tools-for-stm32.12.3.rel1.win32_1.1.0.202410251130/tools/bin/../lib/gcc/arm-none-eabi/12.3.1/../../../../arm-none-eabi/lib/thumb/v7e-m+fp/hard\libc_nano.a(libc_a-findfp.o) (_fwalk_sglue)
C:/ST/STM32CubeIDE_1.17.0/STM32CubeIDE/plugins/com.st.stm32cube.ide.mcu.externaltools.gnu-tools-for-stm32.12.3.rel1.win32_1.1.0.202410251130/tools/bin/../lib/gcc/arm-none-eabi/12.3.1/../../../../arm-none-eabi/lib/thumb/v7e-m+fp/hard\libc_nano.a(libc_a-stdio.o)
                              C:/ST/STM32CubeIDE_1.17.0/STM32CubeIDE/plugins/com.st.stm32cube.ide.mcu.externaltools.gnu-tools-for-stm32.12.3.rel1.win32_1.1.0.202410251130/tools/bin/../lib/gcc/arm-none-eabi/12.3.1/../../../../arm-none-eabi/lib/thumb/v7e-m+fp/hard\libc_nano.a(libc_a-findfp.o) (__sread)
C:/ST/STM32CubeIDE_1.17.0/STM32CubeIDE/plugins/com.st.stm32cube.ide.mcu.externaltools.gnu-tools-for-stm32.12.3.rel1.win32_1.1.0.202410251130/tools/bin/../lib/gcc/arm-none-eabi/12.3.1/../../../../arm-none-eabi/lib/thumb/v7e-m+fp/hard\libc_nano.a(libc_a-memset.o)
                              C:/ST/STM32CubeIDE_1.17.0/STM32CubeIDE/plugins/com.st.stm32cube.ide.mcu.externaltools.gnu-tools-for-stm32.12.3.rel1.win32_1.1.0.202410251130/tools/bin/../lib/gcc/arm-none-eabi/12.3.1/../../../../arm-none-eabi/lib/thumb/v7e-m+fp/hard/crt0.o (memset)
C:/ST/STM32CubeIDE_1.17.0/STM32CubeIDE/plugins/com.st.stm32cube.ide.mcu.externaltools.gnu-tools-for-stm32.12.3.rel1.win32_1.1.0.202410251130/tools/bin/../lib/gcc/arm-none-eabi/12.3.1/../../../../arm-none-eabi/lib/thumb/v7e-m+fp/hard\libc_nano.a(libc_a-closer.o)
                              C:/ST/STM32CubeIDE_1.17.0/STM32CubeIDE/plugins/com.st.stm32cube.ide.mcu.externaltools.gnu-tools-for-stm32.12.3.rel1.win32_1.1.0.202410251130/tools/bin/../lib/gcc/arm-none-eabi/12.3.1/../../../../arm-none-eabi/lib/thumb/v7e-m+fp/hard\libc_nano.a(libc_a-stdio.o) (_close_r)
C:/ST/STM32CubeIDE_1.17.0/STM32CubeIDE/plugins/com.st.stm32cube.ide.mcu.externaltools.gnu-tools-for-stm32.12.3.rel1.win32_1.1.0.202410251130/tools/bin/../lib/gcc/arm-none-eabi/12.3.1/../../../../arm-none-eabi/lib/thumb/v7e-m+fp/hard\libc_nano.a(libc_a-reent.o)
                              C:/ST/STM32CubeIDE_1.17.0/STM32CubeIDE/plugins/com.st.stm32cube.ide.mcu.externaltools.gnu-tools-for-stm32.12.3.rel1.win32_1.1.0.202410251130/tools/bin/../lib/gcc/arm-none-eabi/12.3.1/../../../../arm-none-eabi/lib/thumb/v7e-m+fp/hard\libc_nano.a(libc_a-closer.o) (errno)
C:/ST/STM32CubeIDE_1.17.0/STM32CubeIDE/plugins/com.st.stm32cube.ide.mcu.externaltools.gnu-tools-for-stm32.12.3.rel1.win32_1.1.0.202410251130/tools/bin/../lib/gcc/arm-none-eabi/12.3.1/../../../../arm-none-eabi/lib/thumb/v7e-m+fp/hard\libc_nano.a(libc_a-impure.o)
                              C:/ST/STM32CubeIDE_1.17.0/STM32CubeIDE/plugins/com.st.stm32cube.ide.mcu.externaltools.gnu-tools-for-stm32.12.3.rel1.win32_1.1.0.202410251130/tools/bin/../lib/gcc/arm-none-eabi/12.3.1/../../../../arm-none-eabi/lib/thumb/v7e-m+fp/hard\libc_nano.a(libc_a-reent.o) (_impure_ptr)
C:/ST/STM32CubeIDE_1.17.0/STM32CubeIDE/plugins/com.st.stm32cube.ide.mcu.externaltools.gnu-tools-for-stm32.12.3.rel1.win32_1.1.0.202410251130/tools/bin/../lib/gcc/arm-none-eabi/12.3.1/../../../../arm-none-eabi/lib/thumb/v7e-m+fp/hard\libc_nano.a(libc_a-lseekr.o)
[...]
Memory Configuration

Name             Origin             Length             Attributes
RAM              0x20000000         0x00018000         xrw
RAM2             0x10000000         0x00008000         xrw
FLASH            0x08000000         0x00100000         xr
*default*        0x00000000         0xffffffff

Linker script and memory map

LOAD C:/ST/STM32CubeIDE_1.17.0/STM32CubeIDE/plugins/com.st.stm32cube.ide.mcu.externaltools.gnu-tools-for-stm32.12.3.rel1.win32_1.1.0.202410251130/tools/bin/../lib/gcc/arm-none-eabi/12.3.1/thumb/v7e-m+fp/hard/crti.o
LOAD C:/ST/STM32CubeIDE_1.17.0/STM32CubeIDE/plugins/com.st.stm32cube.ide.mcu.externaltools.gnu-tools-for-stm32.12.3.rel1.win32_1.1.0.202410251130/tools/bin/../lib/gcc/arm-none-eabi/12.3.1/thumb/v7e-m+fp/hard/crtbegin.o
LOAD C:/ST/STM32CubeIDE_1.17.0/STM32CubeIDE/plugins/com.st.stm32cube.ide.mcu.externaltools.gnu-tools-for-stm32.12.3.rel1.win32_1.1.0.202410251130/tools/bin/../lib/gcc/arm-none-eabi/12.3.1/../../../../arm-none-eabi/lib/thumb/v7e-m+fp/hard/crt0.o
LOAD ./Core/Src/main.o
LOAD ./Core/Src/stm32l4xx_hal_msp.o
LOAD ./Core/Src/stm32l4xx_it.o
LOAD ./Core/Src/syscalls.o
LOAD ./Core/Src/sysmem.o
LOAD ./Core/Src/system_stm32l4xx.o
LOAD ./Core/Startup/startup_stm32l476rgtx.o
LOAD ./Drivers/STM32L4xx_HAL_Driver/Src/stm32l4xx_hal.o
LOAD ./Drivers/STM32L4xx_HAL_Driver/Src/stm32l4xx_hal_adc.o
LOAD ./Drivers/STM32L4xx_HAL_Driver/Src/stm32l4xx_hal_adc_ex.o
LOAD ./Drivers/STM32L4xx_HAL_Driver/Src/stm32l4xx_hal_cortex.o
LOAD ./Drivers/STM32L4xx_HAL_Driver/Src/stm32l4xx_hal_dac.o
LOAD ./Drivers/STM32L4xx_HAL_Driver/Src/stm32l4xx_hal_dac_ex.o
LOAD ./Drivers/STM32L4xx_HAL_Driver/Src/stm32l4xx_hal_dma.o
LOAD ./Drivers/STM32L4xx_HAL_Driver/Src/stm32l4xx_hal_dma_ex.o
LOAD ./Drivers/STM32L4xx_HAL_Driver/Src/stm32l4xx_hal_exti.o
LOAD ./Drivers/STM32L4xx_HAL_Driver/Src/stm32l4xx_hal_flash.o
LOAD ./Drivers/STM32L4xx_HAL_Driver/Src/stm32l4xx_hal_flash_ex.o
LOAD ./Drivers/STM32L4xx_HAL_Driver/Src/stm32l4xx_hal_flash_ramfunc.o
LOAD ./Drivers/STM32L4xx_HAL_Driver/Src/stm32l4xx_hal_gpio.o
LOAD ./Drivers/STM32L4xx_HAL_Driver/Src/stm32l4xx_hal_i2c.o
LOAD ./Drivers/STM32L4xx_HAL_Driver/Src/stm32l4xx_hal_i2c_ex.o
LOAD ./Drivers/STM32L4xx_HAL_Driver/Src/stm32l4xx_hal_pwr.o
LOAD ./Drivers/STM32L4xx_HAL_Driver/Src/stm32l4xx_hal_pwr_ex.o
LOAD ./Drivers/STM32L4xx_HAL_Driver/Src/stm32l4xx_hal_rcc.o
LOAD ./Drivers/STM32L4xx_HAL_Driver/Src/stm32l4xx_hal_rcc_ex.o
LOAD ./Drivers/STM32L4xx_HAL_Driver/Src/stm32l4xx_hal_spi.o
LOAD ./Drivers/STM32L4xx_HAL_Driver/Src/stm32l4xx_hal_spi_ex.o
LOAD ./Drivers/STM32L4xx_HAL_Driver/Src/stm32l4xx_hal_tim.o
LOAD ./Drivers/STM32L4xx_HAL_Driver/Src/stm32l4xx_hal_tim_ex.o
LOAD ./Drivers/STM32L4xx_HAL_Driver/Src/stm32l4xx_hal_uart.o
LOAD ./Drivers/STM32L4xx_HAL_Driver/Src/stm32l4xx_hal_uart_ex.o
START GROUP
LOAD C:/ST/STM32CubeIDE_1.17.0/STM32CubeIDE/plugins/com.st.stm32cube.ide.mcu.externaltools.gnu-tools-for-stm32.12.3.rel1.win32_1.1.0.202410251130/tools/bin/../lib/gcc/arm-none-eabi/12.3.1/../../../../arm-none-eabi/lib/thumb/v7e-m+fp/hard\libc_nano.a
LOAD C:/ST/STM32CubeIDE_1.17.0/STM32CubeIDE/plugins/com.st.stm32cube.ide.mcu.externaltools.gnu-tools-for-stm32.12.3.rel1.win32_1.1.0.202410251130/tools/bin/../lib/gcc/arm-none-eabi/12.3.1/../../../../arm-none-eabi/lib/thumb/v7e-m+fp/hard\libm.a
END GROUP
START GROUP
LOAD C:/ST/STM32CubeIDE_1.17.0/STM32CubeIDE/plugins/com.st.stm32cube.ide.mcu.externaltools.gnu-tools-for-stm32.12.3.rel1.win32_1.1.0.202410251130/tools/bin/../lib/gcc/arm-none-eabi/12.3.1/thumb/v7e-m+fp/hard\libgcc.a
LOAD C:/ST/STM32CubeIDE_1.17.0/STM32CubeIDE/plugins/com.st.stm32cube.ide.mcu.externaltools.gnu-tools-for-stm32.12.3.rel1.win32_1.1.0.202410251130/tools/bin/../lib/gcc/arm-none-eabi/12.3.1/../../../../arm-none-eabi/lib/thumb/v7e-m+fp/hard\libc_nano.a
END GROUP
START GROUP
LOAD C:/ST/STM32CubeIDE_1.17.0/STM32CubeIDE/plugins/com.st.stm32cube.ide.mcu.externaltools.gnu-tools-for-stm32.12.3.rel1.win32_1.1.0.202410251130/tools/bin/../lib/gcc/arm-none-eabi/12.3.1/thumb/v7e-m+fp/hard\libgcc.a
LOAD C:/ST/STM32CubeIDE_1.17.0/STM32CubeIDE/plugins/com.st.stm32cube.ide.mcu.externaltools.gnu-tools-for-stm32.12.3.rel1.win32_1.1.0.202410251130/tools/bin/../lib/gcc/arm-none-eabi/12.3.1/../../../../arm-none-eabi/lib/thumb/v7e-m+fp/hard\libc_nano.a
LOAD C:/ST/STM32CubeIDE_1.17.0/STM32CubeIDE/plugins/com.st.stm32cube.ide.mcu.externaltools.gnu-tools-for-stm32.12.3.rel1.win32_1.1.0.202410251130/tools/bin/../lib/gcc/arm-none-eabi/12.3.1/../../../../arm-none-eabi/lib/thumb/v7e-m+fp/hard\libnosys.a
END GROUP
START GROUP
LOAD C:/ST/STM32CubeIDE_1.17.0/STM32CubeIDE/plugins/com.st.stm32cube.ide.mcu.externaltools.gnu-tools-for-stm32.12.3.rel1.win32_1.1.0.202410251130/tools/bin/../lib/gcc/arm-none-eabi/12.3.1/thumb/v7e-m+fp/hard\libgcc.a
LOAD C:/ST/STM32CubeIDE_1.17.0/STM32CubeIDE/plugins/com.st.stm32cube.ide.mcu.externaltools.gnu-tools-for-stm32.12.3.rel1.win32_1.1.0.202410251130/tools/bin/../lib/gcc/arm-none-eabi/12.3.1/../../../../arm-none-eabi/lib/thumb/v7e-m+fp/hard\libc_nano.a
LOAD C:/ST/STM32CubeIDE_1.17.0/STM32CubeIDE/plugins/com.st.stm32cube.ide.mcu.externaltools.gnu-tools-for-stm32.12.3.rel1.win32_1.1.0.202410251130/tools/bin/../lib/gcc/arm-none-eabi/12.3.1/../../../../arm-none-eabi/lib/thumb/v7e-m+fp/hard\libnosys.a
END GROUP
LOAD C:/ST/STM32CubeIDE_1.17.0/STM32CubeIDE/plugins/com.st.stm32cube.ide.mcu.externaltools.gnu-tools-for-stm32.12.3.rel1.win32_1.1.0.202410251130/tools/bin/../lib/gcc/arm-none-eabi/12.3.1/thumb/v7e-m+fp/hard/crtend.o
LOAD C:/ST/STM32CubeIDE_1.17.0/STM32CubeIDE/plugins/com.st.stm32cube.ide.mcu.externaltools.gnu-tools-for-stm32.12.3.rel1.win32_1.1.0.202410251130/tools/bin/../lib/gcc/arm-none-eabi/12.3.1/thumb/v7e-m+fp/hard/crtn.o
                0x20018000                        _estack = (ORIGIN (RAM) + LENGTH (RAM))
                0x00000200                        _Min_Heap_Size = 0x200
                0x00000400                        _Min_Stack_Size = 0x400

.isr_vector     0x08000000      0x188
                0x08000000                        . = ALIGN (0x4)
 *(.isr_vector)
 .isr_vector    0x08000000      0x188 ./Core/Startup/startup_stm32l476rgtx.o
                0x08000000                g_pfnVectors
                0x08000188                        . = ALIGN (0x4)

.text           0x08000188     0x9314
                0x08000188                        . = ALIGN (0x4)
 *(.text)
 .text          0x08000188       0x40 C:/ST/STM32CubeIDE_1.17.0/STM32CubeIDE/plugins/com.st.stm32cube.ide.mcu.externaltools.gnu-tools-for-stm32.12.3.rel1.win32_1.1.0.202410251130/tools/bin/../lib/gcc/arm-none-eabi/12.3.1/thumb/v7e-m+fp/hard/crtbegin.o
 .text          0x080001c8       0x30 C:/ST/STM32CubeIDE_1.17.0/STM32CubeIDE/plugins/com.st.stm32cube.ide.mcu.externaltools.gnu-tools-for-stm32.12.3.rel1.win32_1.1.0.202410251130/tools/bin/../lib/gcc/arm-none-eabi/12.3.1/thumb/v7e-m+fp/hard\libgcc.a(_aeabi_uldivmod.o)
                0x080001c8                __aeabi_uldivmod
 .text          0x080001f8      0x2bc C:/ST/STM32CubeIDE_1.17.0/STM32CubeIDE/plugins/com.st.stm32cube.ide.mcu.externaltools.gnu-tools-for-stm32.12.3.rel1.win32_1.1.0.202410251130/tools/bin/../lib/gcc/arm-none-eabi/12.3.1/thumb/v7e-m+fp/hard\libgcc.a(_udivmoddi4.o)
                0x080001f8                __udivmoddi4
 .text          0x080004b4        0x4 C:/ST/STM32CubeIDE_1.17.0/STM32CubeIDE/plugins/com.st.stm32cube.ide.mcu.externaltools.gnu-tools-for-stm32.12.3.rel1.win32_1.1.0.202410251130/tools/bin/../lib/gcc/arm-none-eabi/12.3.1/thumb/v7e-m+fp/hard\libgcc.a(_dvmd_tls.o)
                0x080004b4                __aeabi_idiv0
                0x080004b4                __aeabi_ldiv0
 *(.text*)
 .text.lcd_write_nibble
                0x080004b8       0x84 ./Core/Src/main.o
                0x080004b8                lcd_write_nibble
 .text.lcd_send_cmd
                0x0800053c       0x46 ./Core/Src/main.o
                0x0800053c                lcd_send_cmd
 .text.lcd_send_data
                0x08000582       0x34 ./Core/Src/main.o
                0x08000582                lcd_send_data
 .text.lcd_init
                0x080005b6       0x5e ./Core/Src/main.o
                0x080005b6                lcd_init
 .text.lcd_write_string
                0x08000614       0x2a ./Core/Src/main.o
                0x08000614                lcd_write_string
 .text.lcd_set_cursor
                0x0800063e       0x4a ./Core/Src/main.o
                0x0800063e                lcd_set_cursor
 .text.lcd_backlight
                0x08000688       0x30 ./Core/Src/main.o
                0x08000688                lcd_backlight
 .text.Vpp_to_string
                0x080006b8      0x628 ./Core/Src/main.o
                0x080006b8                Vpp_to_string
 .text.freq_to_string
                0x08000ce0      0x1c4 ./Core/Src/main.o
                0x08000ce0                freq_to_string
 .text.main     0x08000ea4      0x1c4 ./Core/Src/main.o
                0x08000ea4                main
 .text.SystemClock_Config
                0x08001068       0xa2 ./Core/Src/main.o
                0x08001068                SystemClock_Config
 .text.PeriphCommonClock_Config
                0x0800110a       0x56 ./Core/Src/main.o
                0x0800110a                PeriphCommonClock_Config
 .text.MX_ADC1_Init
                0x08001160       0xec ./Core/Src/main.o
 .text.MX_ADC2_Init
                0x0800124c       0xc8 ./Core/Src/main.o
 .text.MX_DAC1_Init
                0x08001314       0x64 ./Core/Src/main.o
 .text.MX_I2C1_Init
                0x08001378       0x80 ./Core/Src/main.o
 .text.MX_SPI2_Init
                0x080013f8       0x7c ./Core/Src/main.o
 .text.MX_TIM2_Init
                0x08001474       0xec ./Core/Src/main.o
 .text.MX_USART2_UART_Init
                0x08001560       0x60 ./Core/Src/main.o
 .text.MX_DMA_Init
                0x080015c0       0x4c ./Core/Src/main.o
 .text.MX_GPIO_Init
                0x0800160c      0x148 ./Core/Src/main.o
 .text.HAL_TIM_PeriodElapsedCallback
                0x08001754       0x14 ./Core/Src/main.o
                0x08001754                HAL_TIM_PeriodElapsedCallback
 .text.uint16_to_str
                0x08001768       0xac ./Core/Src/main.o
                0x08001768                uint16_to_str
 .text.generate_sine_wave
                0x08001814       0x54 ./Core/Src/main.o
                0x08001814                generate_sine_wave
 .text.set_trigger_frequency
                0x08001868       0x48 ./Core/Src/main.o
                0x08001868                set_trigger_frequency
 .text.update_sine_wave
                0x080018b0       0x48 ./Core/Src/main.o
                0x080018b0                update_sine_wave
 .text.SPI_write
                0x080018f8       0x40 ./Core/Src/main.o
                0x080018f8                SPI_write
 .text.GLCD_data_write
                0x08001938       0x28 ./Core/Src/main.o
                0x08001938                GLCD_data_write
 .text.GLCD_command_write
                0x08001960       0x28 ./Core/Src/main.o
                0x08001960                GLCD_command_write
 .text.GLCD_init
                0x08001988       0x50 ./Core/Src/main.o
                0x08001988                GLCD_init
 .text.GLCD_setCursor
                0x080019d8       0x34 ./Core/Src/main.o
                0x080019d8                GLCD_setCursor
 .text.GLCD_clear
                0x08001a0c       0x30 ./Core/Src/main.o
                0x08001a0c                GLCD_clear
 .text.GLCD_putchar
                0x08001a3c       0x44 ./Core/Src/main.o
                0x08001a3c                GLCD_putchar
 .text.HAL_GPIO_EXTI_Callback
                0x08001a80      0x194 ./Core/Src/main.o
                0x08001a80                HAL_GPIO_EXTI_Callback
 .text.Error_Handler
                0x08001c14        0xc ./Core/Src/main.o
                0x08001c14                Error_Handler
 .text.HAL_MspInit
                0x08001c20       0x48 ./Core/Src/stm32l4xx_hal_msp.o
                0x08001c20                HAL_MspInit
 .text.HAL_ADC_MspInit
                0x08001c68      0x100 ./Core/Src/stm32l4xx_hal_msp.o
                0x08001c68                HAL_ADC_MspInit
 .text.HAL_DAC_MspInit
                0x08001d68       0xec ./Core/Src/stm32l4xx_hal_msp.o
                0x08001d68                HAL_DAC_MspInit
 .text.HAL_I2C_MspInit
                0x08001e54       0xbc ./Core/Src/stm32l4xx_hal_msp.o
                0x08001e54                HAL_I2C_MspInit
 .text.HAL_SPI_MspInit
                0x08001f10       0x88 ./Core/Src/stm32l4xx_hal_msp.o
                0x08001f10                HAL_SPI_MspInit
 .text.HAL_TIM_Base_MspInit
                0x08001f98       0x48 ./Core/Src/stm32l4xx_hal_msp.o
                0x08001f98                HAL_TIM_Base_MspInit
 .text.HAL_TIM_MspPostInit
                0x08001fe0       0x6c ./Core/Src/stm32l4xx_hal_msp.o
                0x08001fe0                HAL_TIM_MspPostInit
 .text.HAL_UART_MspInit
                0x0800204c      0x124 ./Core/Src/stm32l4xx_hal_msp.o
                0x0800204c                HAL_UART_MspInit
 .text.NMI_Handler
                0x08002170        0x8 ./Core/Src/stm32l4xx_it.o
                0x08002170                NMI_Handler
 .text.HardFault_Handler
                0x08002178        0x8 ./Core/Src/stm32l4xx_it.o
                0x08002178                HardFault_Handler
 .text.MemManage_Handler
                0x08002180        0x8 ./Core/Src/stm32l4xx_it.o
                0x08002180                MemManage_Handler
 .text.BusFault_Handler
                0x08002188        0x8 ./Core/Src/stm32l4xx_it.o
                0x08002188                BusFault_Handler
 .text.UsageFault_Handler
                0x08002190        0x8 ./Core/Src/stm32l4xx_it.o
                0x08002190                UsageFault_Handler
 .text.SVC_Handler
                0x08002198        0xe ./Core/Src/stm32l4xx_it.o
                0x08002198                SVC_Handler
 .text.DebugMon_Handler
                0x080021a6        0xe ./Core/Src/stm32l4xx_it.o
                0x080021a6                DebugMon_Handler
 .text.PendSV_Handler
                0x080021b4        0xe ./Core/Src/stm32l4xx_it.o
                0x080021b4                PendSV_Handler
 .text.SysTick_Handler
                0x080021c2        0xc ./Core/Src/stm32l4xx_it.o
                0x080021c2                SysTick_Handler
 .text.EXTI3_IRQHandler
                0x080021ce        0xe ./Core/Src/stm32l4xx_it.o
                0x080021ce                EXTI3_IRQHandler
 .text.EXTI4_IRQHandler
                0x080021dc        0xe ./Core/Src/stm32l4xx_it.o
                0x080021dc                EXTI4_IRQHandler
 *fill*         0x080021ea        0x2 
 .text.DMA1_Channel3_IRQHandler
                0x080021ec       0x14 ./Core/Src/stm32l4xx_it.o
                0x080021ec                DMA1_Channel3_IRQHandler
 .text.DMA1_Channel7_IRQHandler
                0x08002200       0x14 ./Core/Src/stm32l4xx_it.o
                0x08002200                DMA1_Channel7_IRQHandler
 .text.EXTI9_5_IRQHandler
                0x08002214       0x16 ./Core/Src/stm32l4xx_it.o
                0x08002214                EXTI9_5_IRQHandler
 *fill*         0x0800222a        0x2 
 .text.TIM2_IRQHandler
                0x0800222c       0x14 ./Core/Src/stm32l4xx_it.o
                0x0800222c                TIM2_IRQHandler
 .text.USART2_IRQHandler
                0x08002240       0x14 ./Core/Src/stm32l4xx_it.o
                0x08002240                USART2_IRQHandler
 .text.EXTI15_10_IRQHandler
                0x08002254       0x18 ./Core/Src/stm32l4xx_it.o
                0x08002254                EXTI15_10_IRQHandler
 .text.TIM6_DAC_IRQHandler
                0x0800226c       0x14 ./Core/Src/stm32l4xx_it.o
                0x0800226c                TIM6_DAC_IRQHandler
 .text.SystemInit
                0x08002280       0x24 ./Core/Src/system_stm32l4xx.o
                0x08002280                SystemInit
 .text.Reset_Handler
                0x080022a4       0x50 ./Core/Startup/startup_stm32l476rgtx.o
                0x080022a4                Reset_Handler
 .text.Default_Handler
                0x080022f4        0x2 ./Core/Startup/startup_stm32l476rgtx.o
                0x080022f4                RTC_Alarm_IRQHandler
                0x080022f4                EXTI2_IRQHandler
                0x080022f4                TIM8_TRG_COM_IRQHandler
                0x080022f4                TIM8_CC_IRQHandler
                0x080022f4                TIM1_CC_IRQHandler
                0x080022f4                TSC_IRQHandler
                0x080022f4                TAMP_STAMP_IRQHandler
                0x080022f4                LPTIM2_IRQHandler
                0x080022f4                DFSDM1_FLT1_IRQHandler
                0x080022f4                I2C3_ER_IRQHandler
                0x080022f4                DFSDM1_FLT2_IRQHandler
                0x080022f4                EXTI0_IRQHandler
                0x080022f4                I2C2_EV_IRQHandler
                0x080022f4                CAN1_RX0_IRQHandler
                0x080022f4                FPU_IRQHandler
                0x080022f4                TIM1_UP_TIM16_IRQHandler
                0x080022f4                ADC1_2_IRQHandler
                0x080022f4                SPI1_IRQHandler
                0x080022f4                TIM8_UP_IRQHandler
                0x080022f4                DMA2_Channel2_IRQHandler
                0x080022f4                DMA1_Channel4_IRQHandler
                0x080022f4                SAI2_IRQHandler
                0x080022f4                DFSDM1_FLT3_IRQHandler
                0x080022f4                USART3_IRQHandler
                0x080022f4                CAN1_RX1_IRQHandler
                0x080022f4                LCD_IRQHandler
                0x080022f4                UART5_IRQHandler
                0x080022f4                ADC3_IRQHandler
                0x080022f4                TIM4_IRQHandler
                0x080022f4                DMA2_Channel1_IRQHandler
                0x080022f4                QUADSPI_IRQHandler
                0x080022f4                I2C1_EV_IRQHandler
                0x080022f4                DMA1_Channel6_IRQHandler
                0x080022f4                UART4_IRQHandler
                0x080022f4                DMA2_Channel4_IRQHandler
                0x080022f4                TIM3_IRQHandler
                0x080022f4                RCC_IRQHandler
                0x080022f4                DMA1_Channel1_IRQHandler
                0x080022f4                Default_Handler
                0x080022f4                DMA2_Channel7_IRQHandler
                0x080022f4                TIM7_IRQHandler
                0x080022f4                SDMMC1_IRQHandler
                0x080022f4                TIM5_IRQHandler
                0x080022f4                I2C3_EV_IRQHandler
                0x080022f4                RTC_WKUP_IRQHandler
                0x080022f4                PVD_PVM_IRQHandler
                0x080022f4                SPI2_IRQHandler
                0x080022f4                CAN1_TX_IRQHandler
                0x080022f4                DMA2_Channel5_IRQHandler
                0x080022f4                DMA1_Channel5_IRQHandler
                0x080022f4                RNG_IRQHandler
                0x080022f4                TIM1_TRG_COM_TIM17_IRQHandler
                0x080022f4                COMP_IRQHandler
                0x080022f4                WWDG_IRQHandler
                0x080022f4                LPUART1_IRQHandler
                0x080022f4                DMA2_Channel6_IRQHandler
                0x080022f4                EXTI1_IRQHandler
                0x080022f4                DFSDM1_FLT0_IRQHandler
                0x080022f4                I2C2_ER_IRQHandler
                0x080022f4                DMA1_Channel2_IRQHandler
                0x080022f4                TIM8_BRK_IRQHandler
                0x080022f4                CAN1_SCE_IRQHandler
                0x080022f4                FLASH_IRQHandler
                0x080022f4                USART1_IRQHandler
                0x080022f4                OTG_FS_IRQHandler
                0x080022f4                SPI3_IRQHandler
                0x080022f4                I2C1_ER_IRQHandler
                0x080022f4                FMC_IRQHandler
                0x080022f4                SWPMI1_IRQHandler
                0x080022f4                LPTIM1_IRQHandler
                0x080022f4                SAI1_IRQHandler
                0x080022f4                DMA2_Channel3_IRQHandler
                0x080022f4                TIM1_BRK_TIM15_IRQHandler
 *fill*         0x080022f6        0x2 
 .text.HAL_Init
                0x080022f8       0x40 ./Drivers/STM32L4xx_HAL_Driver/Src/stm32l4xx_hal.o
                0x080022f8                HAL_Init
 .text.HAL_InitTick
                0x08002338       0x78 ./Drivers/STM32L4xx_HAL_Driver/Src/stm32l4xx_hal.o
                0x08002338                HAL_InitTick
 .text.HAL_IncTick
                0x080023b0       0x28 ./Drivers/STM32L4xx_HAL_Driver/Src/stm32l4xx_hal.o
                0x080023b0                HAL_IncTick
 .text.HAL_GetTick
                0x080023d8       0x18 ./Drivers/STM32L4xx_HAL_Driver/Src/stm32l4xx_hal.o
                0x080023d8                HAL_GetTick
 .text.HAL_Delay
                0x080023f0       0x48 ./Drivers/STM32L4xx_HAL_Driver/Src/stm32l4xx_hal.o
                0x080023f0                HAL_Delay
 .text.LL_ADC_SetCommonClock
                0x08002438       0x26 ./Drivers/STM32L4xx_HAL_Driver/Src/stm32l4xx_hal_adc.o
 .text.LL_ADC_SetCommonPathInternalCh
                0x0800245e       0x26 ./Drivers/STM32L4xx_HAL_Driver/Src/stm32l4xx_hal_adc.o
 .text.LL_ADC_GetCommonPathInternalCh
                0x08002484       0x1c ./Drivers/STM32L4xx_HAL_Driver/Src/stm32l4xx_hal_adc.o
 .text.LL_ADC_SetOffset
                0x080024a0       0x48 ./Drivers/STM32L4xx_HAL_Driver/Src/stm32l4xx_hal_adc.o
 .text.LL_ADC_GetOffsetChannel
                0x080024e8       0x2c ./Drivers/STM32L4xx_HAL_Driver/Src/stm32l4xx_hal_adc.o
 .text.LL_ADC_SetOffsetState
                0x08002514       0x36 ./Drivers/STM32L4xx_HAL_Driver/Src/stm32l4xx_hal_adc.o
 .text.LL_ADC_REG_IsTriggerSourceSWStart
                0x0800254a       0x26 ./Drivers/STM32L4xx_HAL_Driver/Src/stm32l4xx_hal_adc.o
 .text.LL_ADC_REG_SetSequencerRanks
                0x08002570       0x58 ./Drivers/STM32L4xx_HAL_Driver/Src/stm32l4xx_hal_adc.o
 .text.LL_ADC_SetChannelSamplingTime
                0x080025c8       0x56 ./Drivers/STM32L4xx_HAL_Driver/Src/stm32l4xx_hal_adc.o
 *fill*         0x0800261e        0x2 
 .text.LL_ADC_SetChannelSingleDiff
                0x08002620       0x48 ./Drivers/STM32L4xx_HAL_Driver/Src/stm32l4xx_hal_adc.o
 .text.LL_ADC_GetMultimode
                0x08002668       0x1c ./Drivers/STM32L4xx_HAL_Driver/Src/stm32l4xx_hal_adc.o
 .text.LL_ADC_GetMultiDMATransfer
                0x08002684       0x1c ./Drivers/STM32L4xx_HAL_Driver/Src/stm32l4xx_hal_adc.o
 .text.LL_ADC_DisableDeepPowerDown
                0x080026a0       0x24 ./Drivers/STM32L4xx_HAL_Driver/Src/stm32l4xx_hal_adc.o
 .text.LL_ADC_IsDeepPowerDownEnabled
                0x080026c4       0x28 ./Drivers/STM32L4xx_HAL_Driver/Src/stm32l4xx_hal_adc.o
 .text.LL_ADC_EnableInternalRegulator
                0x080026ec       0x28 ./Drivers/STM32L4xx_HAL_Driver/Src/stm32l4xx_hal_adc.o
 .text.LL_ADC_IsInternalRegulatorEnabled
                0x08002714       0x28 ./Drivers/STM32L4xx_HAL_Driver/Src/stm32l4xx_hal_adc.o
 .text.LL_ADC_Enable
                0x0800273c       0x28 ./Drivers/STM32L4xx_HAL_Driver/Src/stm32l4xx_hal_adc.o
 .text.LL_ADC_IsEnabled
                0x08002764       0x26 ./Drivers/STM32L4xx_HAL_Driver/Src/stm32l4xx_hal_adc.o
 .text.LL_ADC_REG_StartConversion
                0x0800278a       0x28 ./Drivers/STM32L4xx_HAL_Driver/Src/stm32l4xx_hal_adc.o
 .text.LL_ADC_REG_IsConversionOngoing
                0x080027b2       0x26 ./Drivers/STM32L4xx_HAL_Driver/Src/stm32l4xx_hal_adc.o
 .text.LL_ADC_INJ_IsConversionOngoing
                0x080027d8       0x26 ./Drivers/STM32L4xx_HAL_Driver/Src/stm32l4xx_hal_adc.o
 *fill*         0x080027fe        0x2 
 .text.HAL_ADC_Init
                0x08002800      0x2a0 ./Drivers/STM32L4xx_HAL_Driver/Src/stm32l4xx_hal_adc.o
                0x08002800                HAL_ADC_Init
 .text.HAL_ADC_Start
                0x08002aa0      0x174 ./Drivers/STM32L4xx_HAL_Driver/Src/stm32l4xx_hal_adc.o
                0x08002aa0                HAL_ADC_Start
 .text.HAL_ADC_PollForConversion
                0x08002c14      0x1b0 ./Drivers/STM32L4xx_HAL_Driver/Src/stm32l4xx_hal_adc.o
                0x08002c14                HAL_ADC_PollForConversion
 .text.HAL_ADC_GetValue
                0x08002dc4       0x1a ./Drivers/STM32L4xx_HAL_Driver/Src/stm32l4xx_hal_adc.o
                0x08002dc4                HAL_ADC_GetValue
 *fill*         0x08002dde        0x2 
 .text.HAL_ADC_ConfigChannel
                0x08002de0      0x7e4 ./Drivers/STM32L4xx_HAL_Driver/Src/stm32l4xx_hal_adc.o
                0x08002de0                HAL_ADC_ConfigChannel
 .text.ADC_Enable
                0x080035c4      0x10c ./Drivers/STM32L4xx_HAL_Driver/Src/stm32l4xx_hal_adc.o
                0x080035c4                ADC_Enable
 .text.LL_ADC_IsEnabled
                0x080036d0       0x26 ./Drivers/STM32L4xx_HAL_Driver/Src/stm32l4xx_hal_adc_ex.o
 .text.LL_ADC_REG_IsConversionOngoing
                0x080036f6       0x26 ./Drivers/STM32L4xx_HAL_Driver/Src/stm32l4xx_hal_adc_ex.o
 .text.HAL_ADCEx_MultiModeConfigChannel
                0x0800371c      0x160 ./Drivers/STM32L4xx_HAL_Driver/Src/stm32l4xx_hal_adc_ex.o
                0x0800371c                HAL_ADCEx_MultiModeConfigChannel
 .text.__NVIC_SetPriorityGrouping
                0x0800387c       0x48 ./Drivers/STM32L4xx_HAL_Driver/Src/stm32l4xx_hal_cortex.o
 .text.__NVIC_GetPriorityGrouping
                0x080038c4       0x1c ./Drivers/STM32L4xx_HAL_Driver/Src/stm32l4xx_hal_cortex.o
 .text.__NVIC_EnableIRQ
                0x080038e0       0x3c ./Drivers/STM32L4xx_HAL_Driver/Src/stm32l4xx_hal_cortex.o
 .text.__NVIC_SetPriority
                0x0800391c       0x54 ./Drivers/STM32L4xx_HAL_Driver/Src/stm32l4xx_hal_cortex.o
 .text.NVIC_EncodePriority
                0x08003970       0x66 ./Drivers/STM32L4xx_HAL_Driver/Src/stm32l4xx_hal_cortex.o
 *fill*         0x080039d6        0x2 
 .text.SysTick_Config
                0x080039d8       0x44 ./Drivers/STM32L4xx_HAL_Driver/Src/stm32l4xx_hal_cortex.o
 .text.HAL_NVIC_SetPriorityGrouping
                0x08003a1c       0x16 ./Drivers/STM32L4xx_HAL_Driver/Src/stm32l4xx_hal_cortex.o
                0x08003a1c                HAL_NVIC_SetPriorityGrouping
 .text.HAL_NVIC_SetPriority
                0x08003a32       0x38 ./Drivers/STM32L4xx_HAL_Driver/Src/stm32l4xx_hal_cortex.o
                0x08003a32                HAL_NVIC_SetPriority
 .text.HAL_NVIC_EnableIRQ
                0x08003a6a       0x1c ./Drivers/STM32L4xx_HAL_Driver/Src/stm32l4xx_hal_cortex.o
                0x08003a6a                HAL_NVIC_EnableIRQ
 .text.HAL_SYSTICK_Config
                0x08003a86       0x18 ./Drivers/STM32L4xx_HAL_Driver/Src/stm32l4xx_hal_cortex.o
                0x08003a86                HAL_SYSTICK_Config
 .text.HAL_DAC_Init
                0x08003a9e       0x44 ./Drivers/STM32L4xx_HAL_Driver/Src/stm32l4xx_hal_dac.o
                0x08003a9e                HAL_DAC_Init
 *fill*         0x08003ae2        0x2 
 .text.HAL_DAC_Start_DMA
                0x08003ae4      0x198 ./Drivers/STM32L4xx_HAL_Driver/Src/stm32l4xx_hal_dac.o
                0x08003ae4                HAL_DAC_Start_DMA
 .text.HAL_DAC_Stop_DMA
                0x08003c7c       0x8a ./Drivers/STM32L4xx_HAL_Driver/Src/stm32l4xx_hal_dac.o
                0x08003c7c                HAL_DAC_Stop_DMA
 .text.HAL_DAC_IRQHandler
                0x08003d06       0xb4 ./Drivers/STM32L4xx_HAL_Driver/Src/stm32l4xx_hal_dac.o
                0x08003d06                HAL_DAC_IRQHandler
 .text.HAL_DAC_ConvCpltCallbackCh1
                0x08003dba       0x14 ./Drivers/STM32L4xx_HAL_Driver/Src/stm32l4xx_hal_dac.o
                0x08003dba                HAL_DAC_ConvCpltCallbackCh1
 .text.HAL_DAC_ConvHalfCpltCallbackCh1
                0x08003dce       0x14 ./Drivers/STM32L4xx_HAL_Driver/Src/stm32l4xx_hal_dac.o
                0x08003dce                HAL_DAC_ConvHalfCpltCallbackCh1
 .text.HAL_DAC_ErrorCallbackCh1
                0x08003de2       0x14 ./Drivers/STM32L4xx_HAL_Driver/Src/stm32l4xx_hal_dac.o
                0x08003de2                HAL_DAC_ErrorCallbackCh1
 .text.HAL_DAC_DMAUnderrunCallbackCh1
                0x08003df6       0x14 ./Drivers/STM32L4xx_HAL_Driver/Src/stm32l4xx_hal_dac.o
                0x08003df6                HAL_DAC_DMAUnderrunCallbackCh1
 .text.HAL_DAC_ConfigChannel
                0x08003e0a      0x24e ./Drivers/STM32L4xx_HAL_Driver/Src/stm32l4xx_hal_dac.o
                0x08003e0a                HAL_DAC_ConfigChannel
 .text.DAC_DMAConvCpltCh1
                0x08004058       0x22 ./Drivers/STM32L4xx_HAL_Driver/Src/stm32l4xx_hal_dac.o
                0x08004058                DAC_DMAConvCpltCh1
 .text.DAC_DMAHalfConvCpltCh1
                0x0800407a       0x1c ./Drivers/STM32L4xx_HAL_Driver/Src/stm32l4xx_hal_dac.o
                0x0800407a                DAC_DMAHalfConvCpltCh1
 .text.DAC_DMAErrorCh1
                0x08004096       0x2e ./Drivers/STM32L4xx_HAL_Driver/Src/stm32l4xx_hal_dac.o
                0x08004096                DAC_DMAErrorCh1
 .text.HAL_DACEx_ConvCpltCallbackCh2
                0x080040c4       0x14 ./Drivers/STM32L4xx_HAL_Driver/Src/stm32l4xx_hal_dac_ex.o
                0x080040c4                HAL_DACEx_ConvCpltCallbackCh2
 .text.HAL_DACEx_ConvHalfCpltCallbackCh2
                0x080040d8       0x14 ./Drivers/STM32L4xx_HAL_Driver/Src/stm32l4xx_hal_dac_ex.o
                0x080040d8                HAL_DACEx_ConvHalfCpltCallbackCh2
 .text.HAL_DACEx_ErrorCallbackCh2
                0x080040ec       0x14 ./Drivers/STM32L4xx_HAL_Driver/Src/stm32l4xx_hal_dac_ex.o
                0x080040ec                HAL_DACEx_ErrorCallbackCh2
 .text.HAL_DACEx_DMAUnderrunCallbackCh2
                0x08004100       0x14 ./Drivers/STM32L4xx_HAL_Driver/Src/stm32l4xx_hal_dac_ex.o
                0x08004100                HAL_DACEx_DMAUnderrunCallbackCh2
 .text.DAC_DMAConvCpltCh2
                0x08004114       0x22 ./Drivers/STM32L4xx_HAL_Driver/Src/stm32l4xx_hal_dac_ex.o
                0x08004114                DAC_DMAConvCpltCh2
 .text.DAC_DMAHalfConvCpltCh2
                0x08004136       0x1c ./Drivers/STM32L4xx_HAL_Driver/Src/stm32l4xx_hal_dac_ex.o
                0x08004136                DAC_DMAHalfConvCpltCh2
 .text.DAC_DMAErrorCh2
                0x08004152       0x2e ./Drivers/STM32L4xx_HAL_Driver/Src/stm32l4xx_hal_dac_ex.o
                0x08004152                DAC_DMAErrorCh2
 .text.HAL_DMA_Init
                0x08004180      0x170 ./Drivers/STM32L4xx_HAL_Driver/Src/stm32l4xx_hal_dma.o
                0x08004180                HAL_DMA_Init
 .text.HAL_DMA_Start_IT
                0x080042f0       0xc0 ./Drivers/STM32L4xx_HAL_Driver/Src/stm32l4xx_hal_dma.o
                0x080042f0                HAL_DMA_Start_IT
 .text.HAL_DMA_Abort
                0x080043b0       0x7c ./Drivers/STM32L4xx_HAL_Driver/Src/stm32l4xx_hal_dma.o
                0x080043b0                HAL_DMA_Abort
 .text.HAL_DMA_Abort_IT
                0x0800442c       0x82 ./Drivers/STM32L4xx_HAL_Driver/Src/stm32l4xx_hal_dma.o
                0x0800442c                HAL_DMA_Abort_IT
 .text.HAL_DMA_IRQHandler
                0x080044ae      0x15e ./Drivers/STM32L4xx_HAL_Driver/Src/stm32l4xx_hal_dma.o
                0x080044ae                HAL_DMA_IRQHandler
 .text.DMA_SetConfig
                0x0800460c       0x60 ./Drivers/STM32L4xx_HAL_Driver/Src/stm32l4xx_hal_dma.o
 .text.HAL_GPIO_Init
                0x0800466c      0x354 ./Drivers/STM32L4xx_HAL_Driver/Src/stm32l4xx_hal_gpio.o
                0x0800466c                HAL_GPIO_Init
 .text.HAL_GPIO_WritePin
                0x080049c0       0x30 ./Drivers/STM32L4xx_HAL_Driver/Src/stm32l4xx_hal_gpio.o
                0x080049c0                HAL_GPIO_WritePin
 .text.HAL_GPIO_EXTI_IRQHandler
                0x080049f0       0x30 ./Drivers/STM32L4xx_HAL_Driver/Src/stm32l4xx_hal_gpio.o
                0x080049f0                HAL_GPIO_EXTI_IRQHandler
 .text.HAL_I2C_Init
                0x08004a20      0x136 ./Drivers/STM32L4xx_HAL_Driver/Src/stm32l4xx_hal_i2c.o
                0x08004a20                HAL_I2C_Init
 *fill*         0x08004b56        0x2 
 .text.HAL_I2C_Master_Transmit
                0x08004b58      0x230 ./Drivers/STM32L4xx_HAL_Driver/Src/stm32l4xx_hal_i2c.o
                0x08004b58                HAL_I2C_Master_Transmit
 .text.I2C_Flush_TXDR
                0x08004d88       0x48 ./Drivers/STM32L4xx_HAL_Driver/Src/stm32l4xx_hal_i2c.o
 .text.I2C_WaitOnFlagUntilTimeout
                0x08004dd0       0xb2 ./Drivers/STM32L4xx_HAL_Driver/Src/stm32l4xx_hal_i2c.o
 .text.I2C_WaitOnTXISFlagUntilTimeout
                0x08004e82       0x8e ./Drivers/STM32L4xx_HAL_Driver/Src/stm32l4xx_hal_i2c.o
 .text.I2C_WaitOnSTOPFlagUntilTimeout
                0x08004f10       0x86 ./Drivers/STM32L4xx_HAL_Driver/Src/stm32l4xx_hal_i2c.o
 *fill*         0x08004f96        0x2 
 .text.I2C_IsErrorOccurred
                0x08004f98      0x1c0 ./Drivers/STM32L4xx_HAL_Driver/Src/stm32l4xx_hal_i2c.o
 .text.I2C_TransferConfig
                0x08005158       0x64 ./Drivers/STM32L4xx_HAL_Driver/Src/stm32l4xx_hal_i2c.o
 .text.HAL_I2CEx_ConfigAnalogFilter
                0x080051bc       0x96 ./Drivers/STM32L4xx_HAL_Driver/Src/stm32l4xx_hal_i2c_ex.o
                0x080051bc                HAL_I2CEx_ConfigAnalogFilter
 .text.HAL_I2CEx_ConfigDigitalFilter
                0x08005252       0x98 ./Drivers/STM32L4xx_HAL_Driver/Src/stm32l4xx_hal_i2c_ex.o
                0x08005252                HAL_I2CEx_ConfigDigitalFilter
 *fill*         0x080052ea        0x2 
 .text.HAL_PWREx_GetVoltageRange
                0x080052ec       0x1c ./Drivers/STM32L4xx_HAL_Driver/Src/stm32l4xx_hal_pwr_ex.o
                0x080052ec                HAL_PWREx_GetVoltageRange
 .text.HAL_PWREx_ControlVoltageScaling
                0x08005308       0xac ./Drivers/STM32L4xx_HAL_Driver/Src/stm32l4xx_hal_pwr_ex.o
                0x08005308                HAL_PWREx_ControlVoltageScaling
 .text.HAL_RCC_OscConfig
                0x080053b4      0x7b8 ./Drivers/STM32L4xx_HAL_Driver/Src/stm32l4xx_hal_rcc.o
                0x080053b4                HAL_RCC_OscConfig
 .text.HAL_RCC_ClockConfig
                0x08005b6c      0x200 ./Drivers/STM32L4xx_HAL_Driver/Src/stm32l4xx_hal_rcc.o
                0x08005b6c                HAL_RCC_ClockConfig
 .text.HAL_RCC_GetSysClockFreq
                0x08005d6c      0x118 ./Drivers/STM32L4xx_HAL_Driver/Src/stm32l4xx_hal_rcc.o
                0x08005d6c                HAL_RCC_GetSysClockFreq
 .text.HAL_RCC_GetHCLKFreq
                0x08005e84       0x18 ./Drivers/STM32L4xx_HAL_Driver/Src/stm32l4xx_hal_rcc.o
                0x08005e84                HAL_RCC_GetHCLKFreq
 .text.HAL_RCC_GetPCLK1Freq
                0x08005e9c       0x2c ./Drivers/STM32L4xx_HAL_Driver/Src/stm32l4xx_hal_rcc.o
                0x08005e9c                HAL_RCC_GetPCLK1Freq
 .text.HAL_RCC_GetPCLK2Freq
                0x08005ec8       0x2c ./Drivers/STM32L4xx_HAL_Driver/Src/stm32l4xx_hal_rcc.o
                0x08005ec8                HAL_RCC_GetPCLK2Freq
 .text.RCC_SetFlashLatencyFromMSIRange
                0x08005ef4       0xc0 ./Drivers/STM32L4xx_HAL_Driver/Src/stm32l4xx_hal_rcc.o
 .text.HAL_RCCEx_PeriphCLKConfig
                0x08005fb4      0x5d4 ./Drivers/STM32L4xx_HAL_Driver/Src/stm32l4xx_hal_rcc_ex.o
                0x08005fb4                HAL_RCCEx_PeriphCLKConfig
 .text.RCCEx_PLLSAI1_Config
                0x08006588      0x1e8 ./Drivers/STM32L4xx_HAL_Driver/Src/stm32l4xx_hal_rcc_ex.o
 .text.RCCEx_PLLSAI2_Config
                0x08006770      0x1bc ./Drivers/STM32L4xx_HAL_Driver/Src/stm32l4xx_hal_rcc_ex.o
 .text.HAL_SPI_Init
                0x0800692c      0x146 ./Drivers/STM32L4xx_HAL_Driver/Src/stm32l4xx_hal_spi.o
                0x0800692c                HAL_SPI_Init
 .text.HAL_SPI_Transmit
                0x08006a72      0x2ec ./Drivers/STM32L4xx_HAL_Driver/Src/stm32l4xx_hal_spi.o
                0x08006a72                HAL_SPI_Transmit
 *fill*         0x08006d5e        0x2 
 .text.SPI_WaitFlagStateUntilTimeout
                0x08006d60      0x110 ./Drivers/STM32L4xx_HAL_Driver/Src/stm32l4xx_hal_spi.o
 .text.SPI_WaitFifoStateUntilTimeout
                0x08006e70      0x12c ./Drivers/STM32L4xx_HAL_Driver/Src/stm32l4xx_hal_spi.o
 .text.SPI_EndRxTxTransaction
                0x08006f9c       0x8c ./Drivers/STM32L4xx_HAL_Driver/Src/stm32l4xx_hal_spi.o
 .text.HAL_TIM_Base_Init
                0x08007028       0xae ./Drivers/STM32L4xx_HAL_Driver/Src/stm32l4xx_hal_tim.o
                0x08007028                HAL_TIM_Base_Init
 *fill*         0x080070d6        0x2 
 .text.HAL_TIM_Base_Start
                0x080070d8       0xd0 ./Drivers/STM32L4xx_HAL_Driver/Src/stm32l4xx_hal_tim.o
                0x080070d8                HAL_TIM_Base_Start
 .text.HAL_TIM_Base_Start_IT
                0x080071a8       0xe0 ./Drivers/STM32L4xx_HAL_Driver/Src/stm32l4xx_hal_tim.o
                0x080071a8                HAL_TIM_Base_Start_IT
 .text.HAL_TIM_OC_Init
                0x08007288       0xae ./Drivers/STM32L4xx_HAL_Driver/Src/stm32l4xx_hal_tim.o
                0x08007288                HAL_TIM_OC_Init
 .text.HAL_TIM_OC_MspInit
                0x08007336       0x14 ./Drivers/STM32L4xx_HAL_Driver/Src/stm32l4xx_hal_tim.o
                0x08007336                HAL_TIM_OC_MspInit
 .text.HAL_TIM_IRQHandler
                0x0800734a      0x20e ./Drivers/STM32L4xx_HAL_Driver/Src/stm32l4xx_hal_tim.o
                0x0800734a                HAL_TIM_IRQHandler
 .text.HAL_TIM_OC_ConfigChannel
                0x08007558       0xf4 ./Drivers/STM32L4xx_HAL_Driver/Src/stm32l4xx_hal_tim.o
                0x08007558                HAL_TIM_OC_ConfigChannel
 .text.HAL_TIM_GenerateEvent
                0x0800764c       0x4e ./Drivers/STM32L4xx_HAL_Driver/Src/stm32l4xx_hal_tim.o
                0x0800764c                HAL_TIM_GenerateEvent
 .text.HAL_TIM_ConfigClockSource
                0x0800769a      0x192 ./Drivers/STM32L4xx_HAL_Driver/Src/stm32l4xx_hal_tim.o
                0x0800769a                HAL_TIM_ConfigClockSource
 .text.HAL_TIM_OC_DelayElapsedCallback
                0x0800782c       0x14 ./Drivers/STM32L4xx_HAL_Driver/Src/stm32l4xx_hal_tim.o
                0x0800782c                HAL_TIM_OC_DelayElapsedCallback
 .text.HAL_TIM_IC_CaptureCallback
                0x08007840       0x14 ./Drivers/STM32L4xx_HAL_Driver/Src/stm32l4xx_hal_tim.o
                0x08007840                HAL_TIM_IC_CaptureCallback
 .text.HAL_TIM_PWM_PulseFinishedCallback
                0x08007854       0x14 ./Drivers/STM32L4xx_HAL_Driver/Src/stm32l4xx_hal_tim.o
                0x08007854                HAL_TIM_PWM_PulseFinishedCallback
 .text.HAL_TIM_TriggerCallback
                0x08007868       0x14 ./Drivers/STM32L4xx_HAL_Driver/Src/stm32l4xx_hal_tim.o
                0x08007868                HAL_TIM_TriggerCallback
 .text.TIM_Base_SetConfig
                0x0800787c      0x14c ./Drivers/STM32L4xx_HAL_Driver/Src/stm32l4xx_hal_tim.o
                0x0800787c                TIM_Base_SetConfig
 .text.TIM_OC1_SetConfig
                0x080079c8      0x120 ./Drivers/STM32L4xx_HAL_Driver/Src/stm32l4xx_hal_tim.o
 .text.TIM_OC2_SetConfig
                0x08007ae8      0x114 ./Drivers/STM32L4xx_HAL_Driver/Src/stm32l4xx_hal_tim.o
                0x08007ae8                TIM_OC2_SetConfig
 .text.TIM_OC3_SetConfig
                0x08007bfc      0x110 ./Drivers/STM32L4xx_HAL_Driver/Src/stm32l4xx_hal_tim.o
 .text.TIM_OC4_SetConfig
                0x08007d0c       0xd4 ./Drivers/STM32L4xx_HAL_Driver/Src/stm32l4xx_hal_tim.o
 .text.TIM_OC5_SetConfig
                0x08007de0       0xc8 ./Drivers/STM32L4xx_HAL_Driver/Src/stm32l4xx_hal_tim.o
 .text.TIM_OC6_SetConfig
                0x08007ea8       0xcc ./Drivers/STM32L4xx_HAL_Driver/Src/stm32l4xx_hal_tim.o
 .text.TIM_TI1_ConfigInputStage
                0x08007f74       0x5e ./Drivers/STM32L4xx_HAL_Driver/Src/stm32l4xx_hal_tim.o
 .text.TIM_TI2_ConfigInputStage
                0x08007fd2       0x60 ./Drivers/STM32L4xx_HAL_Driver/Src/stm32l4xx_hal_tim.o
 .text.TIM_ITRx_SetConfig
                0x08008032       0x36 ./Drivers/STM32L4xx_HAL_Driver/Src/stm32l4xx_hal_tim.o
 .text.TIM_ETR_SetConfig
                0x08008068       0x40 ./Drivers/STM32L4xx_HAL_Driver/Src/stm32l4xx_hal_tim.o
                0x08008068                TIM_ETR_SetConfig
 .text.HAL_TIMEx_MasterConfigSynchronization
                0x080080a8      0x110 ./Drivers/STM32L4xx_HAL_Driver/Src/stm32l4xx_hal_tim_ex.o
                0x080080a8                HAL_TIMEx_MasterConfigSynchronization
 .text.HAL_TIMEx_CommutCallback
                0x080081b8       0x14 ./Drivers/STM32L4xx_HAL_Driver/Src/stm32l4xx_hal_tim_ex.o
                0x080081b8                HAL_TIMEx_CommutCallback
 .text.HAL_TIMEx_BreakCallback
                0x080081cc       0x14 ./Drivers/STM32L4xx_HAL_Driver/Src/stm32l4xx_hal_tim_ex.o
                0x080081cc                HAL_TIMEx_BreakCallback
 .text.HAL_TIMEx_Break2Callback
                0x080081e0       0x14 ./Drivers/STM32L4xx_HAL_Driver/Src/stm32l4xx_hal_tim_ex.o
                0x080081e0                HAL_TIMEx_Break2Callback
 .text.HAL_UART_Init
                0x080081f4       0x9c ./Drivers/STM32L4xx_HAL_Driver/Src/stm32l4xx_hal_uart.o
                0x080081f4                HAL_UART_Init
 .text.HAL_UART_Transmit
                0x08008290      0x112 ./Drivers/STM32L4xx_HAL_Driver/Src/stm32l4xx_hal_uart.o
                0x08008290                HAL_UART_Transmit
 *fill*         0x080083a2        0x2 
 .text.HAL_UART_IRQHandler
                0x080083a4      0x60c ./Drivers/STM32L4xx_HAL_Driver/Src/stm32l4xx_hal_uart.o
                0x080083a4                HAL_UART_IRQHandler
 .text.HAL_UART_TxCpltCallback
                0x080089b0       0x14 ./Drivers/STM32L4xx_HAL_Driver/Src/stm32l4xx_hal_uart.o
                0x080089b0                HAL_UART_TxCpltCallback
 .text.HAL_UART_ErrorCallback
                0x080089c4       0x14 ./Drivers/STM32L4xx_HAL_Driver/Src/stm32l4xx_hal_uart.o
                0x080089c4                HAL_UART_ErrorCallback
 .text.HAL_UARTEx_RxEventCallback
                0x080089d8       0x18 ./Drivers/STM32L4xx_HAL_Driver/Src/stm32l4xx_hal_uart.o
                0x080089d8                HAL_UARTEx_RxEventCallback
 .text.UART_SetConfig
                0x080089f0      0x570 ./Drivers/STM32L4xx_HAL_Driver/Src/stm32l4xx_hal_uart.o
                0x080089f0                UART_SetConfig
 .text.UART_AdvFeatureConfig
                0x08008f60      0x144 ./Drivers/STM32L4xx_HAL_Driver/Src/stm32l4xx_hal_uart.o
                0x08008f60                UART_AdvFeatureConfig
 .text.UART_CheckIdleState
                0x080090a4      0x150 ./Drivers/STM32L4xx_HAL_Driver/Src/stm32l4xx_hal_uart.o
                0x080090a4                UART_CheckIdleState
 .text.UART_WaitOnFlagUntilTimeout
                0x080091f4       0xda ./Drivers/STM32L4xx_HAL_Driver/Src/stm32l4xx_hal_uart.o
                0x080091f4                UART_WaitOnFlagUntilTimeout
 .text.UART_EndRxTransfer
                0x080092ce       0xc8 ./Drivers/STM32L4xx_HAL_Driver/Src/stm32l4xx_hal_uart.o
 .text.UART_DMAAbortOnError
                0x08009396       0x2c ./Drivers/STM32L4xx_HAL_Driver/Src/stm32l4xx_hal_uart.o
 .text.UART_EndTransmit_IT
                0x080093c2       0x54 ./Drivers/STM32L4xx_HAL_Driver/Src/stm32l4xx_hal_uart.o
 .text.HAL_UARTEx_WakeupCallback
                0x08009416       0x14 ./Drivers/STM32L4xx_HAL_Driver/Src/stm32l4xx_hal_uart_ex.o
                0x08009416                HAL_UARTEx_WakeupCallback
 .text.memset   0x0800942a       0x10 C:/ST/STM32CubeIDE_1.17.0/STM32CubeIDE/plugins/com.st.stm32cube.ide.mcu.externaltools.gnu-tools-for-stm32.12.3.rel1.win32_1.1.0.202410251130/tools/bin/../lib/gcc/arm-none-eabi/12.3.1/../../../../arm-none-eabi/lib/thumb/v7e-m+fp/hard\libc_nano.a(libc_a-memset.o)
                0x0800942a                memset
 *fill*         0x0800943a        0x2 
 .text.__libc_init_array
                0x0800943c       0x48 C:/ST/STM32CubeIDE_1.17.0/STM32CubeIDE/plugins/com.st.stm32cube.ide.mcu.externaltools.gnu-tools-for-stm32.12.3.rel1.win32_1.1.0.202410251130/tools/bin/../lib/gcc/arm-none-eabi/12.3.1/../../../../arm-none-eabi/lib/thumb/v7e-m+fp/hard\libc_nano.a(libc_a-init.o)
                0x0800943c                __libc_init_array
 *(.glue_7)
 .glue_7        0x08009484        0x0 linker stubs
 *(.glue_7t)
 .glue_7t       0x08009484        0x0 linker stubs
 *(.eh_frame)
 .eh_frame      0x08009484        0x0 C:/ST/STM32CubeIDE_1.17.0/STM32CubeIDE/plugins/com.st.stm32cube.ide.mcu.externaltools.gnu-tools-for-stm32.12.3.rel1.win32_1.1.0.202410251130/tools/bin/../lib/gcc/arm-none-eabi/12.3.1/thumb/v7e-m+fp/hard/crtbegin.o
 *(.init)
 .init          0x08009484        0x4 C:/ST/STM32CubeIDE_1.17.0/STM32CubeIDE/plugins/com.st.stm32cube.ide.mcu.externaltools.gnu-tools-for-stm32.12.3.rel1.win32_1.1.0.202410251130/tools/bin/../lib/gcc/arm-none-eabi/12.3.1/thumb/v7e-m+fp/hard/crti.o
                0x08009484                _init
 .init          0x08009488        0x8 C:/ST/STM32CubeIDE_1.17.0/STM32CubeIDE/plugins/com.st.stm32cube.ide.mcu.externaltools.gnu-tools-for-stm32.12.3.rel1.win32_1.1.0.202410251130/tools/bin/../lib/gcc/arm-none-eabi/12.3.1/thumb/v7e-m+fp/hard/crtn.o
 *(.fini)
 .fini          0x08009490        0x4 C:/ST/STM32CubeIDE_1.17.0/STM32CubeIDE/plugins/com.st.stm32cube.ide.mcu.externaltools.gnu-tools-for-stm32.12.3.rel1.win32_1.1.0.202410251130/tools/bin/../lib/gcc/arm-none-eabi/12.3.1/thumb/v7e-m+fp/hard/crti.o
                0x08009490                _fini
 .fini          0x08009494        0x8 C:/ST/STM32CubeIDE_1.17.0/STM32CubeIDE/plugins/com.st.stm32cube.ide.mcu.externaltools.gnu-tools-for-stm32.12.3.rel1.win32_1.1.0.202410251130/tools/bin/../lib/gcc/arm-none-eabi/12.3.1/thumb/v7e-m+fp/hard/crtn.o
                0x0800949c                        . = ALIGN (0x4)
                0x0800949c                        _etext = .

.vfp11_veneer   0x0800949c        0x0
 .vfp11_veneer  0x0800949c        0x0 linker stubs

.v4_bx          0x0800949c        0x0
 .v4_bx         0x0800949c        0x0 linker stubs

.iplt           0x0800949c        0x0
 .iplt          0x0800949c        0x0 C:/ST/STM32CubeIDE_1.17.0/STM32CubeIDE/plugins/com.st.stm32cube.ide.mcu.externaltools.gnu-tools-for-stm32.12.3.rel1.win32_1.1.0.202410251130/tools/bin/../lib/gcc/arm-none-eabi/12.3.1/thumb/v7e-m+fp/hard/crtbegin.o

.rodata         0x0800949c       0x78
                0x0800949c                        . = ALIGN (0x4)
 *(.rodata)
 .rodata        0x0800949c       0x18 ./Core/Src/main.o
 *(.rodata*)
 .rodata.font_table
                0x080094b4       0x18 ./Core/Src/main.o
                0x080094b4                font_table
 .rodata.AHBPrescTable
                0x080094cc       0x10 ./Core/Src/system_stm32l4xx.o
                0x080094cc                AHBPrescTable
 .rodata.APBPrescTable
                0x080094dc        0x8 ./Core/Src/system_stm32l4xx.o
                0x080094dc                APBPrescTable
 .rodata.MSIRangeTable
                0x080094e4       0x30 ./Core/Src/system_stm32l4xx.o
                0x080094e4                MSIRangeTable
                0x08009514                        . = ALIGN (0x4)

.ARM.extab      0x08009514        0x0
                0x08009514                        . = ALIGN (0x4)
 *(.ARM.extab* .gnu.linkonce.armextab.*)
                0x08009514                        . = ALIGN (0x4)

.ARM            0x08009514        0x8
                0x08009514                        . = ALIGN (0x4)
                0x08009514                        __exidx_start = .
 *(.ARM.exidx*)
 .ARM.exidx     0x08009514        0x8 C:/ST/STM32CubeIDE_1.17.0/STM32CubeIDE/plugins/com.st.stm32cube.ide.mcu.externaltools.gnu-tools-for-stm32.12.3.rel1.win32_1.1.0.202410251130/tools/bin/../lib/gcc/arm-none-eabi/12.3.1/thumb/v7e-m+fp/hard\libgcc.a(_udivmoddi4.o)
                0x0800951c                        __exidx_end = .
                0x0800951c                        . = ALIGN (0x4)

.preinit_array  0x0800951c        0x0
                0x0800951c                        . = ALIGN (0x4)
                0x0800951c                        PROVIDE (__preinit_array_start = .)
 *(.preinit_array*)
                0x0800951c                        PROVIDE (__preinit_array_end = .)
                0x0800951c                        . = ALIGN (0x4)

.init_array     0x0800951c        0x4
                0x0800951c                        . = ALIGN (0x4)
                0x0800951c                        PROVIDE (__init_array_start = .)
 *(SORT_BY_NAME(.init_array.*))
 *(.init_array*)
 .init_array    0x0800951c        0x4 C:/ST/STM32CubeIDE_1.17.0/STM32CubeIDE/plugins/com.st.stm32cube.ide.mcu.externaltools.gnu-tools-for-stm32.12.3.rel1.win32_1.1.0.202410251130/tools/bin/../lib/gcc/arm-none-eabi/12.3.1/thumb/v7e-m+fp/hard/crtbegin.o
                0x08009520                        PROVIDE (__init_array_end = .)
                0x08009520                        . = ALIGN (0x4)

.fini_array     0x08009520        0x4
                0x08009520                        . = ALIGN (0x4)
                [!provide]                        PROVIDE (__fini_array_start = .)
 *(SORT_BY_NAME(.fini_array.*))
 *(.fini_array*)
 .fini_array    0x08009520        0x4 C:/ST/STM32CubeIDE_1.17.0/STM32CubeIDE/plugins/com.st.stm32cube.ide.mcu.externaltools.gnu-tools-for-stm32.12.3.rel1.win32_1.1.0.202410251130/tools/bin/../lib/gcc/arm-none-eabi/12.3.1/thumb/v7e-m+fp/hard/crtbegin.o
                [!provide]                        PROVIDE (__fini_array_end = .)
                0x08009524                        . = ALIGN (0x4)
                0x08009524                        _sidata = LOADADDR (.data)

.rel.dyn        0x08009524        0x0
 .rel.iplt      0x08009524        0x0 C:/ST/STM32CubeIDE_1.17.0/STM32CubeIDE/plugins/com.st.stm32cube.ide.mcu.externaltools.gnu-tools-for-stm32.12.3.rel1.win32_1.1.0.202410251130/tools/bin/../lib/gcc/arm-none-eabi/12.3.1/thumb/v7e-m+fp/hard/crtbegin.o

.data           0x20000000      0x218 load address 0x08009524
                0x20000000                        . = ALIGN (0x4)
                0x20000000                        _sdata = .
 *(.data)
 *(.data*)
 .data.backlight_state
                0x20000000        0x1 ./Core/Src/main.o
                0x20000000                backlight_state
 *fill*         0x20000001        0x3 
 .data.sine33   0x20000004      0x200 ./Core/Src/main.o
                0x20000004                sine33
 .data.Vpp      0x20000204        0x4 ./Core/Src/main.o
                0x20000204                Vpp
 .data.freq     0x20000208        0x4 ./Core/Src/main.o
                0x20000208                freq
 .data.SystemCoreClock
                0x2000020c        0x4 ./Core/Src/system_stm32l4xx.o
                0x2000020c                SystemCoreClock
 .data.uwTickPrio
                0x20000210        0x4 ./Drivers/STM32L4xx_HAL_Driver/Src/stm32l4xx_hal.o
                0x20000210                uwTickPrio
 .data.uwTickFreq
                0x20000214        0x1 ./Drivers/STM32L4xx_HAL_Driver/Src/stm32l4xx_hal.o
                0x20000214                uwTickFreq
 *(.RamFunc)
 *(.RamFunc*)
                0x20000218                        . = ALIGN (0x4)
 *fill*         0x20000215        0x3 
                0x20000218                        _edata = .

.igot.plt       0x20000218        0x0 load address 0x0800973c
 .igot.plt      0x20000218        0x0 C:/ST/STM32CubeIDE_1.17.0/STM32CubeIDE/plugins/com.st.stm32cube.ide.mcu.externaltools.gnu-tools-for-stm32.12.3.rel1.win32_1.1.0.202410251130/tools/bin/../lib/gcc/arm-none-eabi/12.3.1/thumb/v7e-m+fp/hard/crtbegin.o
                0x20000218                        . = ALIGN (0x4)

.bss            0x20000218      0x544 load address 0x0800973c
                0x20000218                        _sbss = .
                0x20000218                        __bss_start__ = _sbss
 *(.bss)
 .bss           0x20000218       0x1c C:/ST/STM32CubeIDE_1.17.0/STM32CubeIDE/plugins/com.st.stm32cube.ide.mcu.externaltools.gnu-tools-for-stm32.12.3.rel1.win32_1.1.0.202410251130/tools/bin/../lib/gcc/arm-none-eabi/12.3.1/thumb/v7e-m+fp/hard/crtbegin.o
 *(.bss*)
 .bss.hadc1     0x20000234       0x64 ./Core/Src/main.o
                0x20000234                hadc1
 .bss.hadc2     0x20000298       0x64 ./Core/Src/main.o
                0x20000298                hadc2
 .bss.hdac1     0x200002fc       0x14 ./Core/Src/main.o
                0x200002fc                hdac1
 .bss.hdma_dac_ch1
                0x20000310       0x48 ./Core/Src/main.o
                0x20000310                hdma_dac_ch1
 .bss.hi2c1     0x20000358       0x54 ./Core/Src/main.o
                0x20000358                hi2c1
 .bss.hspi2     0x200003ac       0x64 ./Core/Src/main.o
                0x200003ac                hspi2
 .bss.htim2     0x20000410       0x4c ./Core/Src/main.o
                0x20000410                htim2
 .bss.huart2    0x2000045c       0x88 ./Core/Src/main.o
                0x2000045c                huart2
 .bss.hdma_usart2_tx
                0x200004e4       0x48 ./Core/Src/main.o
                0x200004e4                hdma_usart2_tx
 .bss.new_sine_wave
                0x2000052c      0x200 ./Core/Src/main.o
                0x2000052c                new_sine_wave
 .bss.Vpp_str   0x2000072c        0xa ./Core/Src/main.o
                0x2000072c                Vpp_str
 *fill*         0x20000736        0x2 
 .bss.freq_str  0x20000738        0xa ./Core/Src/main.o
                0x20000738                freq_str
 *fill*         0x20000742        0x2 
 .bss.last_Vpp_small_press
                0x20000744        0x4 ./Core/Src/main.o
                0x20000744                last_Vpp_small_press
 .bss.last_Vpp_big_press
                0x20000748        0x4 ./Core/Src/main.o
                0x20000748                last_Vpp_big_press
 .bss.last_freq_small_press
                0x2000074c        0x4 ./Core/Src/main.o
                0x2000074c                last_freq_small_press
 .bss.last_freq_big_press
                0x20000750        0x4 ./Core/Src/main.o
                0x20000750                last_freq_big_press
 .bss.HAL_RCC_ADC_CLK_ENABLED
                0x20000754        0x4 ./Core/Src/stm32l4xx_hal_msp.o
 .bss.uwTick    0x20000758        0x4 ./Drivers/STM32L4xx_HAL_Driver/Src/stm32l4xx_hal.o
                0x20000758                uwTick
 *(COMMON)
                0x2000075c                        . = ALIGN (0x4)
                0x2000075c                        _ebss = .
                0x2000075c                        __bss_end__ = _ebss

._user_heap_stack
                0x2000075c      0x604 load address 0x0800973c
                0x20000760                        . = ALIGN (0x8)
 *fill*         0x2000075c        0x4 
                [!provide]                        PROVIDE (end = .)
                0x20000760                        PROVIDE (_end = .)
                0x20000960                        . = (. + _Min_Heap_Size)
 *fill*         0x20000760      0x200 
                0x20000d60                        . = (. + _Min_Stack_Size)
 *fill*         0x20000960      0x400 
                0x20000d60                        . = ALIGN (0x8)

/DISCARD/
 libc.a(*)
 libm.a(*)
 libgcc.a(*)

.ARM.attributes
                0x00000000       0x30
 *(.ARM.attributes)
 .ARM.attributes
                0x00000000       0x22 C:/ST/STM32CubeIDE_1.17.0/STM32CubeIDE/plugins/com.st.stm32cube.ide.mcu.externaltools.gnu-tools-for-stm32.12.3.rel1.win32_1.1.0.202410251130/tools/bin/../lib/gcc/arm-none-eabi/12.3.1/thumb/v7e-m+fp/hard/crti.o
 .ARM.attributes
                0x00000022       0x34 C:/ST/STM32CubeIDE_1.17.0/STM32CubeIDE/plugins/com.st.stm32cube.ide.mcu.externaltools.gnu-tools-for-stm32.12.3.rel1.win32_1.1.0.202410251130/tools/bin/../lib/gcc/arm-none-eabi/12.3.1/thumb/v7e-m+fp/hard/crtbegin.o
 .ARM.attributes
                0x00000056       0x34 ./Core/Src/main.o
 .ARM.attributes
                0x0000008a       0x34 ./Core/Src/stm32l4xx_hal_msp.o
 .ARM.attributes
                0x000000be       0x34 ./Core/Src/stm32l4xx_it.o
 .ARM.attributes
                0x000000f2       0x34 ./Core/Src/system_stm32l4xx.o
 .ARM.attributes
                0x00000126       0x21 ./Core/Startup/startup_stm32l476rgtx.o
 .ARM.attributes
                0x00000147       0x34 ./Drivers/STM32L4xx_HAL_Driver/Src/stm32l4xx_hal.o
 .ARM.attributes
                0x0000017b       0x34 ./Drivers/STM32L4xx_HAL_Driver/Src/stm32l4xx_hal_adc.o
 .ARM.attributes
                0x000001af       0x34 ./Drivers/STM32L4xx_HAL_Driver/Src/stm32l4xx_hal_adc_ex.o
 .ARM.attributes
                0x000001e3       0x34 ./Drivers/STM32L4xx_HAL_Driver/Src/stm32l4xx_hal_cortex.o
 .ARM.attributes
                0x00000217       0x34 ./Drivers/STM32L4xx_HAL_Driver/Src/stm32l4xx_hal_dac.o
 .ARM.attributes
                0x0000024b       0x34 ./Drivers/STM32L4xx_HAL_Driver/Src/stm32l4xx_hal_dac_ex.o
 .ARM.attributes
                0x0000027f       0x34 ./Drivers/STM32L4xx_HAL_Driver/Src/stm32l4xx_hal_dma.o
 .ARM.attributes
                0x000002b3       0x34 ./Drivers/STM32L4xx_HAL_Driver/Src/stm32l4xx_hal_gpio.o
 .ARM.attributes
                0x000002e7       0x34 ./Drivers/STM32L4xx_HAL_Driver/Src/stm32l4xx_hal_i2c.o
 .ARM.attributes
                0x0000031b       0x34 ./Drivers/STM32L4xx_HAL_Driver/Src/stm32l4xx_hal_i2c_ex.o
 .ARM.attributes
                0x0000034f       0x34 ./Drivers/STM32L4xx_HAL_Driver/Src/stm32l4xx_hal_pwr_ex.o
 .ARM.attributes
                0x00000383       0x34 ./Drivers/STM32L4xx_HAL_Driver/Src/stm32l4xx_hal_rcc.o
 .ARM.attributes
                0x000003b7       0x34 ./Drivers/STM32L4xx_HAL_Driver/Src/stm32l4xx_hal_rcc_ex.o
 .ARM.attributes
                0x000003eb       0x34 ./Drivers/STM32L4xx_HAL_Driver/Src/stm32l4xx_hal_spi.o
 .ARM.attributes
                0x0000041f       0x34 ./Drivers/STM32L4xx_HAL_Driver/Src/stm32l4xx_hal_tim.o
 .ARM.attributes
                0x00000453       0x34 ./Drivers/STM32L4xx_HAL_Driver/Src/stm32l4xx_hal_tim_ex.o
 .ARM.attributes
                0x00000487       0x34 ./Drivers/STM32L4xx_HAL_Driver/Src/stm32l4xx_hal_uart.o
 .ARM.attributes
                0x000004bb       0x34 ./Drivers/STM32L4xx_HAL_Driver/Src/stm32l4xx_hal_uart_ex.o
 .ARM.attributes
                0x000004ef       0x34 C:/ST/STM32CubeIDE_1.17.0/STM32CubeIDE/plugins/com.st.stm32cube.ide.mcu.externaltools.gnu-tools-for-stm32.12.3.rel1.win32_1.1.0.202410251130/tools/bin/../lib/gcc/arm-none-eabi/12.3.1/../../../../arm-none-eabi/lib/thumb/v7e-m+fp/hard\libc_nano.a(libc_a-memset.o)
 .ARM.attributes
                0x00000523       0x34 C:/ST/STM32CubeIDE_1.17.0/STM32CubeIDE/plugins/com.st.stm32cube.ide.mcu.externaltools.gnu-tools-for-stm32.12.3.rel1.win32_1.1.0.202410251130/tools/bin/../lib/gcc/arm-none-eabi/12.3.1/../../../../arm-none-eabi/lib/thumb/v7e-m+fp/hard\libc_nano.a(libc_a-init.o)
 .ARM.attributes
                0x00000557       0x22 C:/ST/STM32CubeIDE_1.17.0/STM32CubeIDE/plugins/com.st.stm32cube.ide.mcu.externaltools.gnu-tools-for-stm32.12.3.rel1.win32_1.1.0.202410251130/tools/bin/../lib/gcc/arm-none-eabi/12.3.1/thumb/v7e-m+fp/hard\libgcc.a(_aeabi_uldivmod.o)
 .ARM.attributes
                0x00000579       0x34 C:/ST/STM32CubeIDE_1.17.0/STM32CubeIDE/plugins/com.st.stm32cube.ide.mcu.externaltools.gnu-tools-for-stm32.12.3.rel1.win32_1.1.0.202410251130/tools/bin/../lib/gcc/arm-none-eabi/12.3.1/thumb/v7e-m+fp/hard\libgcc.a(_udivmoddi4.o)
 .ARM.attributes
                0x000005ad       0x22 C:/ST/STM32CubeIDE_1.17.0/STM32CubeIDE/plugins/com.st.stm32cube.ide.mcu.externaltools.gnu-tools-for-stm32.12.3.rel1.win32_1.1.0.202410251130/tools/bin/../lib/gcc/arm-none-eabi/12.3.1/thumb/v7e-m+fp/hard\libgcc.a(_dvmd_tls.o)
 .ARM.attributes
                0x000005cf       0x22 C:/ST/STM32CubeIDE_1.17.0/STM32CubeIDE/plugins/com.st.stm32cube.ide.mcu.externaltools.gnu-tools-for-stm32.12.3.rel1.win32_1.1.0.202410251130/tools/bin/../lib/gcc/arm-none-eabi/12.3.1/thumb/v7e-m+fp/hard/crtn.o
OUTPUT(Final_Project.elf elf32-littlearm)
LOAD linker stubs
LOAD C:/ST/STM32CubeIDE_1.17.0/STM32CubeIDE/plugins/com.st.stm32cube.ide.mcu.externaltools.gnu-tools-for-stm32.12.3.rel1.win32_1.1.0.202410251130/tools/bin/../lib/gcc/arm-none-eabi/12.3.1/../../../../arm-none-eabi/lib/thumb/v7e-m+fp/hard\libc.a
LOAD C:/ST/STM32CubeIDE_1.17.0/STM32CubeIDE/plugins/com.st.stm32cube.ide.mcu.externaltools.gnu-tools-for-stm32.12.3.rel1.win32_1.1.0.202410251130/tools/bin/../lib/gcc/arm-none-eabi/12.3.1/../../../../arm-none-eabi/lib/thumb/v7e-m+fp/hard\libm.a
LOAD C:/ST/STM32CubeIDE_1.17.0/STM32CubeIDE/plugins/com.st.stm32cube.ide.mcu.externaltools.gnu-tools-for-stm32.12.3.rel1.win32_1.1.0.202410251130/tools/bin/../lib/gcc/arm-none-eabi/12.3.1/thumb/v7e-m+fp/hard\libgcc.a

.debug_info     0x00000000    0x1c57e
 .debug_info    0x00000000     0x2e51 ./Core/Src/main.o
 .debug_info    0x00002e51     0x21de ./Core/Src/stm32l4xx_hal_msp.o
 .debug_info    0x0000502f      0xd77 ./Core/Src/stm32l4xx_it.o
 .debug_info    0x00005da6      0x5b1 ./Core/Src/system_stm32l4xx.o
 .debug_info    0x00006357       0x30 ./Core/Startup/startup_stm32l476rgtx.o
 .debug_info    0x00006387      0xc09 ./Drivers/STM32L4xx_HAL_Driver/Src/stm32l4xx_hal.o
 .debug_info    0x00006f90     0x1db8 ./Drivers/STM32L4xx_HAL_Driver/Src/stm32l4xx_hal_adc.o
 .debug_info    0x00008d48     0x1b24 ./Drivers/STM32L4xx_HAL_Driver/Src/stm32l4xx_hal_adc_ex.o
 .debug_info    0x0000a86c      0xd81 ./Drivers/STM32L4xx_HAL_Driver/Src/stm32l4xx_hal_cortex.o
 .debug_info    0x0000b5ed      0xa6f ./Drivers/STM32L4xx_HAL_Driver/Src/stm32l4xx_hal_dac.o
 .debug_info    0x0000c05c      0x8e4 ./Drivers/STM32L4xx_HAL_Driver/Src/stm32l4xx_hal_dac_ex.o
 .debug_info    0x0000c940      0x6f4 ./Drivers/STM32L4xx_HAL_Driver/Src/stm32l4xx_hal_dma.o
 .debug_info    0x0000d034      0x757 ./Drivers/STM32L4xx_HAL_Driver/Src/stm32l4xx_hal_gpio.o
 .debug_info    0x0000d78b     0x20d2 ./Drivers/STM32L4xx_HAL_Driver/Src/stm32l4xx_hal_i2c.o
 .debug_info    0x0000f85d      0x975 ./Drivers/STM32L4xx_HAL_Driver/Src/stm32l4xx_hal_i2c_ex.o
 .debug_info    0x000101d2      0x99e ./Drivers/STM32L4xx_HAL_Driver/Src/stm32l4xx_hal_pwr_ex.o
 .debug_info    0x00010b70      0xc14 ./Drivers/STM32L4xx_HAL_Driver/Src/stm32l4xx_hal_rcc.o
 .debug_info    0x00011784      0xe11 ./Drivers/STM32L4xx_HAL_Driver/Src/stm32l4xx_hal_rcc_ex.o
 .debug_info    0x00012595     0x1549 ./Drivers/STM32L4xx_HAL_Driver/Src/stm32l4xx_hal_spi.o
 .debug_info    0x00013ade     0x2a9a ./Drivers/STM32L4xx_HAL_Driver/Src/stm32l4xx_hal_tim.o
 .debug_info    0x00016578     0x169e ./Drivers/STM32L4xx_HAL_Driver/Src/stm32l4xx_hal_tim_ex.o
 .debug_info    0x00017c16     0x3b69 ./Drivers/STM32L4xx_HAL_Driver/Src/stm32l4xx_hal_uart.o
 .debug_info    0x0001b77f      0xdff ./Drivers/STM32L4xx_HAL_Driver/Src/stm32l4xx_hal_uart_ex.o

.debug_abbrev   0x00000000     0x34f5
 .debug_abbrev  0x00000000      0x3fd ./Core/Src/main.o
 .debug_abbrev  0x000003fd      0x250 ./Core/Src/stm32l4xx_hal_msp.o
 .debug_abbrev  0x0000064d      0x1b6 ./Core/Src/stm32l4xx_it.o
 .debug_abbrev  0x00000803      0x11a ./Core/Src/system_stm32l4xx.o
 .debug_abbrev  0x0000091d       0x24 ./Core/Startup/startup_stm32l476rgtx.o
 .debug_abbrev  0x00000941      0x243 ./Drivers/STM32L4xx_HAL_Driver/Src/stm32l4xx_hal.o
 .debug_abbrev  0x00000b84      0x2de ./Drivers/STM32L4xx_HAL_Driver/Src/stm32l4xx_hal_adc.o
 .debug_abbrev  0x00000e62      0x2f1 ./Drivers/STM32L4xx_HAL_Driver/Src/stm32l4xx_hal_adc_ex.o
 .debug_abbrev  0x00001153      0x31c ./Drivers/STM32L4xx_HAL_Driver/Src/stm32l4xx_hal_cortex.o
 .debug_abbrev  0x0000146f      0x21b ./Drivers/STM32L4xx_HAL_Driver/Src/stm32l4xx_hal_dac.o
 .debug_abbrev  0x0000168a      0x245 ./Drivers/STM32L4xx_HAL_Driver/Src/stm32l4xx_hal_dac_ex.o
 .debug_abbrev  0x000018cf      0x1e4 ./Drivers/STM32L4xx_HAL_Driver/Src/stm32l4xx_hal_dma.o
 .debug_abbrev  0x00001ab3      0x1cb ./Drivers/STM32L4xx_HAL_Driver/Src/stm32l4xx_hal_gpio.o
 .debug_abbrev  0x00001c7e      0x261 ./Drivers/STM32L4xx_HAL_Driver/Src/stm32l4xx_hal_i2c.o
 .debug_abbrev  0x00001edf      0x1c3 ./Drivers/STM32L4xx_HAL_Driver/Src/stm32l4xx_hal_i2c_ex.o
 .debug_abbrev  0x000020a2      0x1f9 ./Drivers/STM32L4xx_HAL_Driver/Src/stm32l4xx_hal_pwr_ex.o
 .debug_abbrev  0x0000229b      0x2cb ./Drivers/STM32L4xx_HAL_Driver/Src/stm32l4xx_hal_rcc.o
 .debug_abbrev  0x00002566      0x2a6 ./Drivers/STM32L4xx_HAL_Driver/Src/stm32l4xx_hal_rcc_ex.o
 .debug_abbrev  0x0000280c      0x260 ./Drivers/STM32L4xx_HAL_Driver/Src/stm32l4xx_hal_spi.o
 .debug_abbrev  0x00002a6c      0x278 ./Drivers/STM32L4xx_HAL_Driver/Src/stm32l4xx_hal_tim.o
 .debug_abbrev  0x00002ce4      0x283 ./Drivers/STM32L4xx_HAL_Driver/Src/stm32l4xx_hal_tim_ex.o
 .debug_abbrev  0x00002f67      0x2d0 ./Drivers/STM32L4xx_HAL_Driver/Src/stm32l4xx_hal_uart.o
 .debug_abbrev  0x00003237      0x2be ./Drivers/STM32L4xx_HAL_Driver/Src/stm32l4xx_hal_uart_ex.o

.debug_aranges  0x00000000     0x1a78
 .debug_aranges
                0x00000000      0x140 ./Core/Src/main.o
 .debug_aranges
                0x00000140       0x88 ./Core/Src/stm32l4xx_hal_msp.o
 .debug_aranges
                0x000001c8       0xa8 ./Core/Src/stm32l4xx_it.o
 .debug_aranges
                0x00000270       0x28 ./Core/Src/system_stm32l4xx.o
 .debug_aranges
                0x00000298       0x28 ./Core/Startup/startup_stm32l476rgtx.o
 .debug_aranges
                0x000002c0      0x130 ./Drivers/STM32L4xx_HAL_Driver/Src/stm32l4xx_hal.o
 .debug_aranges
                0x000003f0      0x220 ./Drivers/STM32L4xx_HAL_Driver/Src/stm32l4xx_hal_adc.o
 .debug_aranges
                0x00000610      0x1a8 ./Drivers/STM32L4xx_HAL_Driver/Src/stm32l4xx_hal_adc_ex.o
 .debug_aranges
                0x000007b8      0x128 ./Drivers/STM32L4xx_HAL_Driver/Src/stm32l4xx_hal_cortex.o
 .debug_aranges
                0x000008e0       0xc0 ./Drivers/STM32L4xx_HAL_Driver/Src/stm32l4xx_hal_dac.o
 .debug_aranges
                0x000009a0       0x88 ./Drivers/STM32L4xx_HAL_Driver/Src/stm32l4xx_hal_dac_ex.o
 .debug_aranges
                0x00000a28       0x80 ./Drivers/STM32L4xx_HAL_Driver/Src/stm32l4xx_hal_dma.o
 .debug_aranges
                0x00000aa8       0x58 ./Drivers/STM32L4xx_HAL_Driver/Src/stm32l4xx_hal_gpio.o
 .debug_aranges
                0x00000b00      0x2a0 ./Drivers/STM32L4xx_HAL_Driver/Src/stm32l4xx_hal_i2c.o
 .debug_aranges
                0x00000da0       0x48 ./Drivers/STM32L4xx_HAL_Driver/Src/stm32l4xx_hal_i2c_ex.o
 .debug_aranges
                0x00000de8      0x160 ./Drivers/STM32L4xx_HAL_Driver/Src/stm32l4xx_hal_pwr_ex.o
 .debug_aranges
                0x00000f48       0x90 ./Drivers/STM32L4xx_HAL_Driver/Src/stm32l4xx_hal_rcc.o
 .debug_aranges
                0x00000fd8       0xc0 ./Drivers/STM32L4xx_HAL_Driver/Src/stm32l4xx_hal_rcc_ex.o
 .debug_aranges
                0x00001098      0x1d8 ./Drivers/STM32L4xx_HAL_Driver/Src/stm32l4xx_hal_spi.o
 .debug_aranges
                0x00001270      0x3e0 ./Drivers/STM32L4xx_HAL_Driver/Src/stm32l4xx_hal_tim.o
 .debug_aranges
                0x00001650      0x180 ./Drivers/STM32L4xx_HAL_Driver/Src/stm32l4xx_hal_tim_ex.o
 .debug_aranges
                0x000017d0      0x228 ./Drivers/STM32L4xx_HAL_Driver/Src/stm32l4xx_hal_uart.o
 .debug_aranges
                0x000019f8       0x80 ./Drivers/STM32L4xx_HAL_Driver/Src/stm32l4xx_hal_uart_ex.o

.debug_rnglists
                0x00000000     0x14cd
 .debug_rnglists
                0x00000000       0xf7 ./Core/Src/main.o
 .debug_rnglists
                0x000000f7       0x67 ./Core/Src/stm32l4xx_hal_msp.o
 .debug_rnglists
                0x0000015e       0x79 ./Core/Src/stm32l4xx_it.o
 .debug_rnglists
                0x000001d7       0x1a ./Core/Src/system_stm32l4xx.o
 .debug_rnglists
                0x000001f1       0x19 ./Core/Startup/startup_stm32l476rgtx.o
 .debug_rnglists
                0x0000020a       0xdf ./Drivers/STM32L4xx_HAL_Driver/Src/stm32l4xx_hal.o
 .debug_rnglists
                0x000002e9      0x1b1 ./Drivers/STM32L4xx_HAL_Driver/Src/stm32l4xx_hal_adc.o
 .debug_rnglists
                0x0000049a      0x148 ./Drivers/STM32L4xx_HAL_Driver/Src/stm32l4xx_hal_adc_ex.o
 .debug_rnglists
                0x000005e2       0xda ./Drivers/STM32L4xx_HAL_Driver/Src/stm32l4xx_hal_cortex.o
 .debug_rnglists
                0x000006bc       0x90 ./Drivers/STM32L4xx_HAL_Driver/Src/stm32l4xx_hal_dac.o
 .debug_rnglists
                0x0000074c       0x62 ./Drivers/STM32L4xx_HAL_Driver/Src/stm32l4xx_hal_dac_ex.o
 .debug_rnglists
                0x000007ae       0x64 ./Drivers/STM32L4xx_HAL_Driver/Src/stm32l4xx_hal_dma.o
 .debug_rnglists
                0x00000812       0x3f ./Drivers/STM32L4xx_HAL_Driver/Src/stm32l4xx_hal_gpio.o
 .debug_rnglists
                0x00000851      0x228 ./Drivers/STM32L4xx_HAL_Driver/Src/stm32l4xx_hal_i2c.o
 .debug_rnglists
                0x00000a79       0x35 ./Drivers/STM32L4xx_HAL_Driver/Src/stm32l4xx_hal_i2c_ex.o
 .debug_rnglists
                0x00000aae      0x109 ./Drivers/STM32L4xx_HAL_Driver/Src/stm32l4xx_hal_pwr_ex.o
 .debug_rnglists
                0x00000bb7       0x6d ./Drivers/STM32L4xx_HAL_Driver/Src/stm32l4xx_hal_rcc.o
 .debug_rnglists
                0x00000c24       0x95 ./Drivers/STM32L4xx_HAL_Driver/Src/stm32l4xx_hal_rcc_ex.o
 .debug_rnglists
                0x00000cb9      0x178 ./Drivers/STM32L4xx_HAL_Driver/Src/stm32l4xx_hal_spi.o
 .debug_rnglists
                0x00000e31      0x328 ./Drivers/STM32L4xx_HAL_Driver/Src/stm32l4xx_hal_tim.o
 .debug_rnglists
                0x00001159      0x139 ./Drivers/STM32L4xx_HAL_Driver/Src/stm32l4xx_hal_tim_ex.o
 .debug_rnglists
                0x00001292      0x1db ./Drivers/STM32L4xx_HAL_Driver/Src/stm32l4xx_hal_uart.o
 .debug_rnglists
                0x0000146d       0x60 ./Drivers/STM32L4xx_HAL_Driver/Src/stm32l4xx_hal_uart_ex.o

.debug_macro    0x00000000    0x2a4cd
 .debug_macro   0x00000000      0x3a0 ./Core/Src/main.o
 .debug_macro   0x000003a0      0xab4 ./Core/Src/main.o
 .debug_macro   0x00000e54      0x1bf ./Core/Src/main.o
 .debug_macro   0x00001013       0x2e ./Core/Src/main.o
 .debug_macro   0x00001041       0x28 ./Core/Src/main.o
 .debug_macro   0x00001069       0x22 ./Core/Src/main.o
 .debug_macro   0x0000108b       0x8e ./Core/Src/main.o
 .debug_macro   0x00001119       0x51 ./Core/Src/main.o
 .debug_macro   0x0000116a      0x103 ./Core/Src/main.o
 .debug_macro   0x0000126d       0x6a ./Core/Src/main.o
 .debug_macro   0x000012d7      0x1df ./Core/Src/main.o
 .debug_macro   0x000014b6       0x1c ./Core/Src/main.o
 .debug_macro   0x000014d2       0x22 ./Core/Src/main.o
 .debug_macro   0x000014f4       0xfb ./Core/Src/main.o
 .debug_macro   0x000015ef     0x1011 ./Core/Src/main.o
 .debug_macro   0x00002600      0x11f ./Core/Src/main.o
 .debug_macro   0x0000271f    0x1a17a ./Core/Src/main.o
 .debug_macro   0x0001c899       0x6d ./Core/Src/main.o
 .debug_macro   0x0001c906     0x38fb ./Core/Src/main.o
 .debug_macro   0x00020201      0x189 ./Core/Src/main.o
 .debug_macro   0x0002038a       0x5c ./Core/Src/main.o
 .debug_macro   0x000203e6     0x159e ./Core/Src/main.o
 .debug_macro   0x00021984      0x5a5 ./Core/Src/main.o
 .debug_macro   0x00021f29      0x1b9 ./Core/Src/main.o
 .debug_macro   0x000220e2      0x18b ./Core/Src/main.o
 .debug_macro   0x0002226d      0x26b ./Core/Src/main.o
 .debug_macro   0x000224d8      0x23d ./Core/Src/main.o
 .debug_macro   0x00022715      0xf91 ./Core/Src/main.o
 .debug_macro   0x000236a6      0x632 ./Core/Src/main.o
 .debug_macro   0x00023cd8      0x30c ./Core/Src/main.o
 .debug_macro   0x00023fe4      0x153 ./Core/Src/main.o
 .debug_macro   0x00024137       0xd8 ./Core/Src/main.o
 .debug_macro   0x0002420f      0x241 ./Core/Src/main.o
 .debug_macro   0x00024450      0x37c ./Core/Src/main.o
 .debug_macro   0x000247cc       0xd6 ./Core/Src/main.o
 .debug_macro   0x000248a2      0x22c ./Core/Src/main.o
 .debug_macro   0x00024ace       0x61 ./Core/Src/main.o
 .debug_macro   0x00024b2f       0xa5 ./Core/Src/main.o
 .debug_macro   0x00024bd4      0x122 ./Core/Src/main.o
 .debug_macro   0x00024cf6      0x3ef ./Core/Src/main.o
 .debug_macro   0x000250e5      0x2fe ./Core/Src/main.o
 .debug_macro   0x000253e3      0xa98 ./Core/Src/main.o
 .debug_macro   0x00025e7b      0x1e6 ./Core/Src/main.o
 .debug_macro   0x00026061      0x5cf ./Core/Src/main.o
 .debug_macro   0x00026630       0x44 ./Core/Src/main.o
 .debug_macro   0x00026674      0x330 ./Core/Src/main.o
 .debug_macro   0x000269a4       0xc4 ./Core/Src/main.o
 .debug_macro   0x00026a68       0x61 ./Core/Src/main.o
 .debug_macro   0x00026ac9       0x2a ./Core/Src/main.o
 .debug_macro   0x00026af3       0x43 ./Core/Src/main.o
 .debug_macro   0x00026b36       0x34 ./Core/Src/main.o
 .debug_macro   0x00026b6a       0x16 ./Core/Src/main.o
 .debug_macro   0x00026b80       0x35 ./Core/Src/main.o
 .debug_macro   0x00026bb5      0x369 ./Core/Src/main.o
 .debug_macro   0x00026f1e       0x10 ./Core/Src/main.o
 .debug_macro   0x00026f2e       0x16 ./Core/Src/main.o
 .debug_macro   0x00026f44       0x43 ./Core/Src/main.o
 .debug_macro   0x00026f87       0x34 ./Core/Src/main.o
 .debug_macro   0x00026fbb       0x10 ./Core/Src/main.o
 .debug_macro   0x00026fcb       0x58 ./Core/Src/main.o
 .debug_macro   0x00027023       0x8e ./Core/Src/main.o
 .debug_macro   0x000270b1       0x1c ./Core/Src/main.o
 .debug_macro   0x000270cd      0x177 ./Core/Src/main.o
 .debug_macro   0x00027244       0x16 ./Core/Src/main.o
 .debug_macro   0x0002725a       0x16 ./Core/Src/main.o
 .debug_macro   0x00027270      0x146 ./Core/Src/main.o
 .debug_macro   0x000273b6       0x22 ./Core/Src/main.o
 .debug_macro   0x000273d8      0x19b ./Core/Src/main.o
 .debug_macro   0x00027573      0x234 ./Core/Src/stm32l4xx_hal_msp.o
 .debug_macro   0x000277a7      0x23e ./Core/Src/stm32l4xx_it.o
 .debug_macro   0x000279e5      0x225 ./Core/Src/system_stm32l4xx.o
 .debug_macro   0x00027c0a      0x273 ./Drivers/STM32L4xx_HAL_Driver/Src/stm32l4xx_hal.o
 .debug_macro   0x00027e7d      0x242 ./Drivers/STM32L4xx_HAL_Driver/Src/stm32l4xx_hal_adc.o
 .debug_macro   0x000280bf      0x231 ./Drivers/STM32L4xx_HAL_Driver/Src/stm32l4xx_hal_adc_ex.o
 .debug_macro   0x000282f0      0x225 ./Drivers/STM32L4xx_HAL_Driver/Src/stm32l4xx_hal_cortex.o
 .debug_macro   0x00028515      0x234 ./Drivers/STM32L4xx_HAL_Driver/Src/stm32l4xx_hal_dac.o
 .debug_macro   0x00028749      0x225 ./Drivers/STM32L4xx_HAL_Driver/Src/stm32l4xx_hal_dac_ex.o
 .debug_macro   0x0002896e      0x225 ./Drivers/STM32L4xx_HAL_Driver/Src/stm32l4xx_hal_dma.o
 .debug_macro   0x00028b93      0x22c ./Drivers/STM32L4xx_HAL_Driver/Src/stm32l4xx_hal_gpio.o
 .debug_macro   0x00028dbf      0x2f1 ./Drivers/STM32L4xx_HAL_Driver/Src/stm32l4xx_hal_i2c.o
 .debug_macro   0x000290b0      0x225 ./Drivers/STM32L4xx_HAL_Driver/Src/stm32l4xx_hal_i2c_ex.o
 .debug_macro   0x000292d5      0x249 ./Drivers/STM32L4xx_HAL_Driver/Src/stm32l4xx_hal_pwr_ex.o
 .debug_macro   0x0002951e      0x267 ./Drivers/STM32L4xx_HAL_Driver/Src/stm32l4xx_hal_rcc.o
 .debug_macro   0x00029785      0x25b ./Drivers/STM32L4xx_HAL_Driver/Src/stm32l4xx_hal_rcc_ex.o
 .debug_macro   0x000299e0      0x22d ./Drivers/STM32L4xx_HAL_Driver/Src/stm32l4xx_hal_spi.o
 .debug_macro   0x00029c0d      0x226 ./Drivers/STM32L4xx_HAL_Driver/Src/stm32l4xx_hal_tim.o
 .debug_macro   0x00029e33      0x225 ./Drivers/STM32L4xx_HAL_Driver/Src/stm32l4xx_hal_tim_ex.o
 .debug_macro   0x0002a058      0x250 ./Drivers/STM32L4xx_HAL_Driver/Src/stm32l4xx_hal_uart.o
 .debug_macro   0x0002a2a8      0x225 ./Drivers/STM32L4xx_HAL_Driver/Src/stm32l4xx_hal_uart_ex.o

.debug_line     0x00000000    0x1f382
 .debug_line    0x00000000     0x16f5 ./Core/Src/main.o
 .debug_line    0x000016f5      0xace ./Core/Src/stm32l4xx_hal_msp.o
 .debug_line    0x000021c3      0x9be ./Core/Src/stm32l4xx_it.o
 .debug_line    0x00002b81      0x8bc ./Core/Src/system_stm32l4xx.o
 .debug_line    0x0000343d       0x7a ./Core/Startup/startup_stm32l476rgtx.o
 .debug_line    0x000034b7      0xc18 ./Drivers/STM32L4xx_HAL_Driver/Src/stm32l4xx_hal.o
 .debug_line    0x000040cf     0x2030 ./Drivers/STM32L4xx_HAL_Driver/Src/stm32l4xx_hal_adc.o
 .debug_line    0x000060ff     0x1a3d ./Drivers/STM32L4xx_HAL_Driver/Src/stm32l4xx_hal_adc_ex.o
 .debug_line    0x00007b3c      0xde0 ./Drivers/STM32L4xx_HAL_Driver/Src/stm32l4xx_hal_cortex.o
 .debug_line    0x0000891c      0xcfd ./Drivers/STM32L4xx_HAL_Driver/Src/stm32l4xx_hal_dac.o
 .debug_line    0x00009619      0xb1d ./Drivers/STM32L4xx_HAL_Driver/Src/stm32l4xx_hal_dac_ex.o
 .debug_line    0x0000a136      0xe1c ./Drivers/STM32L4xx_HAL_Driver/Src/stm32l4xx_hal_dma.o
 .debug_line    0x0000af52      0xca3 ./Drivers/STM32L4xx_HAL_Driver/Src/stm32l4xx_hal_gpio.o
 .debug_line    0x0000bbf5     0x3b4a ./Drivers/STM32L4xx_HAL_Driver/Src/stm32l4xx_hal_i2c.o
 .debug_line    0x0000f73f      0xa3f ./Drivers/STM32L4xx_HAL_Driver/Src/stm32l4xx_hal_i2c_ex.o
 .debug_line    0x0001017e      0xe09 ./Drivers/STM32L4xx_HAL_Driver/Src/stm32l4xx_hal_pwr_ex.o
 .debug_line    0x00010f87     0x1090 ./Drivers/STM32L4xx_HAL_Driver/Src/stm32l4xx_hal_rcc.o
 .debug_line    0x00012017     0x1602 ./Drivers/STM32L4xx_HAL_Driver/Src/stm32l4xx_hal_rcc_ex.o
 .debug_line    0x00013619     0x20ed ./Drivers/STM32L4xx_HAL_Driver/Src/stm32l4xx_hal_spi.o
 .debug_line    0x00015706     0x3f26 ./Drivers/STM32L4xx_HAL_Driver/Src/stm32l4xx_hal_tim.o
 .debug_line    0x0001962c     0x1d10 ./Drivers/STM32L4xx_HAL_Driver/Src/stm32l4xx_hal_tim_ex.o
 .debug_line    0x0001b33c     0x3329 ./Drivers/STM32L4xx_HAL_Driver/Src/stm32l4xx_hal_uart.o
 .debug_line    0x0001e665      0xd1d ./Drivers/STM32L4xx_HAL_Driver/Src/stm32l4xx_hal_uart_ex.o

.debug_str      0x00000000   0x10d48d
 .debug_str     0x00000000   0x107296 ./Core/Src/main.o
                             0x107b28 (size before relaxing)
 .debug_str     0x00107296      0x180 ./Core/Src/stm32l4xx_hal_msp.o
                             0x1031f1 (size before relaxing)
 .debug_str     0x00107416      0x1cd ./Core/Src/stm32l4xx_it.o
                             0x10222f (size before relaxing)
 .debug_str     0x001075e3       0xf2 ./Core/Src/system_stm32l4xx.o
                             0x1016c9 (size before relaxing)
 .debug_str     0x001076d5       0x44 ./Core/Startup/startup_stm32l476rgtx.o
                                 0xa5 (size before relaxing)
 .debug_str     0x00107719      0x67d ./Drivers/STM32L4xx_HAL_Driver/Src/stm32l4xx_hal.o
                             0x1022c8 (size before relaxing)
 .debug_str     0x00107d96      0xa49 ./Drivers/STM32L4xx_HAL_Driver/Src/stm32l4xx_hal_adc.o
                             0x102510 (size before relaxing)
 .debug_str     0x001087df      0x665 ./Drivers/STM32L4xx_HAL_Driver/Src/stm32l4xx_hal_adc_ex.o
                             0x1024b9 (size before relaxing)
 .debug_str     0x00108e44      0x355 ./Drivers/STM32L4xx_HAL_Driver/Src/stm32l4xx_hal_cortex.o
                             0x101f42 (size before relaxing)
 .debug_str     0x00109199      0x201 ./Drivers/STM32L4xx_HAL_Driver/Src/stm32l4xx_hal_dac.o
                             0x101b95 (size before relaxing)
 .debug_str     0x0010939a      0x18d ./Drivers/STM32L4xx_HAL_Driver/Src/stm32l4xx_hal_dac_ex.o
                             0x101ac4 (size before relaxing)
 .debug_str     0x00109527      0x205 ./Drivers/STM32L4xx_HAL_Driver/Src/stm32l4xx_hal_dma.o
                             0x101933 (size before relaxing)
 .debug_str     0x0010972c       0xea ./Drivers/STM32L4xx_HAL_Driver/Src/stm32l4xx_hal_gpio.o
                             0x101842 (size before relaxing)
 .debug_str     0x00109816      0xdaf ./Drivers/STM32L4xx_HAL_Driver/Src/stm32l4xx_hal_i2c.o
                             0x1028ca (size before relaxing)
 .debug_str     0x0010a5c5       0xb8 ./Drivers/STM32L4xx_HAL_Driver/Src/stm32l4xx_hal_i2c_ex.o
                             0x101bd6 (size before relaxing)
 .debug_str     0x0010a67d      0x4d3 ./Drivers/STM32L4xx_HAL_Driver/Src/stm32l4xx_hal_pwr_ex.o
                             0x101c24 (size before relaxing)
 .debug_str     0x0010ab50      0x33a ./Drivers/STM32L4xx_HAL_Driver/Src/stm32l4xx_hal_rcc.o
                             0x101d0f (size before relaxing)
 .debug_str     0x0010ae8a      0x3b5 ./Drivers/STM32L4xx_HAL_Driver/Src/stm32l4xx_hal_rcc_ex.o
                             0x101e88 (size before relaxing)
 .debug_str     0x0010b23f      0x54c ./Drivers/STM32L4xx_HAL_Driver/Src/stm32l4xx_hal_spi.o
                             0x101ee4 (size before relaxing)
 .debug_str     0x0010b78b      0xd25 ./Drivers/STM32L4xx_HAL_Driver/Src/stm32l4xx_hal_tim.o
                             0x102a09 (size before relaxing)
 .debug_str     0x0010c4b0      0x57f ./Drivers/STM32L4xx_HAL_Driver/Src/stm32l4xx_hal_tim_ex.o
                             0x10231d (size before relaxing)
 .debug_str     0x0010ca2f      0x867 ./Drivers/STM32L4xx_HAL_Driver/Src/stm32l4xx_hal_uart.o
                             0x102421 (size before relaxing)
 .debug_str     0x0010d296      0x1f7 ./Drivers/STM32L4xx_HAL_Driver/Src/stm32l4xx_hal_uart_ex.o
                             0x101c4d (size before relaxing)

.comment        0x00000000       0x43
 .comment       0x00000000       0x43 ./Core/Src/main.o
                                 0x44 (size before relaxing)
 .comment       0x00000043       0x44 ./Core/Src/stm32l4xx_hal_msp.o
 .comment       0x00000043       0x44 ./Core/Src/stm32l4xx_it.o
 .comment       0x00000043       0x44 ./Core/Src/system_stm32l4xx.o
 .comment       0x00000043       0x44 ./Drivers/STM32L4xx_HAL_Driver/Src/stm32l4xx_hal.o
 .comment       0x00000043       0x44 ./Drivers/STM32L4xx_HAL_Driver/Src/stm32l4xx_hal_adc.o
 .comment       0x00000043       0x44 ./Drivers/STM32L4xx_HAL_Driver/Src/stm32l4xx_hal_adc_ex.o
 .comment       0x00000043       0x44 ./Drivers/STM32L4xx_HAL_Driver/Src/stm32l4xx_hal_cortex.o
 .comment       0x00000043       0x44 ./Drivers/STM32L4xx_HAL_Driver/Src/stm32l4xx_hal_dac.o
 .comment       0x00000043       0x44 ./Drivers/STM32L4xx_HAL_Driver/Src/stm32l4xx_hal_dac_ex.o
 .comment       0x00000043       0x44 ./Drivers/STM32L4xx_HAL_Driver/Src/stm32l4xx_hal_dma.o
 .comment       0x00000043       0x44 ./Drivers/STM32L4xx_HAL_Driver/Src/stm32l4xx_hal_gpio.o
 .comment       0x00000043       0x44 ./Drivers/STM32L4xx_HAL_Driver/Src/stm32l4xx_hal_i2c.o
 .comment       0x00000043       0x44 ./Drivers/STM32L4xx_HAL_Driver/Src/stm32l4xx_hal_i2c_ex.o
 .comment       0x00000043       0x44 ./Drivers/STM32L4xx_HAL_Driver/Src/stm32l4xx_hal_pwr_ex.o
 .comment       0x00000043       0x44 ./Drivers/STM32L4xx_HAL_Driver/Src/stm32l4xx_hal_rcc.o
 .comment       0x00000043       0x44 ./Drivers/STM32L4xx_HAL_Driver/Src/stm32l4xx_hal_rcc_ex.o
 .comment       0x00000043       0x44 ./Drivers/STM32L4xx_HAL_Driver/Src/stm32l4xx_hal_spi.o
 .comment       0x00000043       0x44 ./Drivers/STM32L4xx_HAL_Driver/Src/stm32l4xx_hal_tim.o
 .comment       0x00000043       0x44 ./Drivers/STM32L4xx_HAL_Driver/Src/stm32l4xx_hal_tim_ex.o
 .comment       0x00000043       0x44 ./Drivers/STM32L4xx_HAL_Driver/Src/stm32l4xx_hal_uart.o
 .comment       0x00000043       0x44 ./Drivers/STM32L4xx_HAL_Driver/Src/stm32l4xx_hal_uart_ex.o

.debug_frame    0x00000000     0x7314
 .debug_frame   0x00000000      0x520 ./Core/Src/main.o
 .debug_frame   0x00000520      0x214 ./Core/Src/stm32l4xx_hal_msp.o
 .debug_frame   0x00000734      0x200 ./Core/Src/stm32l4xx_it.o
 .debug_frame   0x00000934       0x58 ./Core/Src/system_stm32l4xx.o
 .debug_frame   0x0000098c      0x498 ./Drivers/STM32L4xx_HAL_Driver/Src/stm32l4xx_hal.o
 .debug_frame   0x00000e24      0xa04 ./Drivers/STM32L4xx_HAL_Driver/Src/stm32l4xx_hal_adc.o
 .debug_frame   0x00001828      0x7a4 ./Drivers/STM32L4xx_HAL_Driver/Src/stm32l4xx_hal_adc_ex.o
 .debug_frame   0x00001fcc      0x4e8 ./Drivers/STM32L4xx_HAL_Driver/Src/stm32l4xx_hal_cortex.o
 .debug_frame   0x000024b4      0x338 ./Drivers/STM32L4xx_HAL_Driver/Src/stm32l4xx_hal_dac.o
 .debug_frame   0x000027ec      0x234 ./Drivers/STM32L4xx_HAL_Driver/Src/stm32l4xx_hal_dac_ex.o
 .debug_frame   0x00002a20      0x204 ./Drivers/STM32L4xx_HAL_Driver/Src/stm32l4xx_hal_dma.o
 .debug_frame   0x00002c24      0x14c ./Drivers/STM32L4xx_HAL_Driver/Src/stm32l4xx_hal_gpio.o
 .debug_frame   0x00002d70      0xc38 ./Drivers/STM32L4xx_HAL_Driver/Src/stm32l4xx_hal_i2c.o
 .debug_frame   0x000039a8      0x100 ./Drivers/STM32L4xx_HAL_Driver/Src/stm32l4xx_hal_i2c_ex.o
 .debug_frame   0x00003aa8      0x584 ./Drivers/STM32L4xx_HAL_Driver/Src/stm32l4xx_hal_pwr_ex.o
 .debug_frame   0x0000402c      0x21c ./Drivers/STM32L4xx_HAL_Driver/Src/stm32l4xx_hal_rcc.o
 .debug_frame   0x00004248      0x2fc ./Drivers/STM32L4xx_HAL_Driver/Src/stm32l4xx_hal_rcc_ex.o
 .debug_frame   0x00004544      0x860 ./Drivers/STM32L4xx_HAL_Driver/Src/stm32l4xx_hal_spi.o
 .debug_frame   0x00004da4     0x121c ./Drivers/STM32L4xx_HAL_Driver/Src/stm32l4xx_hal_tim.o
 .debug_frame   0x00005fc0      0x6b0 ./Drivers/STM32L4xx_HAL_Driver/Src/stm32l4xx_hal_tim_ex.o
 .debug_frame   0x00006670      0x9f4 ./Drivers/STM32L4xx_HAL_Driver/Src/stm32l4xx_hal_uart.o
 .debug_frame   0x00007064      0x204 ./Drivers/STM32L4xx_HAL_Driver/Src/stm32l4xx_hal_uart_ex.o
 .debug_frame   0x00007268       0x20 C:/ST/STM32CubeIDE_1.17.0/STM32CubeIDE/plugins/com.st.stm32cube.ide.mcu.externaltools.gnu-tools-for-stm32.12.3.rel1.win32_1.1.0.202410251130/tools/bin/../lib/gcc/arm-none-eabi/12.3.1/../../../../arm-none-eabi/lib/thumb/v7e-m+fp/hard\libc_nano.a(libc_a-memset.o)
 .debug_frame   0x00007288       0x2c C:/ST/STM32CubeIDE_1.17.0/STM32CubeIDE/plugins/com.st.stm32cube.ide.mcu.externaltools.gnu-tools-for-stm32.12.3.rel1.win32_1.1.0.202410251130/tools/bin/../lib/gcc/arm-none-eabi/12.3.1/../../../../arm-none-eabi/lib/thumb/v7e-m+fp/hard\libc_nano.a(libc_a-init.o)
 .debug_frame   0x000072b4       0x2c C:/ST/STM32CubeIDE_1.17.0/STM32CubeIDE/plugins/com.st.stm32cube.ide.mcu.externaltools.gnu-tools-for-stm32.12.3.rel1.win32_1.1.0.202410251130/tools/bin/../lib/gcc/arm-none-eabi/12.3.1/thumb/v7e-m+fp/hard\libgcc.a(_aeabi_uldivmod.o)
 .debug_frame   0x000072e0       0x34 C:/ST/STM32CubeIDE_1.17.0/STM32CubeIDE/plugins/com.st.stm32cube.ide.mcu.externaltools.gnu-tools-for-stm32.12.3.rel1.win32_1.1.0.202410251130/tools/bin/../lib/gcc/arm-none-eabi/12.3.1/thumb/v7e-m+fp/hard\libgcc.a(_udivmoddi4.o)

.debug_line_str
                0x00000000       0x89
 .debug_line_str
                0x00000000       0x89 ./Core/Startup/startup_stm32l476rgtx.o
