../Core/Src/main.c:76:5:main	8	static
../Core/Src/main.c:131:6:SystemClock_Config	96	static
../Core/Src/main.c:180:6:PeriphCommonClock_Config	144	static
../Core/Src/main.c:206:13:MX_ADC1_Init	48	static
../Core/Src/main.c:273:13:MX_ADC2_Init	32	static
../Core/Src/main.c:331:13:MX_ADC3_Init	32	static
../Core/Src/main.c:389:13:MX_TIM3_Init	64	static
../Core/Src/main.c:456:13:MX_TIM16_Init	8	static
../Core/Src/main.c:488:13:MX_GPIO_Init	48	static
../Core/Src/main.c:526:6:HAL_TIM_PeriodElapsedCallback	48	static
../Core/Src/main.c:579:6:Error_Handler	4	static,ignoring_inline_asm
