Archive member included to satisfy reference by file (symbol)

C:/ST/STM32CubeIDE_1.17.0/STM32CubeIDE/plugins/com.st.stm32cube.ide.mcu.externaltools.gnu-tools-for-stm32.12.3.rel1.win32_1.1.0.202410251130/tools/bin/../lib/gcc/arm-none-eabi/12.3.1/../../../../arm-none-eabi/lib/thumb/v7e-m+fp/hard\libc_nano.a(libc_a-exit.o)
                              C:/ST/STM32CubeIDE_1.17.0/STM32CubeIDE/plugins/com.st.stm32cube.ide.mcu.externaltools.gnu-tools-for-stm32.12.3.rel1.win32_1.1.0.202410251130/tools/bin/../lib/gcc/arm-none-eabi/12.3.1/../../../../arm-none-eabi/lib/thumb/v7e-m+fp/hard/crt0.o (exit)
C:/ST/STM32CubeIDE_1.17.0/STM32CubeIDE/plugins/com.st.stm32cube.ide.mcu.externaltools.gnu-tools-for-stm32.12.3.rel1.win32_1.1.0.202410251130/tools/bin/../lib/gcc/arm-none-eabi/12.3.1/../../../../arm-none-eabi/lib/thumb/v7e-m+fp/hard\libc_nano.a(libc_a-findfp.o)
                              C:/ST/STM32CubeIDE_1.17.0/STM32CubeIDE/plugins/com.st.stm32cube.ide.mcu.externaltools.gnu-tools-for-stm32.12.3.rel1.win32_1.1.0.202410251130/tools/bin/../lib/gcc/arm-none-eabi/12.3.1/../../../../arm-none-eabi/lib/thumb/v7e-m+fp/hard\libc_nano.a(libc_a-exit.o) (__stdio_exit_handler)
C:/ST/STM32CubeIDE_1.17.0/STM32CubeIDE/plugins/com.st.stm32cube.ide.mcu.externaltools.gnu-tools-for-stm32.12.3.rel1.win32_1.1.0.202410251130/tools/bin/../lib/gcc/arm-none-eabi/12.3.1/../../../../arm-none-eabi/lib/thumb/v7e-m+fp/hard\libc_nano.a(libc_a-fwalk.o)
                              C:/ST/STM32CubeIDE_1.17.0/STM32CubeIDE/plugins/com.st.stm32cube.ide.mcu.externaltools.gnu-tools-for-stm32.12.3.rel1.win32_1.1.0.202410251130/tools/bin/../lib/gcc/arm-none-eabi/12.3.1/../../../../arm-none-eabi/lib/thumb/v7e-m+fp/hard\libc_nano.a(libc_a-findfp.o) (_fwalk_sglue)
C:/ST/STM32CubeIDE_1.17.0/STM32CubeIDE/plugins/com.st.stm32cube.ide.mcu.externaltools.gnu-tools-for-stm32.12.3.rel1.win32_1.1.0.202410251130/tools/bin/../lib/gcc/arm-none-eabi/12.3.1/../../../../arm-none-eabi/lib/thumb/v7e-m+fp/hard\libc_nano.a(libc_a-stdio.o)
                              C:/ST/STM32CubeIDE_1.17.0/STM32CubeIDE/plugins/com.st.stm32cube.ide.mcu.externaltools.gnu-tools-for-stm32.12.3.rel1.win32_1.1.0.202410251130/tools/bin/../lib/gcc/arm-none-eabi/12.3.1/../../../../arm-none-eabi/lib/thumb/v7e-m+fp/hard\libc_nano.a(libc_a-findfp.o) (__sread)
C:/ST/STM32CubeIDE_1.17.0/STM32CubeIDE/plugins/com.st.stm32cube.ide.mcu.externaltools.gnu-tools-for-stm32.12.3.rel1.win32_1.1.0.202410251130/tools/bin/../lib/gcc/arm-none-eabi/12.3.1/../../../../arm-none-eabi/lib/thumb/v7e-m+fp/hard\libc_nano.a(libc_a-memset.o)
                              C:/ST/STM32CubeIDE_1.17.0/STM32CubeIDE/plugins/com.st.stm32cube.ide.mcu.externaltools.gnu-tools-for-stm32.12.3.rel1.win32_1.1.0.202410251130/tools/bin/../lib/gcc/arm-none-eabi/12.3.1/../../../../arm-none-eabi/lib/thumb/v7e-m+fp/hard/crt0.o (memset)
C:/ST/STM32CubeIDE_1.17.0/STM32CubeIDE/plugins/com.st.stm32cube.ide.mcu.externaltools.gnu-tools-for-stm32.12.3.rel1.win32_1.1.0.202410251130/tools/bin/../lib/gcc/arm-none-eabi/12.3.1/../../../../arm-none-eabi/lib/thumb/v7e-m+fp/hard\libc_nano.a(libc_a-closer.o)
                              C:/ST/STM32CubeIDE_1.17.0/STM32CubeIDE/plugins/com.st.stm32cube.ide.mcu.externaltools.gnu-tools-for-stm32.12.3.rel1.win32_1.1.0.202410251130/tools/bin/../lib/gcc/arm-none-eabi/12.3.1/../../../../arm-none-eabi/lib/thumb/v7e-m+fp/hard\libc_nano.a(libc_a-stdio.o) (_close_r)
C:/ST/STM32CubeIDE_1.17.0/STM32CubeIDE/plugins/com.st.stm32cube.ide.mcu.externaltools.gnu-tools-for-stm32.12.3.rel1.win32_1.1.0.202410251130/tools/bin/../lib/gcc/arm-none-eabi/12.3.1/../../../../arm-none-eabi/lib/thumb/v7e-m+fp/hard\libc_nano.a(libc_a-reent.o)
                              C:/ST/STM32CubeIDE_1.17.0/STM32CubeIDE/plugins/com.st.stm32cube.ide.mcu.externaltools.gnu-tools-for-stm32.12.3.rel1.win32_1.1.0.202410251130/tools/bin/../lib/gcc/arm-none-eabi/12.3.1/../../../../arm-none-eabi/lib/thumb/v7e-m+fp/hard\libc_nano.a(libc_a-closer.o) (errno)
C:/ST/STM32CubeIDE_1.17.0/STM32CubeIDE/plugins/com.st.stm32cube.ide.mcu.externaltools.gnu-tools-for-stm32.12.3.rel1.win32_1.1.0.202410251130/tools/bin/../lib/gcc/arm-none-eabi/12.3.1/../../../../arm-none-eabi/lib/thumb/v7e-m+fp/hard\libc_nano.a(libc_a-impure.o)
                              C:/ST/STM32CubeIDE_1.17.0/STM32CubeIDE/plugins/com.st.stm32cube.ide.mcu.externaltools.gnu-tools-for-stm32.12.3.rel1.win32_1.1.0.202410251130/tools/bin/../lib/gcc/arm-none-eabi/12.3.1/../../../../arm-none-eabi/lib/thumb/v7e-m+fp/hard\libc_nano.a(libc_a-reent.o) (_impure_ptr)
C:/ST/STM32CubeIDE_1.17.0/STM32CubeIDE/plugins/com.st.stm32cube.ide.mcu.externaltools.gnu-tools-for-stm32.12.3.rel1.win32_1.1.0.202410251130/tools/bin/../lib/gcc/arm-none-eabi/12.3.1/../../../../arm-none-eabi/lib/thumb/v7e-m+fp/hard\libc_nano.a(libc_a-lseekr.o)
[...]
Memory Configuration

Name             Origin             Length             Attributes
RAM              0x20000000         0x00018000         xrw
RAM2             0x10000000         0x00008000         xrw
FLASH            0x08000000         0x00100000         xr
*default*        0x00000000         0xffffffff

Linker script and memory map

LOAD C:/ST/STM32CubeIDE_1.17.0/STM32CubeIDE/plugins/com.st.stm32cube.ide.mcu.externaltools.gnu-tools-for-stm32.12.3.rel1.win32_1.1.0.202410251130/tools/bin/../lib/gcc/arm-none-eabi/12.3.1/thumb/v7e-m+fp/hard/crti.o
LOAD C:/ST/STM32CubeIDE_1.17.0/STM32CubeIDE/plugins/com.st.stm32cube.ide.mcu.externaltools.gnu-tools-for-stm32.12.3.rel1.win32_1.1.0.202410251130/tools/bin/../lib/gcc/arm-none-eabi/12.3.1/thumb/v7e-m+fp/hard/crtbegin.o
LOAD C:/ST/STM32CubeIDE_1.17.0/STM32CubeIDE/plugins/com.st.stm32cube.ide.mcu.externaltools.gnu-tools-for-stm32.12.3.rel1.win32_1.1.0.202410251130/tools/bin/../lib/gcc/arm-none-eabi/12.3.1/../../../../arm-none-eabi/lib/thumb/v7e-m+fp/hard/crt0.o
LOAD ./Core/Src/main.o
LOAD ./Core/Src/stm32l4xx_hal_msp.o
LOAD ./Core/Src/stm32l4xx_it.o
LOAD ./Core/Src/syscalls.o
LOAD ./Core/Src/sysmem.o
LOAD ./Core/Src/system_stm32l4xx.o
LOAD ./Core/Startup/startup_stm32l476rgtx.o
LOAD ./Drivers/STM32L4xx_HAL_Driver/Src/stm32l4xx_hal.o
LOAD ./Drivers/STM32L4xx_HAL_Driver/Src/stm32l4xx_hal_cortex.o
LOAD ./Drivers/STM32L4xx_HAL_Driver/Src/stm32l4xx_hal_dma.o
LOAD ./Drivers/STM32L4xx_HAL_Driver/Src/stm32l4xx_hal_dma_ex.o
LOAD ./Drivers/STM32L4xx_HAL_Driver/Src/stm32l4xx_hal_exti.o
LOAD ./Drivers/STM32L4xx_HAL_Driver/Src/stm32l4xx_hal_flash.o
LOAD ./Drivers/STM32L4xx_HAL_Driver/Src/stm32l4xx_hal_flash_ex.o
LOAD ./Drivers/STM32L4xx_HAL_Driver/Src/stm32l4xx_hal_flash_ramfunc.o
LOAD ./Drivers/STM32L4xx_HAL_Driver/Src/stm32l4xx_hal_gpio.o
LOAD ./Drivers/STM32L4xx_HAL_Driver/Src/stm32l4xx_hal_i2c.o
LOAD ./Drivers/STM32L4xx_HAL_Driver/Src/stm32l4xx_hal_i2c_ex.o
LOAD ./Drivers/STM32L4xx_HAL_Driver/Src/stm32l4xx_hal_pwr.o
LOAD ./Drivers/STM32L4xx_HAL_Driver/Src/stm32l4xx_hal_pwr_ex.o
LOAD ./Drivers/STM32L4xx_HAL_Driver/Src/stm32l4xx_hal_rcc.o
LOAD ./Drivers/STM32L4xx_HAL_Driver/Src/stm32l4xx_hal_rcc_ex.o
LOAD ./Drivers/STM32L4xx_HAL_Driver/Src/stm32l4xx_hal_spi.o
LOAD ./Drivers/STM32L4xx_HAL_Driver/Src/stm32l4xx_hal_spi_ex.o
START GROUP
LOAD C:/ST/STM32CubeIDE_1.17.0/STM32CubeIDE/plugins/com.st.stm32cube.ide.mcu.externaltools.gnu-tools-for-stm32.12.3.rel1.win32_1.1.0.202410251130/tools/bin/../lib/gcc/arm-none-eabi/12.3.1/../../../../arm-none-eabi/lib/thumb/v7e-m+fp/hard\libc_nano.a
LOAD C:/ST/STM32CubeIDE_1.17.0/STM32CubeIDE/plugins/com.st.stm32cube.ide.mcu.externaltools.gnu-tools-for-stm32.12.3.rel1.win32_1.1.0.202410251130/tools/bin/../lib/gcc/arm-none-eabi/12.3.1/../../../../arm-none-eabi/lib/thumb/v7e-m+fp/hard\libm.a
END GROUP
START GROUP
LOAD C:/ST/STM32CubeIDE_1.17.0/STM32CubeIDE/plugins/com.st.stm32cube.ide.mcu.externaltools.gnu-tools-for-stm32.12.3.rel1.win32_1.1.0.202410251130/tools/bin/../lib/gcc/arm-none-eabi/12.3.1/thumb/v7e-m+fp/hard\libgcc.a
LOAD C:/ST/STM32CubeIDE_1.17.0/STM32CubeIDE/plugins/com.st.stm32cube.ide.mcu.externaltools.gnu-tools-for-stm32.12.3.rel1.win32_1.1.0.202410251130/tools/bin/../lib/gcc/arm-none-eabi/12.3.1/../../../../arm-none-eabi/lib/thumb/v7e-m+fp/hard\libc_nano.a
END GROUP
START GROUP
LOAD C:/ST/STM32CubeIDE_1.17.0/STM32CubeIDE/plugins/com.st.stm32cube.ide.mcu.externaltools.gnu-tools-for-stm32.12.3.rel1.win32_1.1.0.202410251130/tools/bin/../lib/gcc/arm-none-eabi/12.3.1/thumb/v7e-m+fp/hard\libgcc.a
LOAD C:/ST/STM32CubeIDE_1.17.0/STM32CubeIDE/plugins/com.st.stm32cube.ide.mcu.externaltools.gnu-tools-for-stm32.12.3.rel1.win32_1.1.0.202410251130/tools/bin/../lib/gcc/arm-none-eabi/12.3.1/../../../../arm-none-eabi/lib/thumb/v7e-m+fp/hard\libc_nano.a
LOAD C:/ST/STM32CubeIDE_1.17.0/STM32CubeIDE/plugins/com.st.stm32cube.ide.mcu.externaltools.gnu-tools-for-stm32.12.3.rel1.win32_1.1.0.202410251130/tools/bin/../lib/gcc/arm-none-eabi/12.3.1/../../../../arm-none-eabi/lib/thumb/v7e-m+fp/hard\libnosys.a
END GROUP
START GROUP
LOAD C:/ST/STM32CubeIDE_1.17.0/STM32CubeIDE/plugins/com.st.stm32cube.ide.mcu.externaltools.gnu-tools-for-stm32.12.3.rel1.win32_1.1.0.202410251130/tools/bin/../lib/gcc/arm-none-eabi/12.3.1/thumb/v7e-m+fp/hard\libgcc.a
LOAD C:/ST/STM32CubeIDE_1.17.0/STM32CubeIDE/plugins/com.st.stm32cube.ide.mcu.externaltools.gnu-tools-for-stm32.12.3.rel1.win32_1.1.0.202410251130/tools/bin/../lib/gcc/arm-none-eabi/12.3.1/../../../../arm-none-eabi/lib/thumb/v7e-m+fp/hard\libc_nano.a
LOAD C:/ST/STM32CubeIDE_1.17.0/STM32CubeIDE/plugins/com.st.stm32cube.ide.mcu.externaltools.gnu-tools-for-stm32.12.3.rel1.win32_1.1.0.202410251130/tools/bin/../lib/gcc/arm-none-eabi/12.3.1/../../../../arm-none-eabi/lib/thumb/v7e-m+fp/hard\libnosys.a
END GROUP
LOAD C:/ST/STM32CubeIDE_1.17.0/STM32CubeIDE/plugins/com.st.stm32cube.ide.mcu.externaltools.gnu-tools-for-stm32.12.3.rel1.win32_1.1.0.202410251130/tools/bin/../lib/gcc/arm-none-eabi/12.3.1/thumb/v7e-m+fp/hard/crtend.o
LOAD C:/ST/STM32CubeIDE_1.17.0/STM32CubeIDE/plugins/com.st.stm32cube.ide.mcu.externaltools.gnu-tools-for-stm32.12.3.rel1.win32_1.1.0.202410251130/tools/bin/../lib/gcc/arm-none-eabi/12.3.1/thumb/v7e-m+fp/hard/crtn.o
                0x20018000                        _estack = (ORIGIN (RAM) + LENGTH (RAM))
                0x00000200                        _Min_Heap_Size = 0x200
                0x00000400                        _Min_Stack_Size = 0x400

.isr_vector     0x08000000      0x188
                0x08000000                        . = ALIGN (0x4)
 *(.isr_vector)
 .isr_vector    0x08000000      0x188 ./Core/Startup/startup_stm32l476rgtx.o
                0x08000000                g_pfnVectors
                0x08000188                        . = ALIGN (0x4)

.text           0x08000188     0x3990
                0x08000188                        . = ALIGN (0x4)
 *(.text)
 .text          0x08000188       0x40 C:/ST/STM32CubeIDE_1.17.0/STM32CubeIDE/plugins/com.st.stm32cube.ide.mcu.externaltools.gnu-tools-for-stm32.12.3.rel1.win32_1.1.0.202410251130/tools/bin/../lib/gcc/arm-none-eabi/12.3.1/thumb/v7e-m+fp/hard/crtbegin.o
 *(.text*)
 .text.lcd_write_nibble
                0x080001c8       0x84 ./Core/Src/main.o
                0x080001c8                lcd_write_nibble
 .text.lcd_send_cmd
                0x0800024c       0x46 ./Core/Src/main.o
                0x0800024c                lcd_send_cmd
 .text.lcd_send_data
                0x08000292       0x34 ./Core/Src/main.o
                0x08000292                lcd_send_data
 .text.lcd_init
                0x080002c6       0x5e ./Core/Src/main.o
                0x080002c6                lcd_init
 .text.lcd_backlight
                0x08000324       0x30 ./Core/Src/main.o
                0x08000324                lcd_backlight
 .text.main     0x08000354      0x208 ./Core/Src/main.o
                0x08000354                main
 .text.SystemClock_Config
                0x0800055c       0xa2 ./Core/Src/main.o
                0x0800055c                SystemClock_Config
 *fill*         0x080005fe        0x2 
 .text.MX_I2C1_Init
                0x08000600       0x80 ./Core/Src/main.o
 .text.MX_SPI1_Init
                0x08000680       0x7c ./Core/Src/main.o
 .text.MX_GPIO_Init
                0x080006fc      0x13c ./Core/Src/main.o
 .text.SPI_write
                0x08000838       0x3c ./Core/Src/main.o
                0x08000838                SPI_write
 .text.GLCD_data_write
                0x08000874       0x26 ./Core/Src/main.o
                0x08000874                GLCD_data_write
 .text.GLCD_command_write
                0x0800089a       0x26 ./Core/Src/main.o
                0x0800089a                GLCD_command_write
 .text.GLCD_init
                0x080008c0       0x54 ./Core/Src/main.o
                0x080008c0                GLCD_init
 .text.GLCD_setCursor
                0x08000914       0x34 ./Core/Src/main.o
                0x08000914                GLCD_setCursor
 .text.GLCD_clear
                0x08000948       0x30 ./Core/Src/main.o
                0x08000948                GLCD_clear
 .text.GLCD_putchar
                0x08000978       0x58 ./Core/Src/main.o
                0x08000978                GLCD_putchar
 .text.HAL_GPIO_EXTI_Callback
                0x080009d0       0x60 ./Core/Src/main.o
                0x080009d0                HAL_GPIO_EXTI_Callback
 .text.keypad_decode
                0x08000a30      0x120 ./Core/Src/main.o
                0x08000a30                keypad_decode
 .text.Error_Handler
                0x08000b50        0xc ./Core/Src/main.o
                0x08000b50                Error_Handler
 .text.HAL_MspInit
                0x08000b5c       0x48 ./Core/Src/stm32l4xx_hal_msp.o
                0x08000b5c                HAL_MspInit
 .text.HAL_I2C_MspInit
                0x08000ba4       0xbc ./Core/Src/stm32l4xx_hal_msp.o
                0x08000ba4                HAL_I2C_MspInit
 .text.HAL_SPI_MspInit
                0x08000c60       0x84 ./Core/Src/stm32l4xx_hal_msp.o
                0x08000c60                HAL_SPI_MspInit
 .text.NMI_Handler
                0x08000ce4        0x8 ./Core/Src/stm32l4xx_it.o
                0x08000ce4                NMI_Handler
 .text.HardFault_Handler
                0x08000cec        0x8 ./Core/Src/stm32l4xx_it.o
                0x08000cec                HardFault_Handler
 .text.MemManage_Handler
                0x08000cf4        0x8 ./Core/Src/stm32l4xx_it.o
                0x08000cf4                MemManage_Handler
 .text.BusFault_Handler
                0x08000cfc        0x8 ./Core/Src/stm32l4xx_it.o
                0x08000cfc                BusFault_Handler
 .text.UsageFault_Handler
                0x08000d04        0x8 ./Core/Src/stm32l4xx_it.o
                0x08000d04                UsageFault_Handler
 .text.SVC_Handler
                0x08000d0c        0xe ./Core/Src/stm32l4xx_it.o
                0x08000d0c                SVC_Handler
 .text.DebugMon_Handler
                0x08000d1a        0xe ./Core/Src/stm32l4xx_it.o
                0x08000d1a                DebugMon_Handler
 .text.PendSV_Handler
                0x08000d28        0xe ./Core/Src/stm32l4xx_it.o
                0x08000d28                PendSV_Handler
 .text.SysTick_Handler
                0x08000d36        0xc ./Core/Src/stm32l4xx_it.o
                0x08000d36                SysTick_Handler
 .text.EXTI0_IRQHandler
                0x08000d42        0xe ./Core/Src/stm32l4xx_it.o
                0x08000d42                EXTI0_IRQHandler
 .text.SystemInit
                0x08000d50       0x24 ./Core/Src/system_stm32l4xx.o
                0x08000d50                SystemInit
 .text.Reset_Handler
                0x08000d74       0x50 ./Core/Startup/startup_stm32l476rgtx.o
                0x08000d74                Reset_Handler
 .text.Default_Handler
                0x08000dc4        0x2 ./Core/Startup/startup_stm32l476rgtx.o
                0x08000dc4                RTC_Alarm_IRQHandler
                0x08000dc4                EXTI2_IRQHandler
                0x08000dc4                TIM8_TRG_COM_IRQHandler
                0x08000dc4                TIM8_CC_IRQHandler
                0x08000dc4                TIM1_CC_IRQHandler
                0x08000dc4                TSC_IRQHandler
                0x08000dc4                TAMP_STAMP_IRQHandler
                0x08000dc4                EXTI3_IRQHandler
                0x08000dc4                LPTIM2_IRQHandler
                0x08000dc4                DFSDM1_FLT1_IRQHandler
                0x08000dc4                I2C3_ER_IRQHandler
                0x08000dc4                DFSDM1_FLT2_IRQHandler
                0x08000dc4                I2C2_EV_IRQHandler
                0x08000dc4                CAN1_RX0_IRQHandler
                0x08000dc4                FPU_IRQHandler
                0x08000dc4                TIM1_UP_TIM16_IRQHandler
                0x08000dc4                ADC1_2_IRQHandler
                0x08000dc4                SPI1_IRQHandler
                0x08000dc4                TIM6_DAC_IRQHandler
                0x08000dc4                TIM8_UP_IRQHandler
                0x08000dc4                DMA2_Channel2_IRQHandler
                0x08000dc4                DMA1_Channel4_IRQHandler
                0x08000dc4                SAI2_IRQHandler
                0x08000dc4                DFSDM1_FLT3_IRQHandler
                0x08000dc4                USART3_IRQHandler
                0x08000dc4                DMA1_Channel7_IRQHandler
                0x08000dc4                CAN1_RX1_IRQHandler
                0x08000dc4                LCD_IRQHandler
                0x08000dc4                UART5_IRQHandler
                0x08000dc4                ADC3_IRQHandler
                0x08000dc4                TIM4_IRQHandler
                0x08000dc4                DMA2_Channel1_IRQHandler
                0x08000dc4                QUADSPI_IRQHandler
                0x08000dc4                I2C1_EV_IRQHandler
                0x08000dc4                DMA1_Channel6_IRQHandler
                0x08000dc4                UART4_IRQHandler
                0x08000dc4                DMA2_Channel4_IRQHandler
                0x08000dc4                TIM3_IRQHandler
                0x08000dc4                RCC_IRQHandler
                0x08000dc4                DMA1_Channel1_IRQHandler
                0x08000dc4                Default_Handler
                0x08000dc4                DMA2_Channel7_IRQHandler
                0x08000dc4                EXTI15_10_IRQHandler
                0x08000dc4                TIM7_IRQHandler
                0x08000dc4                SDMMC1_IRQHandler
                0x08000dc4                TIM5_IRQHandler
                0x08000dc4                I2C3_EV_IRQHandler
                0x08000dc4                EXTI9_5_IRQHandler
                0x08000dc4                RTC_WKUP_IRQHandler
                0x08000dc4                PVD_PVM_IRQHandler
                0x08000dc4                SPI2_IRQHandler
                0x08000dc4                CAN1_TX_IRQHandler
                0x08000dc4                DMA2_Channel5_IRQHandler
                0x08000dc4                DMA1_Channel5_IRQHandler
                0x08000dc4                EXTI4_IRQHandler
                0x08000dc4                RNG_IRQHandler
                0x08000dc4                TIM1_TRG_COM_TIM17_IRQHandler
                0x08000dc4                DMA1_Channel3_IRQHandler
                0x08000dc4                COMP_IRQHandler
                0x08000dc4                WWDG_IRQHandler
                0x08000dc4                LPUART1_IRQHandler
                0x08000dc4                DMA2_Channel6_IRQHandler
                0x08000dc4                TIM2_IRQHandler
                0x08000dc4                EXTI1_IRQHandler
                0x08000dc4                USART2_IRQHandler
                0x08000dc4                DFSDM1_FLT0_IRQHandler
                0x08000dc4                I2C2_ER_IRQHandler
                0x08000dc4                DMA1_Channel2_IRQHandler
                0x08000dc4                TIM8_BRK_IRQHandler
                0x08000dc4                CAN1_SCE_IRQHandler
                0x08000dc4                FLASH_IRQHandler
                0x08000dc4                USART1_IRQHandler
                0x08000dc4                OTG_FS_IRQHandler
                0x08000dc4                SPI3_IRQHandler
                0x08000dc4                I2C1_ER_IRQHandler
                0x08000dc4                FMC_IRQHandler
                0x08000dc4                SWPMI1_IRQHandler
                0x08000dc4                LPTIM1_IRQHandler
                0x08000dc4                SAI1_IRQHandler
                0x08000dc4                DMA2_Channel3_IRQHandler
                0x08000dc4                TIM1_BRK_TIM15_IRQHandler
 *fill*         0x08000dc6        0x2 
 .text.HAL_Init
                0x08000dc8       0x40 ./Drivers/STM32L4xx_HAL_Driver/Src/stm32l4xx_hal.o
                0x08000dc8                HAL_Init
 .text.HAL_InitTick
                0x08000e08       0x78 ./Drivers/STM32L4xx_HAL_Driver/Src/stm32l4xx_hal.o
                0x08000e08                HAL_InitTick
 .text.HAL_IncTick
                0x08000e80       0x28 ./Drivers/STM32L4xx_HAL_Driver/Src/stm32l4xx_hal.o
                0x08000e80                HAL_IncTick
 .text.HAL_GetTick
                0x08000ea8       0x18 ./Drivers/STM32L4xx_HAL_Driver/Src/stm32l4xx_hal.o
                0x08000ea8                HAL_GetTick
 .text.HAL_Delay
                0x08000ec0       0x48 ./Drivers/STM32L4xx_HAL_Driver/Src/stm32l4xx_hal.o
                0x08000ec0                HAL_Delay
 .text.__NVIC_SetPriorityGrouping
                0x08000f08       0x48 ./Drivers/STM32L4xx_HAL_Driver/Src/stm32l4xx_hal_cortex.o
 .text.__NVIC_GetPriorityGrouping
                0x08000f50       0x1c ./Drivers/STM32L4xx_HAL_Driver/Src/stm32l4xx_hal_cortex.o
 .text.__NVIC_EnableIRQ
                0x08000f6c       0x3c ./Drivers/STM32L4xx_HAL_Driver/Src/stm32l4xx_hal_cortex.o
 .text.__NVIC_SetPriority
                0x08000fa8       0x54 ./Drivers/STM32L4xx_HAL_Driver/Src/stm32l4xx_hal_cortex.o
 .text.NVIC_EncodePriority
                0x08000ffc       0x66 ./Drivers/STM32L4xx_HAL_Driver/Src/stm32l4xx_hal_cortex.o
 *fill*         0x08001062        0x2 
 .text.SysTick_Config
                0x08001064       0x44 ./Drivers/STM32L4xx_HAL_Driver/Src/stm32l4xx_hal_cortex.o
 .text.HAL_NVIC_SetPriorityGrouping
                0x080010a8       0x16 ./Drivers/STM32L4xx_HAL_Driver/Src/stm32l4xx_hal_cortex.o
                0x080010a8                HAL_NVIC_SetPriorityGrouping
 .text.HAL_NVIC_SetPriority
                0x080010be       0x38 ./Drivers/STM32L4xx_HAL_Driver/Src/stm32l4xx_hal_cortex.o
                0x080010be                HAL_NVIC_SetPriority
 .text.HAL_NVIC_EnableIRQ
                0x080010f6       0x1c ./Drivers/STM32L4xx_HAL_Driver/Src/stm32l4xx_hal_cortex.o
                0x080010f6                HAL_NVIC_EnableIRQ
 .text.HAL_SYSTICK_Config
                0x08001112       0x18 ./Drivers/STM32L4xx_HAL_Driver/Src/stm32l4xx_hal_cortex.o
                0x08001112                HAL_SYSTICK_Config
 *fill*         0x0800112a        0x2 
 .text.HAL_GPIO_Init
                0x0800112c      0x354 ./Drivers/STM32L4xx_HAL_Driver/Src/stm32l4xx_hal_gpio.o
                0x0800112c                HAL_GPIO_Init
 .text.HAL_GPIO_ReadPin
                0x08001480       0x30 ./Drivers/STM32L4xx_HAL_Driver/Src/stm32l4xx_hal_gpio.o
                0x08001480                HAL_GPIO_ReadPin
 .text.HAL_GPIO_WritePin
                0x080014b0       0x30 ./Drivers/STM32L4xx_HAL_Driver/Src/stm32l4xx_hal_gpio.o
                0x080014b0                HAL_GPIO_WritePin
 .text.HAL_GPIO_EXTI_IRQHandler
                0x080014e0       0x30 ./Drivers/STM32L4xx_HAL_Driver/Src/stm32l4xx_hal_gpio.o
                0x080014e0                HAL_GPIO_EXTI_IRQHandler
 .text.HAL_I2C_Init
                0x08001510      0x136 ./Drivers/STM32L4xx_HAL_Driver/Src/stm32l4xx_hal_i2c.o
                0x08001510                HAL_I2C_Init
 *fill*         0x08001646        0x2 
 .text.HAL_I2C_Master_Transmit
                0x08001648      0x230 ./Drivers/STM32L4xx_HAL_Driver/Src/stm32l4xx_hal_i2c.o
                0x08001648                HAL_I2C_Master_Transmit
 .text.I2C_Flush_TXDR
                0x08001878       0x48 ./Drivers/STM32L4xx_HAL_Driver/Src/stm32l4xx_hal_i2c.o
 .text.I2C_WaitOnFlagUntilTimeout
                0x080018c0       0xb2 ./Drivers/STM32L4xx_HAL_Driver/Src/stm32l4xx_hal_i2c.o
 .text.I2C_WaitOnTXISFlagUntilTimeout
                0x08001972       0x8e ./Drivers/STM32L4xx_HAL_Driver/Src/stm32l4xx_hal_i2c.o
 .text.I2C_WaitOnSTOPFlagUntilTimeout
                0x08001a00       0x86 ./Drivers/STM32L4xx_HAL_Driver/Src/stm32l4xx_hal_i2c.o
 *fill*         0x08001a86        0x2 
 .text.I2C_IsErrorOccurred
                0x08001a88      0x1c0 ./Drivers/STM32L4xx_HAL_Driver/Src/stm32l4xx_hal_i2c.o
 .text.I2C_TransferConfig
                0x08001c48       0x64 ./Drivers/STM32L4xx_HAL_Driver/Src/stm32l4xx_hal_i2c.o
 .text.HAL_I2CEx_ConfigAnalogFilter
                0x08001cac       0x96 ./Drivers/STM32L4xx_HAL_Driver/Src/stm32l4xx_hal_i2c_ex.o
                0x08001cac                HAL_I2CEx_ConfigAnalogFilter
 .text.HAL_I2CEx_ConfigDigitalFilter
                0x08001d42       0x98 ./Drivers/STM32L4xx_HAL_Driver/Src/stm32l4xx_hal_i2c_ex.o
                0x08001d42                HAL_I2CEx_ConfigDigitalFilter
 *fill*         0x08001dda        0x2 
 .text.HAL_PWREx_GetVoltageRange
                0x08001ddc       0x1c ./Drivers/STM32L4xx_HAL_Driver/Src/stm32l4xx_hal_pwr_ex.o
                0x08001ddc                HAL_PWREx_GetVoltageRange
 .text.HAL_PWREx_ControlVoltageScaling
                0x08001df8       0xac ./Drivers/STM32L4xx_HAL_Driver/Src/stm32l4xx_hal_pwr_ex.o
                0x08001df8                HAL_PWREx_ControlVoltageScaling
 .text.HAL_RCC_OscConfig
                0x08001ea4      0x7b8 ./Drivers/STM32L4xx_HAL_Driver/Src/stm32l4xx_hal_rcc.o
                0x08001ea4                HAL_RCC_OscConfig
 .text.HAL_RCC_ClockConfig
                0x0800265c      0x200 ./Drivers/STM32L4xx_HAL_Driver/Src/stm32l4xx_hal_rcc.o
                0x0800265c                HAL_RCC_ClockConfig
 .text.HAL_RCC_GetSysClockFreq
                0x0800285c      0x118 ./Drivers/STM32L4xx_HAL_Driver/Src/stm32l4xx_hal_rcc.o
                0x0800285c                HAL_RCC_GetSysClockFreq
 .text.RCC_SetFlashLatencyFromMSIRange
                0x08002974       0xc0 ./Drivers/STM32L4xx_HAL_Driver/Src/stm32l4xx_hal_rcc.o
 .text.HAL_RCCEx_PeriphCLKConfig
                0x08002a34      0x5d4 ./Drivers/STM32L4xx_HAL_Driver/Src/stm32l4xx_hal_rcc_ex.o
                0x08002a34                HAL_RCCEx_PeriphCLKConfig
 .text.RCCEx_PLLSAI1_Config
                0x08003008      0x1e8 ./Drivers/STM32L4xx_HAL_Driver/Src/stm32l4xx_hal_rcc_ex.o
 .text.RCCEx_PLLSAI2_Config
                0x080031f0      0x1bc ./Drivers/STM32L4xx_HAL_Driver/Src/stm32l4xx_hal_rcc_ex.o
 .text.HAL_SPI_Init
                0x080033ac      0x146 ./Drivers/STM32L4xx_HAL_Driver/Src/stm32l4xx_hal_spi.o
                0x080033ac                HAL_SPI_Init
 .text.HAL_SPI_Transmit
                0x080034f2      0x2ec ./Drivers/STM32L4xx_HAL_Driver/Src/stm32l4xx_hal_spi.o
                0x080034f2                HAL_SPI_Transmit
 *fill*         0x080037de        0x2 
 .text.SPI_WaitFlagStateUntilTimeout
                0x080037e0      0x110 ./Drivers/STM32L4xx_HAL_Driver/Src/stm32l4xx_hal_spi.o
 .text.SPI_WaitFifoStateUntilTimeout
                0x080038f0      0x12c ./Drivers/STM32L4xx_HAL_Driver/Src/stm32l4xx_hal_spi.o
 .text.SPI_EndRxTxTransaction
                0x08003a1c       0x8c ./Drivers/STM32L4xx_HAL_Driver/Src/stm32l4xx_hal_spi.o
 .text.memset   0x08003aa8       0x10 C:/ST/STM32CubeIDE_1.17.0/STM32CubeIDE/plugins/com.st.stm32cube.ide.mcu.externaltools.gnu-tools-for-stm32.12.3.rel1.win32_1.1.0.202410251130/tools/bin/../lib/gcc/arm-none-eabi/12.3.1/../../../../arm-none-eabi/lib/thumb/v7e-m+fp/hard\libc_nano.a(libc_a-memset.o)
                0x08003aa8                memset
 .text.__libc_init_array
                0x08003ab8       0x48 C:/ST/STM32CubeIDE_1.17.0/STM32CubeIDE/plugins/com.st.stm32cube.ide.mcu.externaltools.gnu-tools-for-stm32.12.3.rel1.win32_1.1.0.202410251130/tools/bin/../lib/gcc/arm-none-eabi/12.3.1/../../../../arm-none-eabi/lib/thumb/v7e-m+fp/hard\libc_nano.a(libc_a-init.o)
                0x08003ab8                __libc_init_array
 *(.glue_7)
 .glue_7        0x08003b00        0x0 linker stubs
 *(.glue_7t)
 .glue_7t       0x08003b00        0x0 linker stubs
 *(.eh_frame)
 .eh_frame      0x08003b00        0x0 C:/ST/STM32CubeIDE_1.17.0/STM32CubeIDE/plugins/com.st.stm32cube.ide.mcu.externaltools.gnu-tools-for-stm32.12.3.rel1.win32_1.1.0.202410251130/tools/bin/../lib/gcc/arm-none-eabi/12.3.1/thumb/v7e-m+fp/hard/crtbegin.o
 *(.init)
 .init          0x08003b00        0x4 C:/ST/STM32CubeIDE_1.17.0/STM32CubeIDE/plugins/com.st.stm32cube.ide.mcu.externaltools.gnu-tools-for-stm32.12.3.rel1.win32_1.1.0.202410251130/tools/bin/../lib/gcc/arm-none-eabi/12.3.1/thumb/v7e-m+fp/hard/crti.o
                0x08003b00                _init
 .init          0x08003b04        0x8 C:/ST/STM32CubeIDE_1.17.0/STM32CubeIDE/plugins/com.st.stm32cube.ide.mcu.externaltools.gnu-tools-for-stm32.12.3.rel1.win32_1.1.0.202410251130/tools/bin/../lib/gcc/arm-none-eabi/12.3.1/thumb/v7e-m+fp/hard/crtn.o
 *(.fini)
 .fini          0x08003b0c        0x4 C:/ST/STM32CubeIDE_1.17.0/STM32CubeIDE/plugins/com.st.stm32cube.ide.mcu.externaltools.gnu-tools-for-stm32.12.3.rel1.win32_1.1.0.202410251130/tools/bin/../lib/gcc/arm-none-eabi/12.3.1/thumb/v7e-m+fp/hard/crti.o
                0x08003b0c                _fini
 .fini          0x08003b10        0x8 C:/ST/STM32CubeIDE_1.17.0/STM32CubeIDE/plugins/com.st.stm32cube.ide.mcu.externaltools.gnu-tools-for-stm32.12.3.rel1.win32_1.1.0.202410251130/tools/bin/../lib/gcc/arm-none-eabi/12.3.1/thumb/v7e-m+fp/hard/crtn.o
                0x08003b18                        . = ALIGN (0x4)
                0x08003b18                        _etext = .

.vfp11_veneer   0x08003b18        0x0
 .vfp11_veneer  0x08003b18        0x0 linker stubs

.v4_bx          0x08003b18        0x0
 .v4_bx         0x08003b18        0x0 linker stubs

.iplt           0x08003b18        0x0
 .iplt          0x08003b18        0x0 C:/ST/STM32CubeIDE_1.17.0/STM32CubeIDE/plugins/com.st.stm32cube.ide.mcu.externaltools.gnu-tools-for-stm32.12.3.rel1.win32_1.1.0.202410251130/tools/bin/../lib/gcc/arm-none-eabi/12.3.1/thumb/v7e-m+fp/hard/crtbegin.o

.rodata         0x08003b18       0xd0
                0x08003b18                        . = ALIGN (0x4)
 *(.rodata)
 *(.rodata*)
 .rodata.font_table
                0x08003b18       0x90 ./Core/Src/main.o
                0x08003b18                font_table
 .rodata.AHBPrescTable
                0x08003ba8       0x10 ./Core/Src/system_stm32l4xx.o
                0x08003ba8                AHBPrescTable
 .rodata.MSIRangeTable
                0x08003bb8       0x30 ./Core/Src/system_stm32l4xx.o
                0x08003bb8                MSIRangeTable
                0x08003be8                        . = ALIGN (0x4)

.ARM.extab      0x08003be8        0x0
                0x08003be8                        . = ALIGN (0x4)
 *(.ARM.extab* .gnu.linkonce.armextab.*)
                0x08003be8                        . = ALIGN (0x4)

.ARM            0x08003be8        0x0
                0x08003be8                        . = ALIGN (0x4)
                0x08003be8                        __exidx_start = .
 *(.ARM.exidx*)
                0x08003be8                        __exidx_end = .
                0x08003be8                        . = ALIGN (0x4)

.preinit_array  0x08003be8        0x0
                0x08003be8                        . = ALIGN (0x4)
                0x08003be8                        PROVIDE (__preinit_array_start = .)
 *(.preinit_array*)
                0x08003be8                        PROVIDE (__preinit_array_end = .)
                0x08003be8                        . = ALIGN (0x4)

.init_array     0x08003be8        0x4
                0x08003be8                        . = ALIGN (0x4)
                0x08003be8                        PROVIDE (__init_array_start = .)
 *(SORT_BY_NAME(.init_array.*))
 *(.init_array*)
 .init_array    0x08003be8        0x4 C:/ST/STM32CubeIDE_1.17.0/STM32CubeIDE/plugins/com.st.stm32cube.ide.mcu.externaltools.gnu-tools-for-stm32.12.3.rel1.win32_1.1.0.202410251130/tools/bin/../lib/gcc/arm-none-eabi/12.3.1/thumb/v7e-m+fp/hard/crtbegin.o
                0x08003bec                        PROVIDE (__init_array_end = .)
                0x08003bec                        . = ALIGN (0x4)

.fini_array     0x08003bec        0x4
                0x08003bec                        . = ALIGN (0x4)
                [!provide]                        PROVIDE (__fini_array_start = .)
 *(SORT_BY_NAME(.fini_array.*))
 *(.fini_array*)
 .fini_array    0x08003bec        0x4 C:/ST/STM32CubeIDE_1.17.0/STM32CubeIDE/plugins/com.st.stm32cube.ide.mcu.externaltools.gnu-tools-for-stm32.12.3.rel1.win32_1.1.0.202410251130/tools/bin/../lib/gcc/arm-none-eabi/12.3.1/thumb/v7e-m+fp/hard/crtbegin.o
                [!provide]                        PROVIDE (__fini_array_end = .)
                0x08003bf0                        . = ALIGN (0x4)
                0x08003bf0                        _sidata = LOADADDR (.data)

.rel.dyn        0x08003bf0        0x0
 .rel.iplt      0x08003bf0        0x0 C:/ST/STM32CubeIDE_1.17.0/STM32CubeIDE/plugins/com.st.stm32cube.ide.mcu.externaltools.gnu-tools-for-stm32.12.3.rel1.win32_1.1.0.202410251130/tools/bin/../lib/gcc/arm-none-eabi/12.3.1/thumb/v7e-m+fp/hard/crtbegin.o

.data           0x20000000       0x10 load address 0x08003bf0
                0x20000000                        . = ALIGN (0x4)
                0x20000000                        _sdata = .
 *(.data)
 *(.data*)
 .data.backlight_state
                0x20000000        0x1 ./Core/Src/main.o
                0x20000000                backlight_state
 *fill*         0x20000001        0x3 
 .data.SystemCoreClock
                0x20000004        0x4 ./Core/Src/system_stm32l4xx.o
                0x20000004                SystemCoreClock
 .data.uwTickPrio
                0x20000008        0x4 ./Drivers/STM32L4xx_HAL_Driver/Src/stm32l4xx_hal.o
                0x20000008                uwTickPrio
 .data.uwTickFreq
                0x2000000c        0x1 ./Drivers/STM32L4xx_HAL_Driver/Src/stm32l4xx_hal.o
                0x2000000c                uwTickFreq
 *(.RamFunc)
 *(.RamFunc*)
                0x20000010                        . = ALIGN (0x4)
 *fill*         0x2000000d        0x3 
                0x20000010                        _edata = .

.igot.plt       0x20000010        0x0 load address 0x08003c00
 .igot.plt      0x20000010        0x0 C:/ST/STM32CubeIDE_1.17.0/STM32CubeIDE/plugins/com.st.stm32cube.ide.mcu.externaltools.gnu-tools-for-stm32.12.3.rel1.win32_1.1.0.202410251130/tools/bin/../lib/gcc/arm-none-eabi/12.3.1/thumb/v7e-m+fp/hard/crtbegin.o
                0x20000010                        . = ALIGN (0x4)

.bss            0x20000010       0xd8 load address 0x08003c00
                0x20000010                        _sbss = .
                0x20000010                        __bss_start__ = _sbss
 *(.bss)
 .bss           0x20000010       0x1c C:/ST/STM32CubeIDE_1.17.0/STM32CubeIDE/plugins/com.st.stm32cube.ide.mcu.externaltools.gnu-tools-for-stm32.12.3.rel1.win32_1.1.0.202410251130/tools/bin/../lib/gcc/arm-none-eabi/12.3.1/thumb/v7e-m+fp/hard/crtbegin.o
 *(.bss*)
 .bss.hi2c1     0x2000002c       0x54 ./Core/Src/main.o
                0x2000002c                hi2c1
 .bss.hspi1     0x20000080       0x64 ./Core/Src/main.o
                0x20000080                hspi1
 .bss.uwTick    0x200000e4        0x4 ./Drivers/STM32L4xx_HAL_Driver/Src/stm32l4xx_hal.o
                0x200000e4                uwTick
 *(COMMON)
                0x200000e8                        . = ALIGN (0x4)
                0x200000e8                        _ebss = .
                0x200000e8                        __bss_end__ = _ebss

._user_heap_stack
                0x200000e8      0x600 load address 0x08003c00
                0x200000e8                        . = ALIGN (0x8)
                [!provide]                        PROVIDE (end = .)
                0x200000e8                        PROVIDE (_end = .)
                0x200002e8                        . = (. + _Min_Heap_Size)
 *fill*         0x200000e8      0x200 
                0x200006e8                        . = (. + _Min_Stack_Size)
 *fill*         0x200002e8      0x400 
                0x200006e8                        . = ALIGN (0x8)

/DISCARD/
 libc.a(*)
 libm.a(*)
 libgcc.a(*)

.ARM.attributes
                0x00000000       0x30
 *(.ARM.attributes)
 .ARM.attributes
                0x00000000       0x22 C:/ST/STM32CubeIDE_1.17.0/STM32CubeIDE/plugins/com.st.stm32cube.ide.mcu.externaltools.gnu-tools-for-stm32.12.3.rel1.win32_1.1.0.202410251130/tools/bin/../lib/gcc/arm-none-eabi/12.3.1/thumb/v7e-m+fp/hard/crti.o
 .ARM.attributes
                0x00000022       0x34 C:/ST/STM32CubeIDE_1.17.0/STM32CubeIDE/plugins/com.st.stm32cube.ide.mcu.externaltools.gnu-tools-for-stm32.12.3.rel1.win32_1.1.0.202410251130/tools/bin/../lib/gcc/arm-none-eabi/12.3.1/thumb/v7e-m+fp/hard/crtbegin.o
 .ARM.attributes
                0x00000056       0x34 ./Core/Src/main.o
 .ARM.attributes
                0x0000008a       0x34 ./Core/Src/stm32l4xx_hal_msp.o
 .ARM.attributes
                0x000000be       0x34 ./Core/Src/stm32l4xx_it.o
 .ARM.attributes
                0x000000f2       0x34 ./Core/Src/system_stm32l4xx.o
 .ARM.attributes
                0x00000126       0x21 ./Core/Startup/startup_stm32l476rgtx.o
 .ARM.attributes
                0x00000147       0x34 ./Drivers/STM32L4xx_HAL_Driver/Src/stm32l4xx_hal.o
 .ARM.attributes
                0x0000017b       0x34 ./Drivers/STM32L4xx_HAL_Driver/Src/stm32l4xx_hal_cortex.o
 .ARM.attributes
                0x000001af       0x34 ./Drivers/STM32L4xx_HAL_Driver/Src/stm32l4xx_hal_gpio.o
 .ARM.attributes
                0x000001e3       0x34 ./Drivers/STM32L4xx_HAL_Driver/Src/stm32l4xx_hal_i2c.o
 .ARM.attributes
                0x00000217       0x34 ./Drivers/STM32L4xx_HAL_Driver/Src/stm32l4xx_hal_i2c_ex.o
 .ARM.attributes
                0x0000024b       0x34 ./Drivers/STM32L4xx_HAL_Driver/Src/stm32l4xx_hal_pwr_ex.o
 .ARM.attributes
                0x0000027f       0x34 ./Drivers/STM32L4xx_HAL_Driver/Src/stm32l4xx_hal_rcc.o
 .ARM.attributes
                0x000002b3       0x34 ./Drivers/STM32L4xx_HAL_Driver/Src/stm32l4xx_hal_rcc_ex.o
 .ARM.attributes
                0x000002e7       0x34 ./Drivers/STM32L4xx_HAL_Driver/Src/stm32l4xx_hal_spi.o
 .ARM.attributes
                0x0000031b       0x34 C:/ST/STM32CubeIDE_1.17.0/STM32CubeIDE/plugins/com.st.stm32cube.ide.mcu.externaltools.gnu-tools-for-stm32.12.3.rel1.win32_1.1.0.202410251130/tools/bin/../lib/gcc/arm-none-eabi/12.3.1/../../../../arm-none-eabi/lib/thumb/v7e-m+fp/hard\libc_nano.a(libc_a-memset.o)
 .ARM.attributes
                0x0000034f       0x34 C:/ST/STM32CubeIDE_1.17.0/STM32CubeIDE/plugins/com.st.stm32cube.ide.mcu.externaltools.gnu-tools-for-stm32.12.3.rel1.win32_1.1.0.202410251130/tools/bin/../lib/gcc/arm-none-eabi/12.3.1/../../../../arm-none-eabi/lib/thumb/v7e-m+fp/hard\libc_nano.a(libc_a-init.o)
 .ARM.attributes
                0x00000383       0x22 C:/ST/STM32CubeIDE_1.17.0/STM32CubeIDE/plugins/com.st.stm32cube.ide.mcu.externaltools.gnu-tools-for-stm32.12.3.rel1.win32_1.1.0.202410251130/tools/bin/../lib/gcc/arm-none-eabi/12.3.1/thumb/v7e-m+fp/hard/crtn.o
OUTPUT(Lab11_Part3-Animation.elf elf32-littlearm)
LOAD linker stubs
LOAD C:/ST/STM32CubeIDE_1.17.0/STM32CubeIDE/plugins/com.st.stm32cube.ide.mcu.externaltools.gnu-tools-for-stm32.12.3.rel1.win32_1.1.0.202410251130/tools/bin/../lib/gcc/arm-none-eabi/12.3.1/../../../../arm-none-eabi/lib/thumb/v7e-m+fp/hard\libc.a
LOAD C:/ST/STM32CubeIDE_1.17.0/STM32CubeIDE/plugins/com.st.stm32cube.ide.mcu.externaltools.gnu-tools-for-stm32.12.3.rel1.win32_1.1.0.202410251130/tools/bin/../lib/gcc/arm-none-eabi/12.3.1/../../../../arm-none-eabi/lib/thumb/v7e-m+fp/hard\libm.a
LOAD C:/ST/STM32CubeIDE_1.17.0/STM32CubeIDE/plugins/com.st.stm32cube.ide.mcu.externaltools.gnu-tools-for-stm32.12.3.rel1.win32_1.1.0.202410251130/tools/bin/../lib/gcc/arm-none-eabi/12.3.1/thumb/v7e-m+fp/hard\libgcc.a

.debug_info     0x00000000     0xb0c5
 .debug_info    0x00000000     0x15cf ./Core/Src/main.o
 .debug_info    0x000015cf      0xf95 ./Core/Src/stm32l4xx_hal_msp.o
 .debug_info    0x00002564      0x14c ./Core/Src/stm32l4xx_it.o
 .debug_info    0x000026b0      0x5b1 ./Core/Src/system_stm32l4xx.o
 .debug_info    0x00002c61       0x30 ./Core/Startup/startup_stm32l476rgtx.o
 .debug_info    0x00002c91      0xc09 ./Drivers/STM32L4xx_HAL_Driver/Src/stm32l4xx_hal.o
 .debug_info    0x0000389a      0xd81 ./Drivers/STM32L4xx_HAL_Driver/Src/stm32l4xx_hal_cortex.o
 .debug_info    0x0000461b      0x757 ./Drivers/STM32L4xx_HAL_Driver/Src/stm32l4xx_hal_gpio.o
 .debug_info    0x00004d72     0x20d2 ./Drivers/STM32L4xx_HAL_Driver/Src/stm32l4xx_hal_i2c.o
 .debug_info    0x00006e44      0x975 ./Drivers/STM32L4xx_HAL_Driver/Src/stm32l4xx_hal_i2c_ex.o
 .debug_info    0x000077b9      0x99e ./Drivers/STM32L4xx_HAL_Driver/Src/stm32l4xx_hal_pwr_ex.o
 .debug_info    0x00008157      0xc14 ./Drivers/STM32L4xx_HAL_Driver/Src/stm32l4xx_hal_rcc.o
 .debug_info    0x00008d6b      0xe11 ./Drivers/STM32L4xx_HAL_Driver/Src/stm32l4xx_hal_rcc_ex.o
 .debug_info    0x00009b7c     0x1549 ./Drivers/STM32L4xx_HAL_Driver/Src/stm32l4xx_hal_spi.o

.debug_abbrev   0x00000000     0x1c55
 .debug_abbrev  0x00000000      0x381 ./Core/Src/main.o
 .debug_abbrev  0x00000381      0x1de ./Core/Src/stm32l4xx_hal_msp.o
 .debug_abbrev  0x0000055f       0xa0 ./Core/Src/stm32l4xx_it.o
 .debug_abbrev  0x000005ff      0x11a ./Core/Src/system_stm32l4xx.o
 .debug_abbrev  0x00000719       0x24 ./Core/Startup/startup_stm32l476rgtx.o
 .debug_abbrev  0x0000073d      0x243 ./Drivers/STM32L4xx_HAL_Driver/Src/stm32l4xx_hal.o
 .debug_abbrev  0x00000980      0x31c ./Drivers/STM32L4xx_HAL_Driver/Src/stm32l4xx_hal_cortex.o
 .debug_abbrev  0x00000c9c      0x1cb ./Drivers/STM32L4xx_HAL_Driver/Src/stm32l4xx_hal_gpio.o
 .debug_abbrev  0x00000e67      0x261 ./Drivers/STM32L4xx_HAL_Driver/Src/stm32l4xx_hal_i2c.o
 .debug_abbrev  0x000010c8      0x1c3 ./Drivers/STM32L4xx_HAL_Driver/Src/stm32l4xx_hal_i2c_ex.o
 .debug_abbrev  0x0000128b      0x1f9 ./Drivers/STM32L4xx_HAL_Driver/Src/stm32l4xx_hal_pwr_ex.o
 .debug_abbrev  0x00001484      0x2cb ./Drivers/STM32L4xx_HAL_Driver/Src/stm32l4xx_hal_rcc.o
 .debug_abbrev  0x0000174f      0x2a6 ./Drivers/STM32L4xx_HAL_Driver/Src/stm32l4xx_hal_rcc_ex.o
 .debug_abbrev  0x000019f5      0x260 ./Drivers/STM32L4xx_HAL_Driver/Src/stm32l4xx_hal_spi.o

.debug_aranges  0x00000000      0xbf0
 .debug_aranges
                0x00000000       0xd8 ./Core/Src/main.o
 .debug_aranges
                0x000000d8       0x40 ./Core/Src/stm32l4xx_hal_msp.o
 .debug_aranges
                0x00000118       0x68 ./Core/Src/stm32l4xx_it.o
 .debug_aranges
                0x00000180       0x28 ./Core/Src/system_stm32l4xx.o
 .debug_aranges
                0x000001a8       0x28 ./Core/Startup/startup_stm32l476rgtx.o
 .debug_aranges
                0x000001d0      0x130 ./Drivers/STM32L4xx_HAL_Driver/Src/stm32l4xx_hal.o
 .debug_aranges
                0x00000300      0x128 ./Drivers/STM32L4xx_HAL_Driver/Src/stm32l4xx_hal_cortex.o
 .debug_aranges
                0x00000428       0x58 ./Drivers/STM32L4xx_HAL_Driver/Src/stm32l4xx_hal_gpio.o
 .debug_aranges
                0x00000480      0x2a0 ./Drivers/STM32L4xx_HAL_Driver/Src/stm32l4xx_hal_i2c.o
 .debug_aranges
                0x00000720       0x48 ./Drivers/STM32L4xx_HAL_Driver/Src/stm32l4xx_hal_i2c_ex.o
 .debug_aranges
                0x00000768      0x160 ./Drivers/STM32L4xx_HAL_Driver/Src/stm32l4xx_hal_pwr_ex.o
 .debug_aranges
                0x000008c8       0x90 ./Drivers/STM32L4xx_HAL_Driver/Src/stm32l4xx_hal_rcc.o
 .debug_aranges
                0x00000958       0xc0 ./Drivers/STM32L4xx_HAL_Driver/Src/stm32l4xx_hal_rcc_ex.o
 .debug_aranges
                0x00000a18      0x1d8 ./Drivers/STM32L4xx_HAL_Driver/Src/stm32l4xx_hal_spi.o

.debug_rnglists
                0x00000000      0x924
 .debug_rnglists
                0x00000000       0xa3 ./Core/Src/main.o
 .debug_rnglists
                0x000000a3       0x2d ./Core/Src/stm32l4xx_hal_msp.o
 .debug_rnglists
                0x000000d0       0x49 ./Core/Src/stm32l4xx_it.o
 .debug_rnglists
                0x00000119       0x1a ./Core/Src/system_stm32l4xx.o
 .debug_rnglists
                0x00000133       0x19 ./Core/Startup/startup_stm32l476rgtx.o
 .debug_rnglists
                0x0000014c       0xdf ./Drivers/STM32L4xx_HAL_Driver/Src/stm32l4xx_hal.o
 .debug_rnglists
                0x0000022b       0xda ./Drivers/STM32L4xx_HAL_Driver/Src/stm32l4xx_hal_cortex.o
 .debug_rnglists
                0x00000305       0x3f ./Drivers/STM32L4xx_HAL_Driver/Src/stm32l4xx_hal_gpio.o
 .debug_rnglists
                0x00000344      0x228 ./Drivers/STM32L4xx_HAL_Driver/Src/stm32l4xx_hal_i2c.o
 .debug_rnglists
                0x0000056c       0x35 ./Drivers/STM32L4xx_HAL_Driver/Src/stm32l4xx_hal_i2c_ex.o
 .debug_rnglists
                0x000005a1      0x109 ./Drivers/STM32L4xx_HAL_Driver/Src/stm32l4xx_hal_pwr_ex.o
 .debug_rnglists
                0x000006aa       0x6d ./Drivers/STM32L4xx_HAL_Driver/Src/stm32l4xx_hal_rcc.o
 .debug_rnglists
                0x00000717       0x95 ./Drivers/STM32L4xx_HAL_Driver/Src/stm32l4xx_hal_rcc_ex.o
 .debug_rnglists
                0x000007ac      0x178 ./Drivers/STM32L4xx_HAL_Driver/Src/stm32l4xx_hal_spi.o

.debug_macro    0x00000000    0x25277
 .debug_macro   0x00000000      0x247 ./Core/Src/main.o
 .debug_macro   0x00000247      0xab4 ./Core/Src/main.o
 .debug_macro   0x00000cfb      0x1a7 ./Core/Src/main.o
 .debug_macro   0x00000ea2       0x2e ./Core/Src/main.o
 .debug_macro   0x00000ed0       0x28 ./Core/Src/main.o
 .debug_macro   0x00000ef8       0x22 ./Core/Src/main.o
 .debug_macro   0x00000f1a       0x8e ./Core/Src/main.o
 .debug_macro   0x00000fa8       0x51 ./Core/Src/main.o
 .debug_macro   0x00000ff9      0x103 ./Core/Src/main.o
 .debug_macro   0x000010fc       0x6a ./Core/Src/main.o
 .debug_macro   0x00001166      0x1df ./Core/Src/main.o
 .debug_macro   0x00001345       0x1c ./Core/Src/main.o
 .debug_macro   0x00001361       0x22 ./Core/Src/main.o
 .debug_macro   0x00001383       0xfb ./Core/Src/main.o
 .debug_macro   0x0000147e     0x1011 ./Core/Src/main.o
 .debug_macro   0x0000248f      0x11f ./Core/Src/main.o
 .debug_macro   0x000025ae    0x1a17a ./Core/Src/main.o
 .debug_macro   0x0001c728       0x6d ./Core/Src/main.o
 .debug_macro   0x0001c795     0x38fb ./Core/Src/main.o
 .debug_macro   0x00020090      0x189 ./Core/Src/main.o
 .debug_macro   0x00020219       0x5c ./Core/Src/main.o
 .debug_macro   0x00020275     0x159e ./Core/Src/main.o
 .debug_macro   0x00021813      0x5a5 ./Core/Src/main.o
 .debug_macro   0x00021db8      0x1b9 ./Core/Src/main.o
 .debug_macro   0x00021f71      0x18b ./Core/Src/main.o
 .debug_macro   0x000220fc      0x26b ./Core/Src/main.o
 .debug_macro   0x00022367      0x23d ./Core/Src/main.o
 .debug_macro   0x000225a4      0x241 ./Core/Src/main.o
 .debug_macro   0x000227e5      0x37c ./Core/Src/main.o
 .debug_macro   0x00022b61       0xd6 ./Core/Src/main.o
 .debug_macro   0x00022c37      0x22c ./Core/Src/main.o
 .debug_macro   0x00022e63       0x61 ./Core/Src/main.o
 .debug_macro   0x00022ec4       0xa5 ./Core/Src/main.o
 .debug_macro   0x00022f69      0x122 ./Core/Src/main.o
 .debug_macro   0x0002308b      0x3ef ./Core/Src/main.o
 .debug_macro   0x0002347a      0x2fe ./Core/Src/main.o
 .debug_macro   0x00023778      0x330 ./Core/Src/main.o
 .debug_macro   0x00023aa8       0x9a ./Core/Src/main.o
 .debug_macro   0x00023b42      0x1d5 ./Core/Src/stm32l4xx_hal_msp.o
 .debug_macro   0x00023d17      0x1df ./Core/Src/stm32l4xx_it.o
 .debug_macro   0x00023ef6      0x1c6 ./Core/Src/system_stm32l4xx.o
 .debug_macro   0x000240bc      0x214 ./Drivers/STM32L4xx_HAL_Driver/Src/stm32l4xx_hal.o
 .debug_macro   0x000242d0      0x1c6 ./Drivers/STM32L4xx_HAL_Driver/Src/stm32l4xx_hal_cortex.o
 .debug_macro   0x00024496      0x1cd ./Drivers/STM32L4xx_HAL_Driver/Src/stm32l4xx_hal_gpio.o
 .debug_macro   0x00024663      0x292 ./Drivers/STM32L4xx_HAL_Driver/Src/stm32l4xx_hal_i2c.o
 .debug_macro   0x000248f5      0x1c6 ./Drivers/STM32L4xx_HAL_Driver/Src/stm32l4xx_hal_i2c_ex.o
 .debug_macro   0x00024abb      0x1ea ./Drivers/STM32L4xx_HAL_Driver/Src/stm32l4xx_hal_pwr_ex.o
 .debug_macro   0x00024ca5      0x208 ./Drivers/STM32L4xx_HAL_Driver/Src/stm32l4xx_hal_rcc.o
 .debug_macro   0x00024ead      0x1fc ./Drivers/STM32L4xx_HAL_Driver/Src/stm32l4xx_hal_rcc_ex.o
 .debug_macro   0x000250a9      0x1ce ./Drivers/STM32L4xx_HAL_Driver/Src/stm32l4xx_hal_spi.o

.debug_line     0x00000000     0xdf1a
 .debug_line    0x00000000      0xcbc ./Core/Src/main.o
 .debug_line    0x00000cbc      0x7f4 ./Core/Src/stm32l4xx_hal_msp.o
 .debug_line    0x000014b0      0x820 ./Core/Src/stm32l4xx_it.o
 .debug_line    0x00001cd0      0x7e0 ./Core/Src/system_stm32l4xx.o
 .debug_line    0x000024b0       0x7a ./Core/Startup/startup_stm32l476rgtx.o
 .debug_line    0x0000252a      0xb3c ./Drivers/STM32L4xx_HAL_Driver/Src/stm32l4xx_hal.o
 .debug_line    0x00003066      0xd04 ./Drivers/STM32L4xx_HAL_Driver/Src/stm32l4xx_hal_cortex.o
 .debug_line    0x00003d6a      0xbc7 ./Drivers/STM32L4xx_HAL_Driver/Src/stm32l4xx_hal_gpio.o
 .debug_line    0x00004931     0x3a6e ./Drivers/STM32L4xx_HAL_Driver/Src/stm32l4xx_hal_i2c.o
 .debug_line    0x0000839f      0x963 ./Drivers/STM32L4xx_HAL_Driver/Src/stm32l4xx_hal_i2c_ex.o
 .debug_line    0x00008d02      0xd2d ./Drivers/STM32L4xx_HAL_Driver/Src/stm32l4xx_hal_pwr_ex.o
 .debug_line    0x00009a2f      0xfb4 ./Drivers/STM32L4xx_HAL_Driver/Src/stm32l4xx_hal_rcc.o
 .debug_line    0x0000a9e3     0x1526 ./Drivers/STM32L4xx_HAL_Driver/Src/stm32l4xx_hal_rcc_ex.o
 .debug_line    0x0000bf09     0x2011 ./Drivers/STM32L4xx_HAL_Driver/Src/stm32l4xx_hal_spi.o

.debug_str      0x00000000    0xe4031
 .debug_str     0x00000000    0xe104b ./Core/Src/main.o
                              0xe14c0 (size before relaxing)
 .debug_str     0x000e104b      0x2fe ./Core/Src/stm32l4xx_hal_msp.o
                              0xe0d8d (size before relaxing)
 .debug_str     0x000e1349       0xf3 ./Core/Src/stm32l4xx_it.o
                              0xe02d0 (size before relaxing)
 .debug_str     0x000e143c       0xf2 ./Core/Src/system_stm32l4xx.o
                              0xe01f7 (size before relaxing)
 .debug_str     0x000e152e       0x44 ./Core/Startup/startup_stm32l476rgtx.o
                                 0xad (size before relaxing)
 .debug_str     0x000e1572      0x69d ./Drivers/STM32L4xx_HAL_Driver/Src/stm32l4xx_hal.o
                              0xe0df6 (size before relaxing)
 .debug_str     0x000e1c0f      0x369 ./Drivers/STM32L4xx_HAL_Driver/Src/stm32l4xx_hal_cortex.o
                              0xe0a70 (size before relaxing)
 .debug_str     0x000e1f78       0xde ./Drivers/STM32L4xx_HAL_Driver/Src/stm32l4xx_hal_gpio.o
                              0xe0370 (size before relaxing)
 .debug_str     0x000e2056      0xded ./Drivers/STM32L4xx_HAL_Driver/Src/stm32l4xx_hal_i2c.o
                              0xe13f8 (size before relaxing)
 .debug_str     0x000e2e43       0xb8 ./Drivers/STM32L4xx_HAL_Driver/Src/stm32l4xx_hal_i2c_ex.o
                              0xe0704 (size before relaxing)
 .debug_str     0x000e2efb      0x4e3 ./Drivers/STM32L4xx_HAL_Driver/Src/stm32l4xx_hal_pwr_ex.o
                              0xe0752 (size before relaxing)
 .debug_str     0x000e33de      0x33a ./Drivers/STM32L4xx_HAL_Driver/Src/stm32l4xx_hal_rcc.o
                              0xe083d (size before relaxing)
 .debug_str     0x000e3718      0x3bf ./Drivers/STM32L4xx_HAL_Driver/Src/stm32l4xx_hal_rcc_ex.o
                              0xe09b6 (size before relaxing)
 .debug_str     0x000e3ad7      0x55a ./Drivers/STM32L4xx_HAL_Driver/Src/stm32l4xx_hal_spi.o
                              0xe0a12 (size before relaxing)

.comment        0x00000000       0x43
 .comment       0x00000000       0x43 ./Core/Src/main.o
                                 0x44 (size before relaxing)
 .comment       0x00000043       0x44 ./Core/Src/stm32l4xx_hal_msp.o
 .comment       0x00000043       0x44 ./Core/Src/stm32l4xx_it.o
 .comment       0x00000043       0x44 ./Core/Src/system_stm32l4xx.o
 .comment       0x00000043       0x44 ./Drivers/STM32L4xx_HAL_Driver/Src/stm32l4xx_hal.o
 .comment       0x00000043       0x44 ./Drivers/STM32L4xx_HAL_Driver/Src/stm32l4xx_hal_cortex.o
 .comment       0x00000043       0x44 ./Drivers/STM32L4xx_HAL_Driver/Src/stm32l4xx_hal_gpio.o
 .comment       0x00000043       0x44 ./Drivers/STM32L4xx_HAL_Driver/Src/stm32l4xx_hal_i2c.o
 .comment       0x00000043       0x44 ./Drivers/STM32L4xx_HAL_Driver/Src/stm32l4xx_hal_i2c_ex.o
 .comment       0x00000043       0x44 ./Drivers/STM32L4xx_HAL_Driver/Src/stm32l4xx_hal_pwr_ex.o
 .comment       0x00000043       0x44 ./Drivers/STM32L4xx_HAL_Driver/Src/stm32l4xx_hal_rcc.o
 .comment       0x00000043       0x44 ./Drivers/STM32L4xx_HAL_Driver/Src/stm32l4xx_hal_rcc_ex.o
 .comment       0x00000043       0x44 ./Drivers/STM32L4xx_HAL_Driver/Src/stm32l4xx_hal_spi.o

.debug_frame    0x00000000     0x30c8
 .debug_frame   0x00000000      0x338 ./Core/Src/main.o
 .debug_frame   0x00000338       0xcc ./Core/Src/stm32l4xx_hal_msp.o
 .debug_frame   0x00000404      0x120 ./Core/Src/stm32l4xx_it.o
 .debug_frame   0x00000524       0x58 ./Core/Src/system_stm32l4xx.o
 .debug_frame   0x0000057c      0x498 ./Drivers/STM32L4xx_HAL_Driver/Src/stm32l4xx_hal.o
 .debug_frame   0x00000a14      0x4e8 ./Drivers/STM32L4xx_HAL_Driver/Src/stm32l4xx_hal_cortex.o
 .debug_frame   0x00000efc      0x14c ./Drivers/STM32L4xx_HAL_Driver/Src/stm32l4xx_hal_gpio.o
 .debug_frame   0x00001048      0xc38 ./Drivers/STM32L4xx_HAL_Driver/Src/stm32l4xx_hal_i2c.o
 .debug_frame   0x00001c80      0x100 ./Drivers/STM32L4xx_HAL_Driver/Src/stm32l4xx_hal_i2c_ex.o
 .debug_frame   0x00001d80      0x584 ./Drivers/STM32L4xx_HAL_Driver/Src/stm32l4xx_hal_pwr_ex.o
 .debug_frame   0x00002304      0x21c ./Drivers/STM32L4xx_HAL_Driver/Src/stm32l4xx_hal_rcc.o
 .debug_frame   0x00002520      0x2fc ./Drivers/STM32L4xx_HAL_Driver/Src/stm32l4xx_hal_rcc_ex.o
 .debug_frame   0x0000281c      0x860 ./Drivers/STM32L4xx_HAL_Driver/Src/stm32l4xx_hal_spi.o
 .debug_frame   0x0000307c       0x20 C:/ST/STM32CubeIDE_1.17.0/STM32CubeIDE/plugins/com.st.stm32cube.ide.mcu.externaltools.gnu-tools-for-stm32.12.3.rel1.win32_1.1.0.202410251130/tools/bin/../lib/gcc/arm-none-eabi/12.3.1/../../../../arm-none-eabi/lib/thumb/v7e-m+fp/hard\libc_nano.a(libc_a-memset.o)
 .debug_frame   0x0000309c       0x2c C:/ST/STM32CubeIDE_1.17.0/STM32CubeIDE/plugins/com.st.stm32cube.ide.mcu.externaltools.gnu-tools-for-stm32.12.3.rel1.win32_1.1.0.202410251130/tools/bin/../lib/gcc/arm-none-eabi/12.3.1/../../../../arm-none-eabi/lib/thumb/v7e-m+fp/hard\libc_nano.a(libc_a-init.o)

.debug_line_str
                0x00000000       0x91
 .debug_line_str
                0x00000000       0x91 ./Core/Startup/startup_stm32l476rgtx.o
