14:21:54 **** Incremental Build of configuration Debug for project Lab11_Part3-Animation ****
make -j8 all 
arm-none-eabi-gcc "../Core/Src/main.c" -mcpu=cortex-m4 -std=gnu11 -g3 -DDEBUG -DUSE_HAL_DRIVER -DSTM32L476xx -c -I../Core/Inc -I../Drivers/STM32L4xx_HAL_Driver/Inc -I../Drivers/STM32L4xx_HAL_Driver/Inc/Legacy -I../Drivers/CMSIS/Device/ST/STM32L4xx/Include -I../Drivers/CMSIS/Include -O0 -ffunction-sections -fdata-sections -Wall -fstack-usage -fcyclomatic-complexity -MMD -MP -MF"Core/Src/main.d" -MT"Core/Src/main.o" --specs=nano.specs -mfpu=fpv4-sp-d16 -mfloat-abi=hard -mthumb -o "Core/Src/main.o"
arm-none-eabi-gcc -o "Lab11_Part3-Animation.elf" @"objects.list"   -mcpu=cortex-m4 -T"C:\Users\young\OneDrive\Documents\- Hardware Labs\nucleo-stm32\ecen260-stm32\Lab11_Part3-Animation\STM32L476RGTX_FLASH.ld" --specs=nosys.specs -Wl,-Map="Lab11_Part3-Animation.map" -Wl,--gc-sections -static --specs=nano.specs -mfpu=fpv4-sp-d16 -mfloat-abi=hard -mthumb -Wl,--start-group -lc -lm -Wl,--end-group
Finished building target: Lab11_Part3-Animation.elf
 
arm-none-eabi-size  Lab11_Part3-Animation.elf 
arm-none-eabi-objdump -h -S Lab11_Part3-Animation.elf  > "Lab11_Part3-Animation.list"
   text	   data	    bss	    dec	    hex	filename
  15344	     16	   1752	  17112	   42d8	Lab11_Part3-Animation.elf
Finished building: default.size.stdout
 
Finished building: Lab11_Part3-Animation.list
 
