21:08:27 **** Incremental Build of configuration Debug for project Lab4-Running_Testing_ARM_Assembly_Programs ****
make -j8 all 
arm-none-eabi-gcc -mcpu=cortex-m4 -g3 -DDEBUG -c -x assembler-with-cpp -MMD -MP -MF"Src/main.d" -MT"Src/main.o" --specs=nano.specs -mfpu=fpv4-sp-d16 -mfloat-abi=hard -mthumb -o "Src/main.o" "../Src/main.s"
arm-none-eabi-gcc "../Src/syscalls.c" -mcpu=cortex-m4 -std=gnu11 -g3 -DDEBUG -DSTM32L4 -DSTM32 -DNUCLEO_L476RG -DSTM32L476RGTx -c -I../Inc -O0 -ffunction-sections -fdata-sections -Wall -fstack-usage -fcyclomatic-complexity -MMD -MP -MF"Src/syscalls.d" -MT"Src/syscalls.o" --specs=nano.specs -mfpu=fpv4-sp-d16 -mfloat-abi=hard -mthumb -o "Src/syscalls.o"
arm-none-eabi-gcc "../Src/sysmem.c" -mcpu=cortex-m4 -std=gnu11 -g3 -DDEBUG -DSTM32L4 -DSTM32 -DNUCLEO_L476RG -DSTM32L476RGTx -c -I../Inc -O0 -ffunction-sections -fdata-sections -Wall -fstack-usage -fcyclomatic-complexity -MMD -MP -MF"Src/sysmem.d" -MT"Src/sysmem.o" --specs=nano.specs -mfpu=fpv4-sp-d16 -mfloat-abi=hard -mthumb -o "Src/sysmem.o"
arm-none-eabi-gcc -o "Lab4-Running_Testing_ARM_Assembly_Programs.elf" @"objects.list"   -mcpu=cortex-m4 -T"C:\Users\young\OneDrive\Documents\- Hardware Labs\nucleo-stm32\ecen260-stm32\Lab4-Running_Testing_ARM_Assembly_Programs\STM32L476RGTX_FLASH.ld" --specs=nosys.specs -Wl,-Map="Lab4-Running_Testing_ARM_Assembly_Programs.map" -Wl,--gc-sections -static --specs=nano.specs -mfpu=fpv4-sp-d16 -mfloat-abi=hard -mthumb -Wl,--start-group -lc -lm -Wl,--end-group
C:/ST/STM32CubeIDE_1.17.0/STM32CubeIDE/plugins/com.st.stm32cube.ide.mcu.externaltools.gnu-tools-for-stm32.12.3.rel1.win32_1.1.0.202410251130/tools/bin/../lib/gcc/arm-none-eabi/12.3.1/../../../../arm-none-eabi/bin/ld.exe: warning: cannot find entry symbol Reset_Handler; defaulting to 08000000
Finished building target: Lab4-Running_Testing_ARM_Assembly_Programs.elf
 
arm-none-eabi-size  Lab4-Running_Testing_ARM_Assembly_Programs.elf 
arm-none-eabi-objdump -h -S Lab4-Running_Testing_ARM_Assembly_Programs.elf  > "Lab4-Running_Testing_ARM_Assembly_Programs.list"
   text	   data	    bss	    dec	    hex	filename
     96	      0	   1568	   1664	    680	Lab4-Running_Testing_ARM_Assembly_Programs.elf
Finished building: default.size.stdout
 
Finished building: Lab4-Running_Testing_ARM_Assembly_Programs.list
 

21:08:28 Build Finished. 0 errors, 1 warnings. (took 1s.278ms)

