20:17:09 **** Build of configuration Debug for project Lab5 ****
make -j8 all 
arm-none-eabi-gcc -o "Lab5.elf" @"objects.list"   -mcpu=cortex-m4 -T"C:\Users\young\OneDrive\Documents\Code\C\ecen260-stm32\Lab5\STM32L476RGTX_FLASH.ld" --specs=nosys.specs -Wl,-Map="Lab5.map" -Wl,--gc-sections -static --specs=nano.specs -mfpu=fpv4-sp-d16 -mfloat-abi=hard -mthumb -Wl,--start-group -lc -lm -Wl,--end-group
Finished building target: Lab5.elf
 
arm-none-eabi-size  Lab5.elf 
arm-none-eabi-objdump -h -S Lab5.elf  > "Lab5.list"
   text	   data	    bss	    dec	    hex	filename
    904	      0	   1568	   2472	    9a8	Lab5.elf
Finished building: default.size.stdout
 
Finished building: Lab5.list
 

20:17:09 Build Finished. 0 errors, 0 warnings. (took 742ms)

