21:08:28 **** Incremental Build of configuration Debug for project Lab5-switch_controlled_LEDs ****
make -j8 all 
arm-none-eabi-gcc -o "Lab5-switch_controlled_LEDs.elf" @"objects.list"   -mcpu=cortex-m4 -T"C:\Users\young\OneDrive\Documents\- Hardware Labs\nucleo-stm32\ecen260-stm32\Lab5-switch_controlled_LEDs\STM32L476RGTX_FLASH.ld" --specs=nosys.specs -Wl,-Map="Lab5-switch_controlled_LEDs.map" -Wl,--gc-sections -static --specs=nano.specs -mfpu=fpv4-sp-d16 -mfloat-abi=hard -mthumb -Wl,--start-group -lc -lm -Wl,--end-group
C:/ST/STM32CubeIDE_1.17.0/STM32CubeIDE/plugins/com.st.stm32cube.ide.mcu.externaltools.gnu-tools-for-stm32.12.3.rel1.win32_1.1.0.202410251130/tools/bin/../lib/gcc/arm-none-eabi/12.3.1/../../../../arm-none-eabi/bin/ld.exe: warning: cannot find entry symbol Reset_Handler; defaulting to 08000000
Finished building target: Lab5-switch_controlled_LEDs.elf
 
arm-none-eabi-size  Lab5-switch_controlled_LEDs.elf 
arm-none-eabi-objdump -h -S Lab5-switch_controlled_LEDs.elf  > "Lab5-switch_controlled_LEDs.list"
   text	   data	    bss	    dec	    hex	filename
     96	      0	   1568	   1664	    680	Lab5-switch_controlled_LEDs.elf
Finished building: default.size.stdout
 
Finished building: Lab5-switch_controlled_LEDs.list
 

21:08:29 Build Finished. 0 errors, 1 warnings. (took 607ms)

