13:53:53 **** Incremental Build of configuration Debug for project Lab8-password_security_system ****
make -j8 all 
arm-none-eabi-gcc "../Core/Src/main.c" -mcpu=cortex-m4 -std=gnu11 -g3 -DDEBUG -DUSE_HAL_DRIVER -DSTM32L476xx -c -I../Core/Inc -I../Drivers/STM32L4xx_HAL_Driver/Inc -I../Drivers/STM32L4xx_HAL_Driver/Inc/Legacy -I../Drivers/CMSIS/Device/ST/STM32L4xx/Include -I../Drivers/CMSIS/Include -O0 -ffunction-sections -fdata-sections -Wall -fstack-usage -fcyclomatic-complexity -MMD -MP -MF"Core/Src/main.d" -MT"Core/Src/main.o" --specs=nano.specs -mfpu=fpv4-sp-d16 -mfloat-abi=hard -mthumb -o "Core/Src/main.o"
../Core/Src/main.c: In function 'keypad_decode':
../Core/Src/main.c:498:14: warning: assignment to 'unsigned char' from 'char *' makes integer from pointer without a cast [-Wint-conversion]
  498 |          key = "*";
      |              ^
../Core/Src/main.c:504:14: warning: assignment to 'unsigned char' from 'char *' makes integer from pointer without a cast [-Wint-conversion]
  504 |          key = "#";
      |              ^
arm-none-eabi-gcc -o "Lab8-password_security_system.elf" @"objects.list"   -mcpu=cortex-m4 -T"C:\Users\young\OneDrive\Documents\- Hardware Labs\nucleo-stm32\ecen260-stm32\Lab8-password_security_system\STM32L476RGTX_FLASH.ld" --specs=nosys.specs -Wl,-Map="Lab8-password_security_system.map" -Wl,--gc-sections -static --specs=nano.specs -mfpu=fpv4-sp-d16 -mfloat-abi=hard -mthumb -Wl,--start-group -lc -lm -Wl,--end-group
Finished building target: Lab8-password_security_system.elf
 
arm-none-eabi-size  Lab8-password_security_system.elf 
arm-none-eabi-objdump -h -S Lab8-password_security_system.elf  > "Lab8-password_security_system.list"
   text	   data	    bss	    dec	    hex	filename
   7796	     12	   1660	   9468	   24fc	Lab8-password_security_system.elf
Finished building: default.size.stdout
 
Finished building: Lab8-password_security_system.list
 

13:53:55 Build Finished. 0 errors, 2 warnings. (took 1s.891ms)

