14:03:45 **** Build of configuration Debug for project MyDrivers ****
make -j8 all 
arm-none-eabi-gcc "../Src/drivers.c" -mcpu=cortex-m4 -std=gnu11 -g3 -DDEBUG -DSTM32L4 -DSTM32 -DNUCLEO_L476RG -DSTM32L476RGTx -c -I../Inc -O0 -ffunction-sections -fdata-sections -Wall -fstack-usage -fcyclomatic-complexity -MMD -MP -MF"Src/drivers.d" -MT"Src/drivers.o" --specs=nano.specs -mfpu=fpv4-sp-d16 -mfloat-abi=hard -mthumb -o "Src/drivers.o"
arm-none-eabi-gcc "../Src/main.c" -mcpu=cortex-m4 -std=gnu11 -g3 -DDEBUG -DSTM32L4 -DSTM32 -DNUCLEO_L476RG -DSTM32L476RGTx -c -I../Inc -O0 -ffunction-sections -fdata-sections -Wall -fstack-usage -fcyclomatic-complexity -MMD -MP -MF"Src/main.d" -MT"Src/main.o" --specs=nano.specs -mfpu=fpv4-sp-d16 -mfloat-abi=hard -mthumb -o "Src/main.o"
arm-none-eabi-gcc -o "MyDrivers.elf" @"objects.list"   -mcpu=cortex-m4 -T"C:\Users\young\OneDrive\Documents\- Hardware Labs\nucleo-stm32\ecen260-stm32\MyDrivers\STM32L476RGTX_FLASH.ld" --specs=nosys.specs -Wl,-Map="MyDrivers.map" -Wl,--gc-sections -static --specs=nano.specs -mfpu=fpv4-sp-d16 -mfloat-abi=hard -mthumb -Wl,--start-group -lc -lm -Wl,--end-group
Finished building target: MyDrivers.elf
 
arm-none-eabi-size  MyDrivers.elf 
arm-none-eabi-objdump -h -S MyDrivers.elf  > "MyDrivers.list"
   text	   data	    bss	    dec	    hex	filename
   1568	      0	   1568	   3136	    c40	MyDrivers.elf
Finished building: default.size.stdout
 
Finished building: MyDrivers.list
 

14:03:46 Build Finished. 0 errors, 0 warnings. (took 1s.245ms)

