14:03:49 **** Build of configuration Debug for project transmitter_demo ****
make -j8 all 
arm-none-eabi-gcc "../Core/Src/main.c" -mcpu=cortex-m4 -std=gnu11 -g3 -DDEBUG -DUSE_HAL_DRIVER -DSTM32L476xx -c -I../Core/Inc -I../Drivers/STM32L4xx_HAL_Driver/Inc -I../Drivers/STM32L4xx_HAL_Driver/Inc/Legacy -I../Drivers/CMSIS/Device/ST/STM32L4xx/Include -I../Drivers/CMSIS/Include -O0 -ffunction-sections -fdata-sections -Wall -fstack-usage -fcyclomatic-complexity -MMD -MP -MF"Core/Src/main.d" -MT"Core/Src/main.o" --specs=nano.specs -mfpu=fpv4-sp-d16 -mfloat-abi=hard -mthumb -o "Core/Src/main.o"
arm-none-eabi-gcc -o "transmitter_demo.elf" @"objects.list"   -mcpu=cortex-m4 -T"C:\Users\young\OneDrive\Documents\- Hardware Labs\nucleo-stm32\ecen260-stm32\transmitter_demo\STM32L476RGTX_FLASH.ld" --specs=nosys.specs -Wl,-Map="transmitter_demo.map" -Wl,--gc-sections -static --specs=nano.specs -mfpu=fpv4-sp-d16 -mfloat-abi=hard -mthumb -Wl,--start-group -lc -lm -Wl,--end-group
Finished building target: transmitter_demo.elf
 
arm-none-eabi-size  transmitter_demo.elf 
arm-none-eabi-objdump -h -S transmitter_demo.elf  > "transmitter_demo.list"
   text	   data	    bss	    dec	    hex	filename
  12420	     12	   1708	  14140	   373c	transmitter_demo.elf
Finished building: default.size.stdout
 
Finished building: transmitter_demo.list
 

14:03:52 Build Finished. 0 errors, 0 warnings. (took 2s.889ms)

